2026-01-28 21:42:43,408 - INFO:Deleting src/sentinel_protobuf/__init__.py
2026-01-28 21:42:43,408 - INFO:Deleting src/sentinel_protobuf/__init__.pyi
2026-01-28 21:42:43,408 - INFO:Deleting src/sentinel_protobuf/cosmos/__init__.py
2026-01-28 21:42:43,408 - INFO:Deleting src/sentinel_protobuf/cosmos/__init__.pyi
2026-01-28 21:42:43,408 - INFO:Deleting src/sentinel_protobuf/cosmos/gov/__init__.py
2026-01-28 21:42:43,409 - INFO:Deleting src/sentinel_protobuf/cosmos/gov/__init__.pyi
2026-01-28 21:42:43,409 - INFO:Deleting src/sentinel_protobuf/cosmos/gov/module/__init__.py
2026-01-28 21:42:43,409 - INFO:Deleting src/sentinel_protobuf/cosmos/gov/module/__init__.pyi
2026-01-28 21:42:43,409 - INFO:Deleting src/sentinel_protobuf/cosmos/gov/module/v1/module_pb2.py
2026-01-28 21:42:43,409 - INFO:Deleting src/sentinel_protobuf/cosmos/gov/module/v1/__init__.py
2026-01-28 21:42:43,409 - INFO:Deleting src/sentinel_protobuf/cosmos/gov/module/v1/__init__.pyi
2026-01-28 21:42:43,410 - INFO:Deleting src/sentinel_protobuf/cosmos/gov/module/v1/module_pb2.pyi
2026-01-28 21:42:43,410 - INFO:Deleting src/sentinel_protobuf/cosmos/gov/v1/query_pb2_grpc.py
2026-01-28 21:42:43,410 - INFO:Deleting src/sentinel_protobuf/cosmos/gov/v1/tx_pb2.py
2026-01-28 21:42:43,410 - INFO:Deleting src/sentinel_protobuf/cosmos/gov/v1/genesis_pb2.pyi
2026-01-28 21:42:43,410 - INFO:Deleting src/sentinel_protobuf/cosmos/gov/v1/gov_pb2.py
2026-01-28 21:42:43,410 - INFO:Deleting src/sentinel_protobuf/cosmos/gov/v1/__init__.py
2026-01-28 21:42:43,410 - INFO:Deleting src/sentinel_protobuf/cosmos/gov/v1/query_pb2.py
2026-01-28 21:42:43,410 - INFO:Deleting src/sentinel_protobuf/cosmos/gov/v1/__init__.pyi
2026-01-28 21:42:43,410 - INFO:Deleting src/sentinel_protobuf/cosmos/gov/v1/gov_pb2.pyi
2026-01-28 21:42:43,410 - INFO:Deleting src/sentinel_protobuf/cosmos/gov/v1/query_pb2.pyi
2026-01-28 21:42:43,410 - INFO:Deleting src/sentinel_protobuf/cosmos/gov/v1/genesis_pb2.py
2026-01-28 21:42:43,411 - INFO:Deleting src/sentinel_protobuf/cosmos/gov/v1/tx_pb2.pyi
2026-01-28 21:42:43,411 - INFO:Deleting src/sentinel_protobuf/cosmos/gov/v1beta1/query_pb2_grpc.py
2026-01-28 21:42:43,411 - INFO:Deleting src/sentinel_protobuf/cosmos/gov/v1beta1/tx_pb2.py
2026-01-28 21:42:43,411 - INFO:Deleting src/sentinel_protobuf/cosmos/gov/v1beta1/genesis_pb2.pyi
2026-01-28 21:42:43,411 - INFO:Deleting src/sentinel_protobuf/cosmos/gov/v1beta1/gov_pb2.py
2026-01-28 21:42:43,411 - INFO:Deleting src/sentinel_protobuf/cosmos/gov/v1beta1/__init__.py
2026-01-28 21:42:43,411 - INFO:Deleting src/sentinel_protobuf/cosmos/gov/v1beta1/query_pb2.py
2026-01-28 21:42:43,411 - INFO:Deleting src/sentinel_protobuf/cosmos/gov/v1beta1/__init__.pyi
2026-01-28 21:42:43,411 - INFO:Deleting src/sentinel_protobuf/cosmos/gov/v1beta1/gov_pb2.pyi
2026-01-28 21:42:43,411 - INFO:Deleting src/sentinel_protobuf/cosmos/gov/v1beta1/query_pb2.pyi
2026-01-28 21:42:43,411 - INFO:Deleting src/sentinel_protobuf/cosmos/gov/v1beta1/genesis_pb2.py
2026-01-28 21:42:43,411 - INFO:Deleting src/sentinel_protobuf/cosmos/gov/v1beta1/tx_pb2.pyi
2026-01-28 21:42:43,412 - INFO:Deleting src/sentinel_protobuf/cosmos/auth/__init__.py
2026-01-28 21:42:43,412 - INFO:Deleting src/sentinel_protobuf/cosmos/auth/__init__.pyi
2026-01-28 21:42:43,412 - INFO:Deleting src/sentinel_protobuf/cosmos/auth/module/__init__.py
2026-01-28 21:42:43,412 - INFO:Deleting src/sentinel_protobuf/cosmos/auth/module/__init__.pyi
2026-01-28 21:42:43,412 - INFO:Deleting src/sentinel_protobuf/cosmos/auth/module/v1/module_pb2.py
2026-01-28 21:42:43,412 - INFO:Deleting src/sentinel_protobuf/cosmos/auth/module/v1/__init__.py
2026-01-28 21:42:43,412 - INFO:Deleting src/sentinel_protobuf/cosmos/auth/module/v1/__init__.pyi
2026-01-28 21:42:43,412 - INFO:Deleting src/sentinel_protobuf/cosmos/auth/module/v1/module_pb2.pyi
2026-01-28 21:42:43,412 - INFO:Deleting src/sentinel_protobuf/cosmos/auth/v1beta1/query_pb2_grpc.py
2026-01-28 21:42:43,412 - INFO:Deleting src/sentinel_protobuf/cosmos/auth/v1beta1/auth_pb2.py
2026-01-28 21:42:43,413 - INFO:Deleting src/sentinel_protobuf/cosmos/auth/v1beta1/auth_pb2.pyi
2026-01-28 21:42:43,413 - INFO:Deleting src/sentinel_protobuf/cosmos/auth/v1beta1/tx_pb2.py
2026-01-28 21:42:43,413 - INFO:Deleting src/sentinel_protobuf/cosmos/auth/v1beta1/genesis_pb2.pyi
2026-01-28 21:42:43,413 - INFO:Deleting src/sentinel_protobuf/cosmos/auth/v1beta1/__init__.py
2026-01-28 21:42:43,413 - INFO:Deleting src/sentinel_protobuf/cosmos/auth/v1beta1/query_pb2.py
2026-01-28 21:42:43,413 - INFO:Deleting src/sentinel_protobuf/cosmos/auth/v1beta1/__init__.pyi
2026-01-28 21:42:43,413 - INFO:Deleting src/sentinel_protobuf/cosmos/auth/v1beta1/query_pb2.pyi
2026-01-28 21:42:43,413 - INFO:Deleting src/sentinel_protobuf/cosmos/auth/v1beta1/genesis_pb2.py
2026-01-28 21:42:43,413 - INFO:Deleting src/sentinel_protobuf/cosmos/auth/v1beta1/tx_pb2.pyi
2026-01-28 21:42:43,413 - INFO:Deleting src/sentinel_protobuf/cosmos/authz/__init__.py
2026-01-28 21:42:43,413 - INFO:Deleting src/sentinel_protobuf/cosmos/authz/__init__.pyi
2026-01-28 21:42:43,414 - INFO:Deleting src/sentinel_protobuf/cosmos/authz/module/__init__.py
2026-01-28 21:42:43,414 - INFO:Deleting src/sentinel_protobuf/cosmos/authz/module/__init__.pyi
2026-01-28 21:42:43,414 - INFO:Deleting src/sentinel_protobuf/cosmos/authz/module/v1/module_pb2.py
2026-01-28 21:42:43,414 - INFO:Deleting src/sentinel_protobuf/cosmos/authz/module/v1/__init__.py
2026-01-28 21:42:43,414 - INFO:Deleting src/sentinel_protobuf/cosmos/authz/module/v1/__init__.pyi
2026-01-28 21:42:43,414 - INFO:Deleting src/sentinel_protobuf/cosmos/authz/module/v1/module_pb2.pyi
2026-01-28 21:42:43,414 - INFO:Deleting src/sentinel_protobuf/cosmos/authz/v1beta1/query_pb2_grpc.py
2026-01-28 21:42:43,414 - INFO:Deleting src/sentinel_protobuf/cosmos/authz/v1beta1/event_pb2.pyi
2026-01-28 21:42:43,414 - INFO:Deleting src/sentinel_protobuf/cosmos/authz/v1beta1/tx_pb2.py
2026-01-28 21:42:43,414 - INFO:Deleting src/sentinel_protobuf/cosmos/authz/v1beta1/genesis_pb2.pyi
2026-01-28 21:42:43,414 - INFO:Deleting src/sentinel_protobuf/cosmos/authz/v1beta1/__init__.py
2026-01-28 21:42:43,414 - INFO:Deleting src/sentinel_protobuf/cosmos/authz/v1beta1/query_pb2.py
2026-01-28 21:42:43,415 - INFO:Deleting src/sentinel_protobuf/cosmos/authz/v1beta1/__init__.pyi
2026-01-28 21:42:43,415 - INFO:Deleting src/sentinel_protobuf/cosmos/authz/v1beta1/authz_pb2.py
2026-01-28 21:42:43,415 - INFO:Deleting src/sentinel_protobuf/cosmos/authz/v1beta1/query_pb2.pyi
2026-01-28 21:42:43,415 - INFO:Deleting src/sentinel_protobuf/cosmos/authz/v1beta1/authz_pb2.pyi
2026-01-28 21:42:43,415 - INFO:Deleting src/sentinel_protobuf/cosmos/authz/v1beta1/genesis_pb2.py
2026-01-28 21:42:43,415 - INFO:Deleting src/sentinel_protobuf/cosmos/authz/v1beta1/event_pb2.py
2026-01-28 21:42:43,415 - INFO:Deleting src/sentinel_protobuf/cosmos/authz/v1beta1/tx_pb2.pyi
2026-01-28 21:42:43,415 - INFO:Deleting src/sentinel_protobuf/cosmos/slashing/__init__.py
2026-01-28 21:42:43,415 - INFO:Deleting src/sentinel_protobuf/cosmos/slashing/__init__.pyi
2026-01-28 21:42:43,415 - INFO:Deleting src/sentinel_protobuf/cosmos/slashing/module/__init__.py
2026-01-28 21:42:43,415 - INFO:Deleting src/sentinel_protobuf/cosmos/slashing/module/__init__.pyi
2026-01-28 21:42:43,416 - INFO:Deleting src/sentinel_protobuf/cosmos/slashing/module/v1/module_pb2.py
2026-01-28 21:42:43,416 - INFO:Deleting src/sentinel_protobuf/cosmos/slashing/module/v1/__init__.py
2026-01-28 21:42:43,416 - INFO:Deleting src/sentinel_protobuf/cosmos/slashing/module/v1/__init__.pyi
2026-01-28 21:42:43,416 - INFO:Deleting src/sentinel_protobuf/cosmos/slashing/module/v1/module_pb2.pyi
2026-01-28 21:42:43,416 - INFO:Deleting src/sentinel_protobuf/cosmos/slashing/v1beta1/query_pb2_grpc.py
2026-01-28 21:42:43,416 - INFO:Deleting src/sentinel_protobuf/cosmos/slashing/v1beta1/slashing_pb2.py
2026-01-28 21:42:43,416 - INFO:Deleting src/sentinel_protobuf/cosmos/slashing/v1beta1/tx_pb2.py
2026-01-28 21:42:43,416 - INFO:Deleting src/sentinel_protobuf/cosmos/slashing/v1beta1/genesis_pb2.pyi
2026-01-28 21:42:43,416 - INFO:Deleting src/sentinel_protobuf/cosmos/slashing/v1beta1/__init__.py
2026-01-28 21:42:43,416 - INFO:Deleting src/sentinel_protobuf/cosmos/slashing/v1beta1/query_pb2.py
2026-01-28 21:42:43,416 - INFO:Deleting src/sentinel_protobuf/cosmos/slashing/v1beta1/__init__.pyi
2026-01-28 21:42:43,416 - INFO:Deleting src/sentinel_protobuf/cosmos/slashing/v1beta1/query_pb2.pyi
2026-01-28 21:42:43,417 - INFO:Deleting src/sentinel_protobuf/cosmos/slashing/v1beta1/slashing_pb2.pyi
2026-01-28 21:42:43,417 - INFO:Deleting src/sentinel_protobuf/cosmos/slashing/v1beta1/genesis_pb2.py
2026-01-28 21:42:43,417 - INFO:Deleting src/sentinel_protobuf/cosmos/slashing/v1beta1/tx_pb2.pyi
2026-01-28 21:42:43,417 - INFO:Deleting src/sentinel_protobuf/cosmos/staking/__init__.py
2026-01-28 21:42:43,417 - INFO:Deleting src/sentinel_protobuf/cosmos/staking/__init__.pyi
2026-01-28 21:42:43,417 - INFO:Deleting src/sentinel_protobuf/cosmos/staking/module/__init__.py
2026-01-28 21:42:43,417 - INFO:Deleting src/sentinel_protobuf/cosmos/staking/module/__init__.pyi
2026-01-28 21:42:43,417 - INFO:Deleting src/sentinel_protobuf/cosmos/staking/module/v1/module_pb2.py
2026-01-28 21:42:43,417 - INFO:Deleting src/sentinel_protobuf/cosmos/staking/module/v1/__init__.py
2026-01-28 21:42:43,417 - INFO:Deleting src/sentinel_protobuf/cosmos/staking/module/v1/__init__.pyi
2026-01-28 21:42:43,417 - INFO:Deleting src/sentinel_protobuf/cosmos/staking/module/v1/module_pb2.pyi
2026-01-28 21:42:43,418 - INFO:Deleting src/sentinel_protobuf/cosmos/staking/v1beta1/query_pb2_grpc.py
2026-01-28 21:42:43,418 - INFO:Deleting src/sentinel_protobuf/cosmos/staking/v1beta1/tx_pb2.py
2026-01-28 21:42:43,418 - INFO:Deleting src/sentinel_protobuf/cosmos/staking/v1beta1/genesis_pb2.pyi
2026-01-28 21:42:43,418 - INFO:Deleting src/sentinel_protobuf/cosmos/staking/v1beta1/__init__.py
2026-01-28 21:42:43,418 - INFO:Deleting src/sentinel_protobuf/cosmos/staking/v1beta1/staking_pb2.pyi
2026-01-28 21:42:43,418 - INFO:Deleting src/sentinel_protobuf/cosmos/staking/v1beta1/query_pb2.py
2026-01-28 21:42:43,418 - INFO:Deleting src/sentinel_protobuf/cosmos/staking/v1beta1/__init__.pyi
2026-01-28 21:42:43,418 - INFO:Deleting src/sentinel_protobuf/cosmos/staking/v1beta1/authz_pb2.py
2026-01-28 21:42:43,418 - INFO:Deleting src/sentinel_protobuf/cosmos/staking/v1beta1/query_pb2.pyi
2026-01-28 21:42:43,418 - INFO:Deleting src/sentinel_protobuf/cosmos/staking/v1beta1/authz_pb2.pyi
2026-01-28 21:42:43,418 - INFO:Deleting src/sentinel_protobuf/cosmos/staking/v1beta1/genesis_pb2.py
2026-01-28 21:42:43,419 - INFO:Deleting src/sentinel_protobuf/cosmos/staking/v1beta1/staking_pb2.py
2026-01-28 21:42:43,419 - INFO:Deleting src/sentinel_protobuf/cosmos/staking/v1beta1/tx_pb2.pyi
2026-01-28 21:42:43,419 - INFO:Deleting src/sentinel_protobuf/cosmos/bank/__init__.py
2026-01-28 21:42:43,419 - INFO:Deleting src/sentinel_protobuf/cosmos/bank/__init__.pyi
2026-01-28 21:42:43,419 - INFO:Deleting src/sentinel_protobuf/cosmos/bank/module/__init__.py
2026-01-28 21:42:43,419 - INFO:Deleting src/sentinel_protobuf/cosmos/bank/module/__init__.pyi
2026-01-28 21:42:43,419 - INFO:Deleting src/sentinel_protobuf/cosmos/bank/module/v1/module_pb2.py
2026-01-28 21:42:43,419 - INFO:Deleting src/sentinel_protobuf/cosmos/bank/module/v1/__init__.py
2026-01-28 21:42:43,419 - INFO:Deleting src/sentinel_protobuf/cosmos/bank/module/v1/__init__.pyi
2026-01-28 21:42:43,419 - INFO:Deleting src/sentinel_protobuf/cosmos/bank/module/v1/module_pb2.pyi
2026-01-28 21:42:43,419 - INFO:Deleting src/sentinel_protobuf/cosmos/bank/v1beta1/query_pb2_grpc.py
2026-01-28 21:42:43,420 - INFO:Deleting src/sentinel_protobuf/cosmos/bank/v1beta1/bank_pb2.py
2026-01-28 21:42:43,420 - INFO:Deleting src/sentinel_protobuf/cosmos/bank/v1beta1/tx_pb2.py
2026-01-28 21:42:43,420 - INFO:Deleting src/sentinel_protobuf/cosmos/bank/v1beta1/genesis_pb2.pyi
2026-01-28 21:42:43,420 - INFO:Deleting src/sentinel_protobuf/cosmos/bank/v1beta1/__init__.py
2026-01-28 21:42:43,420 - INFO:Deleting src/sentinel_protobuf/cosmos/bank/v1beta1/query_pb2.py
2026-01-28 21:42:43,420 - INFO:Deleting src/sentinel_protobuf/cosmos/bank/v1beta1/__init__.pyi
2026-01-28 21:42:43,420 - INFO:Deleting src/sentinel_protobuf/cosmos/bank/v1beta1/bank_pb2.pyi
2026-01-28 21:42:43,420 - INFO:Deleting src/sentinel_protobuf/cosmos/bank/v1beta1/authz_pb2.py
2026-01-28 21:42:43,420 - INFO:Deleting src/sentinel_protobuf/cosmos/bank/v1beta1/query_pb2.pyi
2026-01-28 21:42:43,420 - INFO:Deleting src/sentinel_protobuf/cosmos/bank/v1beta1/authz_pb2.pyi
2026-01-28 21:42:43,420 - INFO:Deleting src/sentinel_protobuf/cosmos/bank/v1beta1/genesis_pb2.py
2026-01-28 21:42:43,421 - INFO:Deleting src/sentinel_protobuf/cosmos/bank/v1beta1/tx_pb2.pyi
2026-01-28 21:42:43,421 - INFO:Deleting src/sentinel_protobuf/cosmos/msg/__init__.py
2026-01-28 21:42:43,421 - INFO:Deleting src/sentinel_protobuf/cosmos/msg/__init__.pyi
2026-01-28 21:42:43,421 - INFO:Deleting src/sentinel_protobuf/cosmos/msg/v1/__init__.py
2026-01-28 21:42:43,421 - INFO:Deleting src/sentinel_protobuf/cosmos/msg/v1/__init__.pyi
2026-01-28 21:42:43,421 - INFO:Deleting src/sentinel_protobuf/cosmos/msg/v1/msg_pb2.py
2026-01-28 21:42:43,421 - INFO:Deleting src/sentinel_protobuf/cosmos/msg/v1/msg_pb2.pyi
2026-01-28 21:42:43,421 - INFO:Deleting src/sentinel_protobuf/cosmos/autocli/__init__.py
2026-01-28 21:42:43,421 - INFO:Deleting src/sentinel_protobuf/cosmos/autocli/__init__.pyi
2026-01-28 21:42:43,421 - INFO:Deleting src/sentinel_protobuf/cosmos/autocli/v1/options_pb2.py
2026-01-28 21:42:43,421 - INFO:Deleting src/sentinel_protobuf/cosmos/autocli/v1/query_pb2_grpc.py
2026-01-28 21:42:43,422 - INFO:Deleting src/sentinel_protobuf/cosmos/autocli/v1/__init__.py
2026-01-28 21:42:43,422 - INFO:Deleting src/sentinel_protobuf/cosmos/autocli/v1/query_pb2.py
2026-01-28 21:42:43,422 - INFO:Deleting src/sentinel_protobuf/cosmos/autocli/v1/__init__.pyi
2026-01-28 21:42:43,422 - INFO:Deleting src/sentinel_protobuf/cosmos/autocli/v1/options_pb2.pyi
2026-01-28 21:42:43,422 - INFO:Deleting src/sentinel_protobuf/cosmos/autocli/v1/query_pb2.pyi
2026-01-28 21:42:43,422 - INFO:Deleting src/sentinel_protobuf/cosmos/mint/__init__.py
2026-01-28 21:42:43,422 - INFO:Deleting src/sentinel_protobuf/cosmos/mint/__init__.pyi
2026-01-28 21:42:43,422 - INFO:Deleting src/sentinel_protobuf/cosmos/mint/module/__init__.py
2026-01-28 21:42:43,422 - INFO:Deleting src/sentinel_protobuf/cosmos/mint/module/__init__.pyi
2026-01-28 21:42:43,422 - INFO:Deleting src/sentinel_protobuf/cosmos/mint/module/v1/module_pb2.py
2026-01-28 21:42:43,422 - INFO:Deleting src/sentinel_protobuf/cosmos/mint/module/v1/__init__.py
2026-01-28 21:42:43,422 - INFO:Deleting src/sentinel_protobuf/cosmos/mint/module/v1/__init__.pyi
2026-01-28 21:42:43,423 - INFO:Deleting src/sentinel_protobuf/cosmos/mint/module/v1/module_pb2.pyi
2026-01-28 21:42:43,423 - INFO:Deleting src/sentinel_protobuf/cosmos/mint/v1beta1/query_pb2_grpc.py
2026-01-28 21:42:43,423 - INFO:Deleting src/sentinel_protobuf/cosmos/mint/v1beta1/tx_pb2.py
2026-01-28 21:42:43,423 - INFO:Deleting src/sentinel_protobuf/cosmos/mint/v1beta1/genesis_pb2.pyi
2026-01-28 21:42:43,423 - INFO:Deleting src/sentinel_protobuf/cosmos/mint/v1beta1/__init__.py
2026-01-28 21:42:43,423 - INFO:Deleting src/sentinel_protobuf/cosmos/mint/v1beta1/query_pb2.py
2026-01-28 21:42:43,423 - INFO:Deleting src/sentinel_protobuf/cosmos/mint/v1beta1/__init__.pyi
2026-01-28 21:42:43,423 - INFO:Deleting src/sentinel_protobuf/cosmos/mint/v1beta1/mint_pb2.pyi
2026-01-28 21:42:43,423 - INFO:Deleting src/sentinel_protobuf/cosmos/mint/v1beta1/query_pb2.pyi
2026-01-28 21:42:43,423 - INFO:Deleting src/sentinel_protobuf/cosmos/mint/v1beta1/mint_pb2.py
2026-01-28 21:42:43,423 - INFO:Deleting src/sentinel_protobuf/cosmos/mint/v1beta1/genesis_pb2.py
2026-01-28 21:42:43,424 - INFO:Deleting src/sentinel_protobuf/cosmos/mint/v1beta1/tx_pb2.pyi
2026-01-28 21:42:43,424 - INFO:Deleting src/sentinel_protobuf/cosmos/base/__init__.py
2026-01-28 21:42:43,424 - INFO:Deleting src/sentinel_protobuf/cosmos/base/__init__.pyi
2026-01-28 21:42:43,424 - INFO:Deleting src/sentinel_protobuf/cosmos/base/store/__init__.py
2026-01-28 21:42:43,424 - INFO:Deleting src/sentinel_protobuf/cosmos/base/store/__init__.pyi
2026-01-28 21:42:43,424 - INFO:Deleting src/sentinel_protobuf/cosmos/base/store/v1beta1/commit_info_pb2.pyi
2026-01-28 21:42:43,424 - INFO:Deleting src/sentinel_protobuf/cosmos/base/store/v1beta1/listening_pb2.py
2026-01-28 21:42:43,424 - INFO:Deleting src/sentinel_protobuf/cosmos/base/store/v1beta1/__init__.py
2026-01-28 21:42:43,424 - INFO:Deleting src/sentinel_protobuf/cosmos/base/store/v1beta1/__init__.pyi
2026-01-28 21:42:43,424 - INFO:Deleting src/sentinel_protobuf/cosmos/base/store/v1beta1/listening_pb2.pyi
2026-01-28 21:42:43,425 - INFO:Deleting src/sentinel_protobuf/cosmos/base/store/v1beta1/commit_info_pb2.py
2026-01-28 21:42:43,425 - INFO:Deleting src/sentinel_protobuf/cosmos/base/tendermint/__init__.py
2026-01-28 21:42:43,425 - INFO:Deleting src/sentinel_protobuf/cosmos/base/tendermint/__init__.pyi
2026-01-28 21:42:43,425 - INFO:Deleting src/sentinel_protobuf/cosmos/base/tendermint/v1beta1/query_pb2_grpc.py
2026-01-28 21:42:43,425 - INFO:Deleting src/sentinel_protobuf/cosmos/base/tendermint/v1beta1/__init__.py
2026-01-28 21:42:43,425 - INFO:Deleting src/sentinel_protobuf/cosmos/base/tendermint/v1beta1/query_pb2.py
2026-01-28 21:42:43,425 - INFO:Deleting src/sentinel_protobuf/cosmos/base/tendermint/v1beta1/__init__.pyi
2026-01-28 21:42:43,425 - INFO:Deleting src/sentinel_protobuf/cosmos/base/tendermint/v1beta1/types_pb2.pyi
2026-01-28 21:42:43,425 - INFO:Deleting src/sentinel_protobuf/cosmos/base/tendermint/v1beta1/types_pb2.py
2026-01-28 21:42:43,425 - INFO:Deleting src/sentinel_protobuf/cosmos/base/tendermint/v1beta1/query_pb2.pyi
2026-01-28 21:42:43,425 - INFO:Deleting src/sentinel_protobuf/cosmos/base/snapshots/__init__.py
2026-01-28 21:42:43,426 - INFO:Deleting src/sentinel_protobuf/cosmos/base/snapshots/__init__.pyi
2026-01-28 21:42:43,426 - INFO:Deleting src/sentinel_protobuf/cosmos/base/snapshots/v1beta1/snapshot_pb2.py
2026-01-28 21:42:43,426 - INFO:Deleting src/sentinel_protobuf/cosmos/base/snapshots/v1beta1/__init__.py
2026-01-28 21:42:43,426 - INFO:Deleting src/sentinel_protobuf/cosmos/base/snapshots/v1beta1/__init__.pyi
2026-01-28 21:42:43,426 - INFO:Deleting src/sentinel_protobuf/cosmos/base/snapshots/v1beta1/snapshot_pb2.pyi
2026-01-28 21:42:43,426 - INFO:Deleting src/sentinel_protobuf/cosmos/base/abci/__init__.py
2026-01-28 21:42:43,426 - INFO:Deleting src/sentinel_protobuf/cosmos/base/abci/__init__.pyi
2026-01-28 21:42:43,426 - INFO:Deleting src/sentinel_protobuf/cosmos/base/abci/v1beta1/abci_pb2.py
2026-01-28 21:42:43,426 - INFO:Deleting src/sentinel_protobuf/cosmos/base/abci/v1beta1/__init__.py
2026-01-28 21:42:43,426 - INFO:Deleting src/sentinel_protobuf/cosmos/base/abci/v1beta1/__init__.pyi
2026-01-28 21:42:43,426 - INFO:Deleting src/sentinel_protobuf/cosmos/base/abci/v1beta1/abci_pb2.pyi
2026-01-28 21:42:43,427 - INFO:Deleting src/sentinel_protobuf/cosmos/base/reflection/__init__.py
2026-01-28 21:42:43,427 - INFO:Deleting src/sentinel_protobuf/cosmos/base/reflection/__init__.pyi
2026-01-28 21:42:43,427 - INFO:Deleting src/sentinel_protobuf/cosmos/base/reflection/v1beta1/reflection_pb2.pyi
2026-01-28 21:42:43,427 - INFO:Deleting src/sentinel_protobuf/cosmos/base/reflection/v1beta1/reflection_pb2.py
2026-01-28 21:42:43,427 - INFO:Deleting src/sentinel_protobuf/cosmos/base/reflection/v1beta1/__init__.py
2026-01-28 21:42:43,427 - INFO:Deleting src/sentinel_protobuf/cosmos/base/reflection/v1beta1/__init__.pyi
2026-01-28 21:42:43,427 - INFO:Deleting src/sentinel_protobuf/cosmos/base/reflection/v2alpha1/reflection_pb2.pyi
2026-01-28 21:42:43,427 - INFO:Deleting src/sentinel_protobuf/cosmos/base/reflection/v2alpha1/reflection_pb2.py
2026-01-28 21:42:43,427 - INFO:Deleting src/sentinel_protobuf/cosmos/base/reflection/v2alpha1/__init__.py
2026-01-28 21:42:43,427 - INFO:Deleting src/sentinel_protobuf/cosmos/base/reflection/v2alpha1/__init__.pyi
2026-01-28 21:42:43,427 - INFO:Deleting src/sentinel_protobuf/cosmos/base/node/__init__.py
2026-01-28 21:42:43,428 - INFO:Deleting src/sentinel_protobuf/cosmos/base/node/__init__.pyi
2026-01-28 21:42:43,428 - INFO:Deleting src/sentinel_protobuf/cosmos/base/node/v1beta1/query_pb2_grpc.py
2026-01-28 21:42:43,428 - INFO:Deleting src/sentinel_protobuf/cosmos/base/node/v1beta1/__init__.py
2026-01-28 21:42:43,428 - INFO:Deleting src/sentinel_protobuf/cosmos/base/node/v1beta1/query_pb2.py
2026-01-28 21:42:43,428 - INFO:Deleting src/sentinel_protobuf/cosmos/base/node/v1beta1/__init__.pyi
2026-01-28 21:42:43,428 - INFO:Deleting src/sentinel_protobuf/cosmos/base/node/v1beta1/query_pb2.pyi
2026-01-28 21:42:43,428 - INFO:Deleting src/sentinel_protobuf/cosmos/base/kv/__init__.py
2026-01-28 21:42:43,428 - INFO:Deleting src/sentinel_protobuf/cosmos/base/kv/__init__.pyi
2026-01-28 21:42:43,428 - INFO:Deleting src/sentinel_protobuf/cosmos/base/kv/v1beta1/__init__.py
2026-01-28 21:42:43,428 - INFO:Deleting src/sentinel_protobuf/cosmos/base/kv/v1beta1/kv_pb2.py
2026-01-28 21:42:43,428 - INFO:Deleting src/sentinel_protobuf/cosmos/base/kv/v1beta1/__init__.pyi
2026-01-28 21:42:43,429 - INFO:Deleting src/sentinel_protobuf/cosmos/base/kv/v1beta1/kv_pb2.pyi
2026-01-28 21:42:43,429 - INFO:Deleting src/sentinel_protobuf/cosmos/base/v1beta1/coin_pb2.pyi
2026-01-28 21:42:43,429 - INFO:Deleting src/sentinel_protobuf/cosmos/base/v1beta1/__init__.py
2026-01-28 21:42:43,429 - INFO:Deleting src/sentinel_protobuf/cosmos/base/v1beta1/__init__.pyi
2026-01-28 21:42:43,429 - INFO:Deleting src/sentinel_protobuf/cosmos/base/v1beta1/coin_pb2.py
2026-01-28 21:42:43,429 - INFO:Deleting src/sentinel_protobuf/cosmos/base/query/__init__.py
2026-01-28 21:42:43,429 - INFO:Deleting src/sentinel_protobuf/cosmos/base/query/__init__.pyi
2026-01-28 21:42:43,429 - INFO:Deleting src/sentinel_protobuf/cosmos/base/query/v1beta1/pagination_pb2.py
2026-01-28 21:42:43,429 - INFO:Deleting src/sentinel_protobuf/cosmos/base/query/v1beta1/__init__.py
2026-01-28 21:42:43,429 - INFO:Deleting src/sentinel_protobuf/cosmos/base/query/v1beta1/pagination_pb2.pyi
2026-01-28 21:42:43,429 - INFO:Deleting src/sentinel_protobuf/cosmos/base/query/v1beta1/__init__.pyi
2026-01-28 21:42:43,430 - INFO:Deleting src/sentinel_protobuf/cosmos/app/__init__.py
2026-01-28 21:42:43,430 - INFO:Deleting src/sentinel_protobuf/cosmos/app/__init__.pyi
2026-01-28 21:42:43,430 - INFO:Deleting src/sentinel_protobuf/cosmos/app/v1alpha1/query_pb2_grpc.py
2026-01-28 21:42:43,430 - INFO:Deleting src/sentinel_protobuf/cosmos/app/v1alpha1/module_pb2.py
2026-01-28 21:42:43,430 - INFO:Deleting src/sentinel_protobuf/cosmos/app/v1alpha1/__init__.py
2026-01-28 21:42:43,430 - INFO:Deleting src/sentinel_protobuf/cosmos/app/v1alpha1/query_pb2.py
2026-01-28 21:42:43,430 - INFO:Deleting src/sentinel_protobuf/cosmos/app/v1alpha1/__init__.pyi
2026-01-28 21:42:43,430 - INFO:Deleting src/sentinel_protobuf/cosmos/app/v1alpha1/module_pb2.pyi
2026-01-28 21:42:43,430 - INFO:Deleting src/sentinel_protobuf/cosmos/app/v1alpha1/config_pb2.pyi
2026-01-28 21:42:43,430 - INFO:Deleting src/sentinel_protobuf/cosmos/app/v1alpha1/query_pb2.pyi
2026-01-28 21:42:43,430 - INFO:Deleting src/sentinel_protobuf/cosmos/app/v1alpha1/config_pb2.py
2026-01-28 21:42:43,430 - INFO:Deleting src/sentinel_protobuf/cosmos/app/runtime/__init__.py
2026-01-28 21:42:43,431 - INFO:Deleting src/sentinel_protobuf/cosmos/app/runtime/__init__.pyi
2026-01-28 21:42:43,431 - INFO:Deleting src/sentinel_protobuf/cosmos/app/runtime/v1alpha1/module_pb2.py
2026-01-28 21:42:43,431 - INFO:Deleting src/sentinel_protobuf/cosmos/app/runtime/v1alpha1/__init__.py
2026-01-28 21:42:43,431 - INFO:Deleting src/sentinel_protobuf/cosmos/app/runtime/v1alpha1/__init__.pyi
2026-01-28 21:42:43,431 - INFO:Deleting src/sentinel_protobuf/cosmos/app/runtime/v1alpha1/module_pb2.pyi
2026-01-28 21:42:43,431 - INFO:Deleting src/sentinel_protobuf/cosmos/upgrade/__init__.py
2026-01-28 21:42:43,431 - INFO:Deleting src/sentinel_protobuf/cosmos/upgrade/__init__.pyi
2026-01-28 21:42:43,431 - INFO:Deleting src/sentinel_protobuf/cosmos/upgrade/module/__init__.py
2026-01-28 21:42:43,431 - INFO:Deleting src/sentinel_protobuf/cosmos/upgrade/module/__init__.pyi
2026-01-28 21:42:43,432 - INFO:Deleting src/sentinel_protobuf/cosmos/upgrade/module/v1/module_pb2.py
2026-01-28 21:42:43,432 - INFO:Deleting src/sentinel_protobuf/cosmos/upgrade/module/v1/__init__.py
2026-01-28 21:42:43,432 - INFO:Deleting src/sentinel_protobuf/cosmos/upgrade/module/v1/__init__.pyi
2026-01-28 21:42:43,432 - INFO:Deleting src/sentinel_protobuf/cosmos/upgrade/module/v1/module_pb2.pyi
2026-01-28 21:42:43,432 - INFO:Deleting src/sentinel_protobuf/cosmos/upgrade/v1beta1/query_pb2_grpc.py
2026-01-28 21:42:43,432 - INFO:Deleting src/sentinel_protobuf/cosmos/upgrade/v1beta1/tx_pb2.py
2026-01-28 21:42:43,432 - INFO:Deleting src/sentinel_protobuf/cosmos/upgrade/v1beta1/upgrade_pb2.py
2026-01-28 21:42:43,432 - INFO:Deleting src/sentinel_protobuf/cosmos/upgrade/v1beta1/__init__.py
2026-01-28 21:42:43,432 - INFO:Deleting src/sentinel_protobuf/cosmos/upgrade/v1beta1/query_pb2.py
2026-01-28 21:42:43,433 - INFO:Deleting src/sentinel_protobuf/cosmos/upgrade/v1beta1/__init__.pyi
2026-01-28 21:42:43,433 - INFO:Deleting src/sentinel_protobuf/cosmos/upgrade/v1beta1/upgrade_pb2.pyi
2026-01-28 21:42:43,433 - INFO:Deleting src/sentinel_protobuf/cosmos/upgrade/v1beta1/query_pb2.pyi
2026-01-28 21:42:43,433 - INFO:Deleting src/sentinel_protobuf/cosmos/upgrade/v1beta1/tx_pb2.pyi
2026-01-28 21:42:43,433 - INFO:Deleting src/sentinel_protobuf/cosmos/reflection/__init__.py
2026-01-28 21:42:43,433 - INFO:Deleting src/sentinel_protobuf/cosmos/reflection/__init__.pyi
2026-01-28 21:42:43,433 - INFO:Deleting src/sentinel_protobuf/cosmos/reflection/v1/reflection_pb2.pyi
2026-01-28 21:42:43,433 - INFO:Deleting src/sentinel_protobuf/cosmos/reflection/v1/reflection_pb2.py
2026-01-28 21:42:43,433 - INFO:Deleting src/sentinel_protobuf/cosmos/reflection/v1/__init__.py
2026-01-28 21:42:43,433 - INFO:Deleting src/sentinel_protobuf/cosmos/reflection/v1/__init__.pyi
2026-01-28 21:42:43,434 - INFO:Deleting src/sentinel_protobuf/cosmos/nft/__init__.py
2026-01-28 21:42:43,434 - INFO:Deleting src/sentinel_protobuf/cosmos/nft/__init__.pyi
2026-01-28 21:42:43,434 - INFO:Deleting src/sentinel_protobuf/cosmos/nft/module/__init__.py
2026-01-28 21:42:43,434 - INFO:Deleting src/sentinel_protobuf/cosmos/nft/module/__init__.pyi
2026-01-28 21:42:43,434 - INFO:Deleting src/sentinel_protobuf/cosmos/nft/module/v1/module_pb2.py
2026-01-28 21:42:43,434 - INFO:Deleting src/sentinel_protobuf/cosmos/nft/module/v1/__init__.py
2026-01-28 21:42:43,434 - INFO:Deleting src/sentinel_protobuf/cosmos/nft/module/v1/__init__.pyi
2026-01-28 21:42:43,434 - INFO:Deleting src/sentinel_protobuf/cosmos/nft/module/v1/module_pb2.pyi
2026-01-28 21:42:43,434 - INFO:Deleting src/sentinel_protobuf/cosmos/nft/v1beta1/query_pb2_grpc.py
2026-01-28 21:42:43,434 - INFO:Deleting src/sentinel_protobuf/cosmos/nft/v1beta1/event_pb2.pyi
2026-01-28 21:42:43,435 - INFO:Deleting src/sentinel_protobuf/cosmos/nft/v1beta1/tx_pb2.py
2026-01-28 21:42:43,435 - INFO:Deleting src/sentinel_protobuf/cosmos/nft/v1beta1/genesis_pb2.pyi
2026-01-28 21:42:43,435 - INFO:Deleting src/sentinel_protobuf/cosmos/nft/v1beta1/__init__.py
2026-01-28 21:42:43,435 - INFO:Deleting src/sentinel_protobuf/cosmos/nft/v1beta1/query_pb2.py
2026-01-28 21:42:43,435 - INFO:Deleting src/sentinel_protobuf/cosmos/nft/v1beta1/nft_pb2.pyi
2026-01-28 21:42:43,435 - INFO:Deleting src/sentinel_protobuf/cosmos/nft/v1beta1/__init__.pyi
2026-01-28 21:42:43,435 - INFO:Deleting src/sentinel_protobuf/cosmos/nft/v1beta1/query_pb2.pyi
2026-01-28 21:42:43,435 - INFO:Deleting src/sentinel_protobuf/cosmos/nft/v1beta1/nft_pb2.py
2026-01-28 21:42:43,435 - INFO:Deleting src/sentinel_protobuf/cosmos/nft/v1beta1/genesis_pb2.py
2026-01-28 21:42:43,435 - INFO:Deleting src/sentinel_protobuf/cosmos/nft/v1beta1/event_pb2.py
2026-01-28 21:42:43,435 - INFO:Deleting src/sentinel_protobuf/cosmos/nft/v1beta1/tx_pb2.pyi
2026-01-28 21:42:43,435 - INFO:Deleting src/sentinel_protobuf/cosmos/ics23/__init__.py
2026-01-28 21:42:43,435 - INFO:Deleting src/sentinel_protobuf/cosmos/ics23/__init__.pyi
2026-01-28 21:42:43,436 - INFO:Deleting src/sentinel_protobuf/cosmos/orm/__init__.py
2026-01-28 21:42:43,436 - INFO:Deleting src/sentinel_protobuf/cosmos/orm/__init__.pyi
2026-01-28 21:42:43,436 - INFO:Deleting src/sentinel_protobuf/cosmos/orm/module/__init__.py
2026-01-28 21:42:43,436 - INFO:Deleting src/sentinel_protobuf/cosmos/orm/module/__init__.pyi
2026-01-28 21:42:43,436 - INFO:Deleting src/sentinel_protobuf/cosmos/orm/module/v1alpha1/module_pb2.py
2026-01-28 21:42:43,436 - INFO:Deleting src/sentinel_protobuf/cosmos/orm/module/v1alpha1/__init__.py
2026-01-28 21:42:43,436 - INFO:Deleting src/sentinel_protobuf/cosmos/orm/module/v1alpha1/__init__.pyi
2026-01-28 21:42:43,436 - INFO:Deleting src/sentinel_protobuf/cosmos/orm/module/v1alpha1/module_pb2.pyi
2026-01-28 21:42:43,436 - INFO:Deleting src/sentinel_protobuf/cosmos/orm/v1/__init__.py
2026-01-28 21:42:43,436 - INFO:Deleting src/sentinel_protobuf/cosmos/orm/v1/__init__.pyi
2026-01-28 21:42:43,436 - INFO:Deleting src/sentinel_protobuf/cosmos/orm/v1/orm_pb2.py
2026-01-28 21:42:43,437 - INFO:Deleting src/sentinel_protobuf/cosmos/orm/v1/orm_pb2.pyi
2026-01-28 21:42:43,437 - INFO:Deleting src/sentinel_protobuf/cosmos/orm/v1alpha1/schema_pb2.pyi
2026-01-28 21:42:43,437 - INFO:Deleting src/sentinel_protobuf/cosmos/orm/v1alpha1/__init__.py
2026-01-28 21:42:43,437 - INFO:Deleting src/sentinel_protobuf/cosmos/orm/v1alpha1/__init__.pyi
2026-01-28 21:42:43,437 - INFO:Deleting src/sentinel_protobuf/cosmos/orm/v1alpha1/schema_pb2.py
2026-01-28 21:42:43,437 - INFO:Deleting src/sentinel_protobuf/cosmos/orm/query/__init__.py
2026-01-28 21:42:43,437 - INFO:Deleting src/sentinel_protobuf/cosmos/orm/query/__init__.pyi
2026-01-28 21:42:43,437 - INFO:Deleting src/sentinel_protobuf/cosmos/orm/query/v1alpha1/query_pb2_grpc.py
2026-01-28 21:42:43,437 - INFO:Deleting src/sentinel_protobuf/cosmos/orm/query/v1alpha1/__init__.py
2026-01-28 21:42:43,437 - INFO:Deleting src/sentinel_protobuf/cosmos/orm/query/v1alpha1/query_pb2.py
2026-01-28 21:42:43,437 - INFO:Deleting src/sentinel_protobuf/cosmos/orm/query/v1alpha1/__init__.pyi
2026-01-28 21:42:43,438 - INFO:Deleting src/sentinel_protobuf/cosmos/orm/query/v1alpha1/query_pb2.pyi
2026-01-28 21:42:43,438 - INFO:Deleting src/sentinel_protobuf/cosmos/feegrant/__init__.py
2026-01-28 21:42:43,438 - INFO:Deleting src/sentinel_protobuf/cosmos/feegrant/__init__.pyi
2026-01-28 21:42:43,438 - INFO:Deleting src/sentinel_protobuf/cosmos/feegrant/module/__init__.py
2026-01-28 21:42:43,438 - INFO:Deleting src/sentinel_protobuf/cosmos/feegrant/module/__init__.pyi
2026-01-28 21:42:43,438 - INFO:Deleting src/sentinel_protobuf/cosmos/feegrant/module/v1/module_pb2.py
2026-01-28 21:42:43,438 - INFO:Deleting src/sentinel_protobuf/cosmos/feegrant/module/v1/__init__.py
2026-01-28 21:42:43,438 - INFO:Deleting src/sentinel_protobuf/cosmos/feegrant/module/v1/__init__.pyi
2026-01-28 21:42:43,438 - INFO:Deleting src/sentinel_protobuf/cosmos/feegrant/module/v1/module_pb2.pyi
2026-01-28 21:42:43,438 - INFO:Deleting src/sentinel_protobuf/cosmos/feegrant/v1beta1/query_pb2_grpc.py
2026-01-28 21:42:43,438 - INFO:Deleting src/sentinel_protobuf/cosmos/feegrant/v1beta1/tx_pb2.py
2026-01-28 21:42:43,439 - INFO:Deleting src/sentinel_protobuf/cosmos/feegrant/v1beta1/genesis_pb2.pyi
2026-01-28 21:42:43,439 - INFO:Deleting src/sentinel_protobuf/cosmos/feegrant/v1beta1/__init__.py
2026-01-28 21:42:43,439 - INFO:Deleting src/sentinel_protobuf/cosmos/feegrant/v1beta1/query_pb2.py
2026-01-28 21:42:43,439 - INFO:Deleting src/sentinel_protobuf/cosmos/feegrant/v1beta1/__init__.pyi
2026-01-28 21:42:43,439 - INFO:Deleting src/sentinel_protobuf/cosmos/feegrant/v1beta1/feegrant_pb2.py
2026-01-28 21:42:43,439 - INFO:Deleting src/sentinel_protobuf/cosmos/feegrant/v1beta1/query_pb2.pyi
2026-01-28 21:42:43,439 - INFO:Deleting src/sentinel_protobuf/cosmos/feegrant/v1beta1/genesis_pb2.py
2026-01-28 21:42:43,439 - INFO:Deleting src/sentinel_protobuf/cosmos/feegrant/v1beta1/feegrant_pb2.pyi
2026-01-28 21:42:43,439 - INFO:Deleting src/sentinel_protobuf/cosmos/feegrant/v1beta1/tx_pb2.pyi
2026-01-28 21:42:43,439 - INFO:Deleting src/sentinel_protobuf/cosmos/evidence/__init__.py
2026-01-28 21:42:43,439 - INFO:Deleting src/sentinel_protobuf/cosmos/evidence/__init__.pyi
2026-01-28 21:42:43,440 - INFO:Deleting src/sentinel_protobuf/cosmos/evidence/module/__init__.py
2026-01-28 21:42:43,440 - INFO:Deleting src/sentinel_protobuf/cosmos/evidence/module/__init__.pyi
2026-01-28 21:42:43,440 - INFO:Deleting src/sentinel_protobuf/cosmos/evidence/module/v1/module_pb2.py
2026-01-28 21:42:43,440 - INFO:Deleting src/sentinel_protobuf/cosmos/evidence/module/v1/__init__.py
2026-01-28 21:42:43,440 - INFO:Deleting src/sentinel_protobuf/cosmos/evidence/module/v1/__init__.pyi
2026-01-28 21:42:43,440 - INFO:Deleting src/sentinel_protobuf/cosmos/evidence/module/v1/module_pb2.pyi
2026-01-28 21:42:43,440 - INFO:Deleting src/sentinel_protobuf/cosmos/evidence/v1beta1/query_pb2_grpc.py
2026-01-28 21:42:43,440 - INFO:Deleting src/sentinel_protobuf/cosmos/evidence/v1beta1/tx_pb2.py
2026-01-28 21:42:43,440 - INFO:Deleting src/sentinel_protobuf/cosmos/evidence/v1beta1/genesis_pb2.pyi
2026-01-28 21:42:43,440 - INFO:Deleting src/sentinel_protobuf/cosmos/evidence/v1beta1/__init__.py
2026-01-28 21:42:43,440 - INFO:Deleting src/sentinel_protobuf/cosmos/evidence/v1beta1/evidence_pb2.py
2026-01-28 21:42:43,440 - INFO:Deleting src/sentinel_protobuf/cosmos/evidence/v1beta1/query_pb2.py
2026-01-28 21:42:43,441 - INFO:Deleting src/sentinel_protobuf/cosmos/evidence/v1beta1/__init__.pyi
2026-01-28 21:42:43,441 - INFO:Deleting src/sentinel_protobuf/cosmos/evidence/v1beta1/query_pb2.pyi
2026-01-28 21:42:43,441 - INFO:Deleting src/sentinel_protobuf/cosmos/evidence/v1beta1/evidence_pb2.pyi
2026-01-28 21:42:43,441 - INFO:Deleting src/sentinel_protobuf/cosmos/evidence/v1beta1/genesis_pb2.py
2026-01-28 21:42:43,441 - INFO:Deleting src/sentinel_protobuf/cosmos/evidence/v1beta1/tx_pb2.pyi
2026-01-28 21:42:43,441 - INFO:Deleting src/sentinel_protobuf/cosmos/crypto/__init__.py
2026-01-28 21:42:43,441 - INFO:Deleting src/sentinel_protobuf/cosmos/crypto/__init__.pyi
2026-01-28 21:42:43,441 - INFO:Deleting src/sentinel_protobuf/cosmos/crypto/keyring/__init__.py
2026-01-28 21:42:43,441 - INFO:Deleting src/sentinel_protobuf/cosmos/crypto/keyring/__init__.pyi
2026-01-28 21:42:43,441 - INFO:Deleting src/sentinel_protobuf/cosmos/crypto/keyring/v1/__init__.py
2026-01-28 21:42:43,442 - INFO:Deleting src/sentinel_protobuf/cosmos/crypto/keyring/v1/__init__.pyi
2026-01-28 21:42:43,442 - INFO:Deleting src/sentinel_protobuf/cosmos/crypto/keyring/v1/record_pb2.py
2026-01-28 21:42:43,442 - INFO:Deleting src/sentinel_protobuf/cosmos/crypto/keyring/v1/record_pb2.pyi
2026-01-28 21:42:43,442 - INFO:Deleting src/sentinel_protobuf/cosmos/crypto/secp256r1/__init__.py
2026-01-28 21:42:43,442 - INFO:Deleting src/sentinel_protobuf/cosmos/crypto/secp256r1/__init__.pyi
2026-01-28 21:42:43,442 - INFO:Deleting src/sentinel_protobuf/cosmos/crypto/secp256r1/keys_pb2.pyi
2026-01-28 21:42:43,442 - INFO:Deleting src/sentinel_protobuf/cosmos/crypto/secp256r1/keys_pb2.py
2026-01-28 21:42:43,442 - INFO:Deleting src/sentinel_protobuf/cosmos/crypto/hd/__init__.py
2026-01-28 21:42:43,442 - INFO:Deleting src/sentinel_protobuf/cosmos/crypto/hd/__init__.pyi
2026-01-28 21:42:43,442 - INFO:Deleting src/sentinel_protobuf/cosmos/crypto/hd/v1/hd_pb2.py
2026-01-28 21:42:43,442 - INFO:Deleting src/sentinel_protobuf/cosmos/crypto/hd/v1/__init__.py
2026-01-28 21:42:43,443 - INFO:Deleting src/sentinel_protobuf/cosmos/crypto/hd/v1/__init__.pyi
2026-01-28 21:42:43,443 - INFO:Deleting src/sentinel_protobuf/cosmos/crypto/hd/v1/hd_pb2.pyi
2026-01-28 21:42:43,443 - INFO:Deleting src/sentinel_protobuf/cosmos/crypto/ed25519/__init__.py
2026-01-28 21:42:43,443 - INFO:Deleting src/sentinel_protobuf/cosmos/crypto/ed25519/__init__.pyi
2026-01-28 21:42:43,443 - INFO:Deleting src/sentinel_protobuf/cosmos/crypto/ed25519/keys_pb2.pyi
2026-01-28 21:42:43,443 - INFO:Deleting src/sentinel_protobuf/cosmos/crypto/ed25519/keys_pb2.py
2026-01-28 21:42:43,443 - INFO:Deleting src/sentinel_protobuf/cosmos/crypto/secp256k1/__init__.py
2026-01-28 21:42:43,443 - INFO:Deleting src/sentinel_protobuf/cosmos/crypto/secp256k1/__init__.pyi
2026-01-28 21:42:43,443 - INFO:Deleting src/sentinel_protobuf/cosmos/crypto/secp256k1/keys_pb2.pyi
2026-01-28 21:42:43,443 - INFO:Deleting src/sentinel_protobuf/cosmos/crypto/secp256k1/keys_pb2.py
2026-01-28 21:42:43,444 - INFO:Deleting src/sentinel_protobuf/cosmos/crypto/multisig/__init__.py
2026-01-28 21:42:43,444 - INFO:Deleting src/sentinel_protobuf/cosmos/crypto/multisig/__init__.pyi
2026-01-28 21:42:43,444 - INFO:Deleting src/sentinel_protobuf/cosmos/crypto/multisig/keys_pb2.pyi
2026-01-28 21:42:43,444 - INFO:Deleting src/sentinel_protobuf/cosmos/crypto/multisig/keys_pb2.py
2026-01-28 21:42:43,444 - INFO:Deleting src/sentinel_protobuf/cosmos/crypto/multisig/v1beta1/__init__.py
2026-01-28 21:42:43,444 - INFO:Deleting src/sentinel_protobuf/cosmos/crypto/multisig/v1beta1/__init__.pyi
2026-01-28 21:42:43,444 - INFO:Deleting src/sentinel_protobuf/cosmos/crypto/multisig/v1beta1/multisig_pb2.pyi
2026-01-28 21:42:43,444 - INFO:Deleting src/sentinel_protobuf/cosmos/crypto/multisig/v1beta1/multisig_pb2.py
2026-01-28 21:42:43,444 - INFO:Deleting src/sentinel_protobuf/cosmos/params/__init__.py
2026-01-28 21:42:43,444 - INFO:Deleting src/sentinel_protobuf/cosmos/params/__init__.pyi
2026-01-28 21:42:43,444 - INFO:Deleting src/sentinel_protobuf/cosmos/params/module/__init__.py
2026-01-28 21:42:43,445 - INFO:Deleting src/sentinel_protobuf/cosmos/params/module/__init__.pyi
2026-01-28 21:42:43,445 - INFO:Deleting src/sentinel_protobuf/cosmos/params/module/v1/module_pb2.py
2026-01-28 21:42:43,445 - INFO:Deleting src/sentinel_protobuf/cosmos/params/module/v1/__init__.py
2026-01-28 21:42:43,445 - INFO:Deleting src/sentinel_protobuf/cosmos/params/module/v1/__init__.pyi
2026-01-28 21:42:43,445 - INFO:Deleting src/sentinel_protobuf/cosmos/params/module/v1/module_pb2.pyi
2026-01-28 21:42:43,445 - INFO:Deleting src/sentinel_protobuf/cosmos/params/v1beta1/params_pb2.pyi
2026-01-28 21:42:43,445 - INFO:Deleting src/sentinel_protobuf/cosmos/params/v1beta1/query_pb2_grpc.py
2026-01-28 21:42:43,445 - INFO:Deleting src/sentinel_protobuf/cosmos/params/v1beta1/__init__.py
2026-01-28 21:42:43,446 - INFO:Deleting src/sentinel_protobuf/cosmos/params/v1beta1/query_pb2.py
2026-01-28 21:42:43,446 - INFO:Deleting src/sentinel_protobuf/cosmos/params/v1beta1/__init__.pyi
2026-01-28 21:42:43,446 - INFO:Deleting src/sentinel_protobuf/cosmos/params/v1beta1/query_pb2.pyi
2026-01-28 21:42:43,446 - INFO:Deleting src/sentinel_protobuf/cosmos/params/v1beta1/params_pb2.py
2026-01-28 21:42:43,446 - INFO:Deleting src/sentinel_protobuf/cosmos/distribution/__init__.py
2026-01-28 21:42:43,446 - INFO:Deleting src/sentinel_protobuf/cosmos/distribution/__init__.pyi
2026-01-28 21:42:43,446 - INFO:Deleting src/sentinel_protobuf/cosmos/distribution/module/__init__.py
2026-01-28 21:42:43,446 - INFO:Deleting src/sentinel_protobuf/cosmos/distribution/module/__init__.pyi
2026-01-28 21:42:43,446 - INFO:Deleting src/sentinel_protobuf/cosmos/distribution/module/v1/module_pb2.py
2026-01-28 21:42:43,446 - INFO:Deleting src/sentinel_protobuf/cosmos/distribution/module/v1/__init__.py
2026-01-28 21:42:43,446 - INFO:Deleting src/sentinel_protobuf/cosmos/distribution/module/v1/__init__.pyi
2026-01-28 21:42:43,447 - INFO:Deleting src/sentinel_protobuf/cosmos/distribution/module/v1/module_pb2.pyi
2026-01-28 21:42:43,447 - INFO:Deleting src/sentinel_protobuf/cosmos/distribution/v1beta1/query_pb2_grpc.py
2026-01-28 21:42:43,447 - INFO:Deleting src/sentinel_protobuf/cosmos/distribution/v1beta1/tx_pb2.py
2026-01-28 21:42:43,447 - INFO:Deleting src/sentinel_protobuf/cosmos/distribution/v1beta1/genesis_pb2.pyi
2026-01-28 21:42:43,447 - INFO:Deleting src/sentinel_protobuf/cosmos/distribution/v1beta1/__init__.py
2026-01-28 21:42:43,447 - INFO:Deleting src/sentinel_protobuf/cosmos/distribution/v1beta1/query_pb2.py
2026-01-28 21:42:43,447 - INFO:Deleting src/sentinel_protobuf/cosmos/distribution/v1beta1/__init__.pyi
2026-01-28 21:42:43,447 - INFO:Deleting src/sentinel_protobuf/cosmos/distribution/v1beta1/distribution_pb2.py
2026-01-28 21:42:43,447 - INFO:Deleting src/sentinel_protobuf/cosmos/distribution/v1beta1/query_pb2.pyi
2026-01-28 21:42:43,447 - INFO:Deleting src/sentinel_protobuf/cosmos/distribution/v1beta1/distribution_pb2.pyi
2026-01-28 21:42:43,447 - INFO:Deleting src/sentinel_protobuf/cosmos/distribution/v1beta1/genesis_pb2.py
2026-01-28 21:42:43,447 - INFO:Deleting src/sentinel_protobuf/cosmos/distribution/v1beta1/tx_pb2.pyi
2026-01-28 21:42:43,448 - INFO:Deleting src/sentinel_protobuf/cosmos/genutil/__init__.py
2026-01-28 21:42:43,448 - INFO:Deleting src/sentinel_protobuf/cosmos/genutil/__init__.pyi
2026-01-28 21:42:43,448 - INFO:Deleting src/sentinel_protobuf/cosmos/genutil/module/__init__.py
2026-01-28 21:42:43,448 - INFO:Deleting src/sentinel_protobuf/cosmos/genutil/module/__init__.pyi
2026-01-28 21:42:43,448 - INFO:Deleting src/sentinel_protobuf/cosmos/genutil/module/v1/module_pb2.py
2026-01-28 21:42:43,448 - INFO:Deleting src/sentinel_protobuf/cosmos/genutil/module/v1/__init__.py
2026-01-28 21:42:43,448 - INFO:Deleting src/sentinel_protobuf/cosmos/genutil/module/v1/__init__.pyi
2026-01-28 21:42:43,448 - INFO:Deleting src/sentinel_protobuf/cosmos/genutil/module/v1/module_pb2.pyi
2026-01-28 21:42:43,448 - INFO:Deleting src/sentinel_protobuf/cosmos/genutil/v1beta1/genesis_pb2.pyi
2026-01-28 21:42:43,448 - INFO:Deleting src/sentinel_protobuf/cosmos/genutil/v1beta1/__init__.py
2026-01-28 21:42:43,448 - INFO:Deleting src/sentinel_protobuf/cosmos/genutil/v1beta1/__init__.pyi
2026-01-28 21:42:43,448 - INFO:Deleting src/sentinel_protobuf/cosmos/genutil/v1beta1/genesis_pb2.py
2026-01-28 21:42:43,448 - INFO:Deleting src/sentinel_protobuf/cosmos/vesting/__init__.py
2026-01-28 21:42:43,448 - INFO:Deleting src/sentinel_protobuf/cosmos/vesting/__init__.pyi
2026-01-28 21:42:43,448 - INFO:Deleting src/sentinel_protobuf/cosmos/vesting/module/__init__.py
2026-01-28 21:42:43,449 - INFO:Deleting src/sentinel_protobuf/cosmos/vesting/module/__init__.pyi
2026-01-28 21:42:43,449 - INFO:Deleting src/sentinel_protobuf/cosmos/vesting/module/v1/module_pb2.py
2026-01-28 21:42:43,449 - INFO:Deleting src/sentinel_protobuf/cosmos/vesting/module/v1/__init__.py
2026-01-28 21:42:43,449 - INFO:Deleting src/sentinel_protobuf/cosmos/vesting/module/v1/__init__.pyi
2026-01-28 21:42:43,449 - INFO:Deleting src/sentinel_protobuf/cosmos/vesting/module/v1/module_pb2.pyi
2026-01-28 21:42:43,449 - INFO:Deleting src/sentinel_protobuf/cosmos/vesting/v1beta1/vesting_pb2.pyi
2026-01-28 21:42:43,449 - INFO:Deleting src/sentinel_protobuf/cosmos/vesting/v1beta1/tx_pb2.py
2026-01-28 21:42:43,449 - INFO:Deleting src/sentinel_protobuf/cosmos/vesting/v1beta1/__init__.py
2026-01-28 21:42:43,449 - INFO:Deleting src/sentinel_protobuf/cosmos/vesting/v1beta1/__init__.pyi
2026-01-28 21:42:43,449 - INFO:Deleting src/sentinel_protobuf/cosmos/vesting/v1beta1/vesting_pb2.py
2026-01-28 21:42:43,449 - INFO:Deleting src/sentinel_protobuf/cosmos/vesting/v1beta1/tx_pb2.pyi
2026-01-28 21:42:43,449 - INFO:Deleting src/sentinel_protobuf/cosmos/group/__init__.py
2026-01-28 21:42:43,449 - INFO:Deleting src/sentinel_protobuf/cosmos/group/__init__.pyi
2026-01-28 21:42:43,449 - INFO:Deleting src/sentinel_protobuf/cosmos/group/module/__init__.py
2026-01-28 21:42:43,449 - INFO:Deleting src/sentinel_protobuf/cosmos/group/module/__init__.pyi
2026-01-28 21:42:43,450 - INFO:Deleting src/sentinel_protobuf/cosmos/group/module/v1/module_pb2.py
2026-01-28 21:42:43,450 - INFO:Deleting src/sentinel_protobuf/cosmos/group/module/v1/__init__.py
2026-01-28 21:42:43,450 - INFO:Deleting src/sentinel_protobuf/cosmos/group/module/v1/__init__.pyi
2026-01-28 21:42:43,450 - INFO:Deleting src/sentinel_protobuf/cosmos/group/module/v1/module_pb2.pyi
2026-01-28 21:42:43,450 - INFO:Deleting src/sentinel_protobuf/cosmos/group/v1/query_pb2_grpc.py
2026-01-28 21:42:43,450 - INFO:Deleting src/sentinel_protobuf/cosmos/group/v1/tx_pb2.py
2026-01-28 21:42:43,450 - INFO:Deleting src/sentinel_protobuf/cosmos/group/v1/genesis_pb2.pyi
2026-01-28 21:42:43,450 - INFO:Deleting src/sentinel_protobuf/cosmos/group/v1/__init__.py
2026-01-28 21:42:43,450 - INFO:Deleting src/sentinel_protobuf/cosmos/group/v1/query_pb2.py
2026-01-28 21:42:43,450 - INFO:Deleting src/sentinel_protobuf/cosmos/group/v1/__init__.pyi
2026-01-28 21:42:43,450 - INFO:Deleting src/sentinel_protobuf/cosmos/group/v1/events_pb2.py
2026-01-28 21:42:43,450 - INFO:Deleting src/sentinel_protobuf/cosmos/group/v1/events_pb2.pyi
2026-01-28 21:42:43,450 - INFO:Deleting src/sentinel_protobuf/cosmos/group/v1/types_pb2.pyi
2026-01-28 21:42:43,451 - INFO:Deleting src/sentinel_protobuf/cosmos/group/v1/types_pb2.py
2026-01-28 21:42:43,451 - INFO:Deleting src/sentinel_protobuf/cosmos/group/v1/query_pb2.pyi
2026-01-28 21:42:43,451 - INFO:Deleting src/sentinel_protobuf/cosmos/group/v1/genesis_pb2.py
2026-01-28 21:42:43,451 - INFO:Deleting src/sentinel_protobuf/cosmos/group/v1/tx_pb2.pyi
2026-01-28 21:42:43,451 - INFO:Deleting src/sentinel_protobuf/cosmos/query/__init__.py
2026-01-28 21:42:43,451 - INFO:Deleting src/sentinel_protobuf/cosmos/query/__init__.pyi
2026-01-28 21:42:43,451 - INFO:Deleting src/sentinel_protobuf/cosmos/query/v1/query_pb2_grpc.py
2026-01-28 21:42:43,451 - INFO:Deleting src/sentinel_protobuf/cosmos/query/v1/__init__.py
2026-01-28 21:42:43,451 - INFO:Deleting src/sentinel_protobuf/cosmos/query/v1/query_pb2.py
2026-01-28 21:42:43,451 - INFO:Deleting src/sentinel_protobuf/cosmos/query/v1/__init__.pyi
2026-01-28 21:42:43,451 - INFO:Deleting src/sentinel_protobuf/cosmos/query/v1/query_pb2.pyi
2026-01-28 21:42:43,451 - INFO:Deleting src/sentinel_protobuf/cosmos/capability/__init__.py
2026-01-28 21:42:43,451 - INFO:Deleting src/sentinel_protobuf/cosmos/capability/__init__.pyi
2026-01-28 21:42:43,451 - INFO:Deleting src/sentinel_protobuf/cosmos/capability/module/__init__.py
2026-01-28 21:42:43,451 - INFO:Deleting src/sentinel_protobuf/cosmos/capability/module/__init__.pyi
2026-01-28 21:42:43,451 - INFO:Deleting src/sentinel_protobuf/cosmos/capability/module/v1/module_pb2.py
2026-01-28 21:42:43,452 - INFO:Deleting src/sentinel_protobuf/cosmos/capability/module/v1/__init__.py
2026-01-28 21:42:43,452 - INFO:Deleting src/sentinel_protobuf/cosmos/capability/module/v1/__init__.pyi
2026-01-28 21:42:43,452 - INFO:Deleting src/sentinel_protobuf/cosmos/capability/module/v1/module_pb2.pyi
2026-01-28 21:42:43,452 - INFO:Deleting src/sentinel_protobuf/cosmos/capability/v1beta1/genesis_pb2.pyi
2026-01-28 21:42:43,452 - INFO:Deleting src/sentinel_protobuf/cosmos/capability/v1beta1/__init__.py
2026-01-28 21:42:43,452 - INFO:Deleting src/sentinel_protobuf/cosmos/capability/v1beta1/capability_pb2.py
2026-01-28 21:42:43,452 - INFO:Deleting src/sentinel_protobuf/cosmos/capability/v1beta1/__init__.pyi
2026-01-28 21:42:43,452 - INFO:Deleting src/sentinel_protobuf/cosmos/capability/v1beta1/capability_pb2.pyi
2026-01-28 21:42:43,452 - INFO:Deleting src/sentinel_protobuf/cosmos/capability/v1beta1/genesis_pb2.py
2026-01-28 21:42:43,452 - INFO:Deleting src/sentinel_protobuf/cosmos/consensus/__init__.py
2026-01-28 21:42:43,452 - INFO:Deleting src/sentinel_protobuf/cosmos/consensus/__init__.pyi
2026-01-28 21:42:43,452 - INFO:Deleting src/sentinel_protobuf/cosmos/consensus/module/__init__.py
2026-01-28 21:42:43,452 - INFO:Deleting src/sentinel_protobuf/cosmos/consensus/module/__init__.pyi
2026-01-28 21:42:43,452 - INFO:Deleting src/sentinel_protobuf/cosmos/consensus/module/v1/module_pb2.py
2026-01-28 21:42:43,452 - INFO:Deleting src/sentinel_protobuf/cosmos/consensus/module/v1/__init__.py
2026-01-28 21:42:43,452 - INFO:Deleting src/sentinel_protobuf/cosmos/consensus/module/v1/__init__.pyi
2026-01-28 21:42:43,453 - INFO:Deleting src/sentinel_protobuf/cosmos/consensus/module/v1/module_pb2.pyi
2026-01-28 21:42:43,453 - INFO:Deleting src/sentinel_protobuf/cosmos/consensus/v1/query_pb2_grpc.py
2026-01-28 21:42:43,453 - INFO:Deleting src/sentinel_protobuf/cosmos/consensus/v1/tx_pb2.py
2026-01-28 21:42:43,453 - INFO:Deleting src/sentinel_protobuf/cosmos/consensus/v1/__init__.py
2026-01-28 21:42:43,453 - INFO:Deleting src/sentinel_protobuf/cosmos/consensus/v1/query_pb2.py
2026-01-28 21:42:43,453 - INFO:Deleting src/sentinel_protobuf/cosmos/consensus/v1/__init__.pyi
2026-01-28 21:42:43,453 - INFO:Deleting src/sentinel_protobuf/cosmos/consensus/v1/query_pb2.pyi
2026-01-28 21:42:43,453 - INFO:Deleting src/sentinel_protobuf/cosmos/consensus/v1/tx_pb2.pyi
2026-01-28 21:42:43,453 - INFO:Deleting src/sentinel_protobuf/cosmos/crisis/__init__.py
2026-01-28 21:42:43,453 - INFO:Deleting src/sentinel_protobuf/cosmos/crisis/__init__.pyi
2026-01-28 21:42:43,454 - INFO:Deleting src/sentinel_protobuf/cosmos/crisis/module/__init__.py
2026-01-28 21:42:43,454 - INFO:Deleting src/sentinel_protobuf/cosmos/crisis/module/__init__.pyi
2026-01-28 21:42:43,454 - INFO:Deleting src/sentinel_protobuf/cosmos/crisis/module/v1/module_pb2.py
2026-01-28 21:42:43,454 - INFO:Deleting src/sentinel_protobuf/cosmos/crisis/module/v1/__init__.py
2026-01-28 21:42:43,454 - INFO:Deleting src/sentinel_protobuf/cosmos/crisis/module/v1/__init__.pyi
2026-01-28 21:42:43,454 - INFO:Deleting src/sentinel_protobuf/cosmos/crisis/module/v1/module_pb2.pyi
2026-01-28 21:42:43,454 - INFO:Deleting src/sentinel_protobuf/cosmos/crisis/v1beta1/tx_pb2.py
2026-01-28 21:42:43,454 - INFO:Deleting src/sentinel_protobuf/cosmos/crisis/v1beta1/genesis_pb2.pyi
2026-01-28 21:42:43,454 - INFO:Deleting src/sentinel_protobuf/cosmos/crisis/v1beta1/__init__.py
2026-01-28 21:42:43,454 - INFO:Deleting src/sentinel_protobuf/cosmos/crisis/v1beta1/__init__.pyi
2026-01-28 21:42:43,454 - INFO:Deleting src/sentinel_protobuf/cosmos/crisis/v1beta1/genesis_pb2.py
2026-01-28 21:42:43,454 - INFO:Deleting src/sentinel_protobuf/cosmos/crisis/v1beta1/tx_pb2.pyi
2026-01-28 21:42:43,454 - INFO:Deleting src/sentinel_protobuf/cosmos/tx/__init__.py
2026-01-28 21:42:43,454 - INFO:Deleting src/sentinel_protobuf/cosmos/tx/__init__.pyi
2026-01-28 21:42:43,454 - INFO:Deleting src/sentinel_protobuf/cosmos/tx/config/__init__.py
2026-01-28 21:42:43,455 - INFO:Deleting src/sentinel_protobuf/cosmos/tx/config/__init__.pyi
2026-01-28 21:42:43,455 - INFO:Deleting src/sentinel_protobuf/cosmos/tx/config/v1/__init__.py
2026-01-28 21:42:43,455 - INFO:Deleting src/sentinel_protobuf/cosmos/tx/config/v1/__init__.pyi
2026-01-28 21:42:43,455 - INFO:Deleting src/sentinel_protobuf/cosmos/tx/config/v1/config_pb2.pyi
2026-01-28 21:42:43,455 - INFO:Deleting src/sentinel_protobuf/cosmos/tx/config/v1/config_pb2.py
2026-01-28 21:42:43,455 - INFO:Deleting src/sentinel_protobuf/cosmos/tx/signing/__init__.py
2026-01-28 21:42:43,455 - INFO:Deleting src/sentinel_protobuf/cosmos/tx/signing/__init__.pyi
2026-01-28 21:42:43,455 - INFO:Deleting src/sentinel_protobuf/cosmos/tx/signing/v1beta1/__init__.py
2026-01-28 21:42:43,455 - INFO:Deleting src/sentinel_protobuf/cosmos/tx/signing/v1beta1/signing_pb2.pyi
2026-01-28 21:42:43,455 - INFO:Deleting src/sentinel_protobuf/cosmos/tx/signing/v1beta1/__init__.pyi
2026-01-28 21:42:43,455 - INFO:Deleting src/sentinel_protobuf/cosmos/tx/signing/v1beta1/signing_pb2.py
2026-01-28 21:42:43,455 - INFO:Deleting src/sentinel_protobuf/cosmos/tx/v1beta1/service_pb2_grpc.py
2026-01-28 21:42:43,456 - INFO:Deleting src/sentinel_protobuf/cosmos/tx/v1beta1/tx_pb2.py
2026-01-28 21:42:43,456 - INFO:Deleting src/sentinel_protobuf/cosmos/tx/v1beta1/__init__.py
2026-01-28 21:42:43,456 - INFO:Deleting src/sentinel_protobuf/cosmos/tx/v1beta1/__init__.pyi
2026-01-28 21:42:43,456 - INFO:Deleting src/sentinel_protobuf/cosmos/tx/v1beta1/service_pb2.py
2026-01-28 21:42:43,456 - INFO:Deleting src/sentinel_protobuf/cosmos/tx/v1beta1/service_pb2.pyi
2026-01-28 21:42:43,456 - INFO:Deleting src/sentinel_protobuf/cosmos/tx/v1beta1/tx_pb2.pyi
2026-01-28 21:42:43,456 - INFO:Deleting src/sentinel_protobuf/sentinel/__init__.py
2026-01-28 21:42:43,456 - INFO:Deleting src/sentinel_protobuf/sentinel/__init__.pyi
2026-01-28 21:42:43,456 - INFO:Deleting src/sentinel_protobuf/sentinel/types/__init__.py
2026-01-28 21:42:43,456 - INFO:Deleting src/sentinel_protobuf/sentinel/types/__init__.pyi
2026-01-28 21:42:43,457 - INFO:Deleting src/sentinel_protobuf/sentinel/types/v1/bandwidth_pb2.pyi
2026-01-28 21:42:43,457 - INFO:Deleting src/sentinel_protobuf/sentinel/types/v1/status_pb2.pyi
2026-01-28 21:42:43,457 - INFO:Deleting src/sentinel_protobuf/sentinel/types/v1/__init__.py
2026-01-28 21:42:43,457 - INFO:Deleting src/sentinel_protobuf/sentinel/types/v1/__init__.pyi
2026-01-28 21:42:43,457 - INFO:Deleting src/sentinel_protobuf/sentinel/types/v1/price_pb2.py
2026-01-28 21:42:43,457 - INFO:Deleting src/sentinel_protobuf/sentinel/types/v1/renewal_pb2.py
2026-01-28 21:42:43,457 - INFO:Deleting src/sentinel_protobuf/sentinel/types/v1/renewal_pb2.pyi
2026-01-28 21:42:43,457 - INFO:Deleting src/sentinel_protobuf/sentinel/types/v1/price_pb2.pyi
2026-01-28 21:42:43,457 - INFO:Deleting src/sentinel_protobuf/sentinel/types/v1/bandwidth_pb2.py
2026-01-28 21:42:43,457 - INFO:Deleting src/sentinel_protobuf/sentinel/types/v1/status_pb2.py
2026-01-28 21:42:43,457 - INFO:Deleting src/sentinel_protobuf/sentinel/vpn/__init__.py
2026-01-28 21:42:43,457 - INFO:Deleting src/sentinel_protobuf/sentinel/vpn/__init__.pyi
2026-01-28 21:42:43,458 - INFO:Deleting src/sentinel_protobuf/sentinel/vpn/v1/genesis_pb2.pyi
2026-01-28 21:42:43,458 - INFO:Deleting src/sentinel_protobuf/sentinel/vpn/v1/__init__.py
2026-01-28 21:42:43,458 - INFO:Deleting src/sentinel_protobuf/sentinel/vpn/v1/__init__.pyi
2026-01-28 21:42:43,458 - INFO:Deleting src/sentinel_protobuf/sentinel/vpn/v1/genesis_pb2.py
2026-01-28 21:42:43,458 - INFO:Deleting src/sentinel_protobuf/sentinel/provider/__init__.py
2026-01-28 21:42:43,458 - INFO:Deleting src/sentinel_protobuf/sentinel/provider/__init__.pyi
2026-01-28 21:42:43,458 - INFO:Deleting src/sentinel_protobuf/sentinel/provider/v2/params_pb2.pyi
2026-01-28 21:42:43,458 - INFO:Deleting src/sentinel_protobuf/sentinel/provider/v2/genesis_pb2.pyi
2026-01-28 21:42:43,458 - INFO:Deleting src/sentinel_protobuf/sentinel/provider/v2/__init__.py
2026-01-28 21:42:43,458 - INFO:Deleting src/sentinel_protobuf/sentinel/provider/v2/__init__.pyi
2026-01-28 21:42:43,458 - INFO:Deleting src/sentinel_protobuf/sentinel/provider/v2/events_pb2.py
2026-01-28 21:42:43,459 - INFO:Deleting src/sentinel_protobuf/sentinel/provider/v2/events_pb2.pyi
2026-01-28 21:42:43,459 - INFO:Deleting src/sentinel_protobuf/sentinel/provider/v2/provider_pb2.pyi
2026-01-28 21:42:43,459 - INFO:Deleting src/sentinel_protobuf/sentinel/provider/v2/msg_pb2.py
2026-01-28 21:42:43,459 - INFO:Deleting src/sentinel_protobuf/sentinel/provider/v2/querier_pb2.pyi
2026-01-28 21:42:43,459 - INFO:Deleting src/sentinel_protobuf/sentinel/provider/v2/querier_pb2_grpc.py
2026-01-28 21:42:43,459 - INFO:Deleting src/sentinel_protobuf/sentinel/provider/v2/querier_pb2.py
2026-01-28 21:42:43,459 - INFO:Deleting src/sentinel_protobuf/sentinel/provider/v2/provider_pb2.py
2026-01-28 21:42:43,459 - INFO:Deleting src/sentinel_protobuf/sentinel/provider/v2/params_pb2.py
2026-01-28 21:42:43,459 - INFO:Deleting src/sentinel_protobuf/sentinel/provider/v2/genesis_pb2.py
2026-01-28 21:42:43,459 - INFO:Deleting src/sentinel_protobuf/sentinel/provider/v2/msg_pb2.pyi
2026-01-28 21:42:43,459 - INFO:Deleting src/sentinel_protobuf/sentinel/provider/v1/params_pb2.pyi
2026-01-28 21:42:43,459 - INFO:Deleting src/sentinel_protobuf/sentinel/provider/v1/genesis_pb2.pyi
2026-01-28 21:42:43,460 - INFO:Deleting src/sentinel_protobuf/sentinel/provider/v1/__init__.py
2026-01-28 21:42:43,460 - INFO:Deleting src/sentinel_protobuf/sentinel/provider/v1/__init__.pyi
2026-01-28 21:42:43,460 - INFO:Deleting src/sentinel_protobuf/sentinel/provider/v1/events_pb2.py
2026-01-28 21:42:43,460 - INFO:Deleting src/sentinel_protobuf/sentinel/provider/v1/events_pb2.pyi
2026-01-28 21:42:43,460 - INFO:Deleting src/sentinel_protobuf/sentinel/provider/v1/provider_pb2.pyi
2026-01-28 21:42:43,460 - INFO:Deleting src/sentinel_protobuf/sentinel/provider/v1/msg_pb2.py
2026-01-28 21:42:43,460 - INFO:Deleting src/sentinel_protobuf/sentinel/provider/v1/querier_pb2.pyi
2026-01-28 21:42:43,460 - INFO:Deleting src/sentinel_protobuf/sentinel/provider/v1/querier_pb2_grpc.py
2026-01-28 21:42:43,460 - INFO:Deleting src/sentinel_protobuf/sentinel/provider/v1/querier_pb2.py
2026-01-28 21:42:43,460 - INFO:Deleting src/sentinel_protobuf/sentinel/provider/v1/provider_pb2.py
2026-01-28 21:42:43,460 - INFO:Deleting src/sentinel_protobuf/sentinel/provider/v1/params_pb2.py
2026-01-28 21:42:43,460 - INFO:Deleting src/sentinel_protobuf/sentinel/provider/v1/genesis_pb2.py
2026-01-28 21:42:43,460 - INFO:Deleting src/sentinel_protobuf/sentinel/provider/v1/msg_pb2.pyi
2026-01-28 21:42:43,461 - INFO:Deleting src/sentinel_protobuf/sentinel/provider/v3/params_pb2.pyi
2026-01-28 21:42:43,461 - INFO:Deleting src/sentinel_protobuf/sentinel/provider/v3/genesis_pb2.pyi
2026-01-28 21:42:43,461 - INFO:Deleting src/sentinel_protobuf/sentinel/provider/v3/__init__.py
2026-01-28 21:42:43,461 - INFO:Deleting src/sentinel_protobuf/sentinel/provider/v3/__init__.pyi
2026-01-28 21:42:43,461 - INFO:Deleting src/sentinel_protobuf/sentinel/provider/v3/events_pb2.py
2026-01-28 21:42:43,461 - INFO:Deleting src/sentinel_protobuf/sentinel/provider/v3/events_pb2.pyi
2026-01-28 21:42:43,461 - INFO:Deleting src/sentinel_protobuf/sentinel/provider/v3/msg_pb2.py
2026-01-28 21:42:43,461 - INFO:Deleting src/sentinel_protobuf/sentinel/provider/v3/querier_pb2.pyi
2026-01-28 21:42:43,461 - INFO:Deleting src/sentinel_protobuf/sentinel/provider/v3/querier_pb2_grpc.py
2026-01-28 21:42:43,461 - INFO:Deleting src/sentinel_protobuf/sentinel/provider/v3/querier_pb2.py
2026-01-28 21:42:43,461 - INFO:Deleting src/sentinel_protobuf/sentinel/provider/v3/params_pb2.py
2026-01-28 21:42:43,462 - INFO:Deleting src/sentinel_protobuf/sentinel/provider/v3/genesis_pb2.py
2026-01-28 21:42:43,462 - INFO:Deleting src/sentinel_protobuf/sentinel/provider/v3/msg_pb2.pyi
2026-01-28 21:42:43,462 - INFO:Deleting src/sentinel_protobuf/sentinel/mint/__init__.py
2026-01-28 21:42:43,462 - INFO:Deleting src/sentinel_protobuf/sentinel/mint/__init__.pyi
2026-01-28 21:42:43,462 - INFO:Deleting src/sentinel_protobuf/sentinel/mint/v1/genesis_pb2.pyi
2026-01-28 21:42:43,462 - INFO:Deleting src/sentinel_protobuf/sentinel/mint/v1/__init__.py
2026-01-28 21:42:43,462 - INFO:Deleting src/sentinel_protobuf/sentinel/mint/v1/__init__.pyi
2026-01-28 21:42:43,462 - INFO:Deleting src/sentinel_protobuf/sentinel/mint/v1/inflation_pb2.pyi
2026-01-28 21:42:43,463 - INFO:Deleting src/sentinel_protobuf/sentinel/mint/v1/inflation_pb2.py
2026-01-28 21:42:43,463 - INFO:Deleting src/sentinel_protobuf/sentinel/mint/v1/genesis_pb2.py
2026-01-28 21:42:43,463 - INFO:Deleting src/sentinel_protobuf/sentinel/subscription/__init__.py
2026-01-28 21:42:43,463 - INFO:Deleting src/sentinel_protobuf/sentinel/subscription/__init__.pyi
2026-01-28 21:42:43,463 - INFO:Deleting src/sentinel_protobuf/sentinel/subscription/v2/params_pb2.pyi
2026-01-28 21:42:43,463 - INFO:Deleting src/sentinel_protobuf/sentinel/subscription/v2/payout_pb2.py
2026-01-28 21:42:43,463 - INFO:Deleting src/sentinel_protobuf/sentinel/subscription/v2/genesis_pb2.pyi
2026-01-28 21:42:43,463 - INFO:Deleting src/sentinel_protobuf/sentinel/subscription/v2/allocation_pb2.pyi
2026-01-28 21:42:43,464 - INFO:Deleting src/sentinel_protobuf/sentinel/subscription/v2/__init__.py
2026-01-28 21:42:43,464 - INFO:Deleting src/sentinel_protobuf/sentinel/subscription/v2/allocation_pb2.py
2026-01-28 21:42:43,464 - INFO:Deleting src/sentinel_protobuf/sentinel/subscription/v2/subscription_pb2.py
2026-01-28 21:42:43,464 - INFO:Deleting src/sentinel_protobuf/sentinel/subscription/v2/__init__.pyi
2026-01-28 21:42:43,464 - INFO:Deleting src/sentinel_protobuf/sentinel/subscription/v2/events_pb2.py
2026-01-28 21:42:43,464 - INFO:Deleting src/sentinel_protobuf/sentinel/subscription/v2/events_pb2.pyi
2026-01-28 21:42:43,464 - INFO:Deleting src/sentinel_protobuf/sentinel/subscription/v2/payout_pb2.pyi
2026-01-28 21:42:43,464 - INFO:Deleting src/sentinel_protobuf/sentinel/subscription/v2/subscription_pb2.pyi
2026-01-28 21:42:43,464 - INFO:Deleting src/sentinel_protobuf/sentinel/subscription/v2/msg_pb2.py
2026-01-28 21:42:43,464 - INFO:Deleting src/sentinel_protobuf/sentinel/subscription/v2/querier_pb2.pyi
2026-01-28 21:42:43,464 - INFO:Deleting src/sentinel_protobuf/sentinel/subscription/v2/querier_pb2_grpc.py
2026-01-28 21:42:43,464 - INFO:Deleting src/sentinel_protobuf/sentinel/subscription/v2/querier_pb2.py
2026-01-28 21:42:43,465 - INFO:Deleting src/sentinel_protobuf/sentinel/subscription/v2/params_pb2.py
2026-01-28 21:42:43,465 - INFO:Deleting src/sentinel_protobuf/sentinel/subscription/v2/genesis_pb2.py
2026-01-28 21:42:43,465 - INFO:Deleting src/sentinel_protobuf/sentinel/subscription/v2/msg_pb2.pyi
2026-01-28 21:42:43,465 - INFO:Deleting src/sentinel_protobuf/sentinel/subscription/v1/params_pb2.pyi
2026-01-28 21:42:43,465 - INFO:Deleting src/sentinel_protobuf/sentinel/subscription/v1/genesis_pb2.pyi
2026-01-28 21:42:43,465 - INFO:Deleting src/sentinel_protobuf/sentinel/subscription/v1/quota_pb2.py
2026-01-28 21:42:43,465 - INFO:Deleting src/sentinel_protobuf/sentinel/subscription/v1/quota_pb2.pyi
2026-01-28 21:42:43,465 - INFO:Deleting src/sentinel_protobuf/sentinel/subscription/v1/__init__.py
2026-01-28 21:42:43,465 - INFO:Deleting src/sentinel_protobuf/sentinel/subscription/v1/subscription_pb2.py
2026-01-28 21:42:43,465 - INFO:Deleting src/sentinel_protobuf/sentinel/subscription/v1/__init__.pyi
2026-01-28 21:42:43,465 - INFO:Deleting src/sentinel_protobuf/sentinel/subscription/v1/events_pb2.py
2026-01-28 21:42:43,466 - INFO:Deleting src/sentinel_protobuf/sentinel/subscription/v1/events_pb2.pyi
2026-01-28 21:42:43,466 - INFO:Deleting src/sentinel_protobuf/sentinel/subscription/v1/subscription_pb2.pyi
2026-01-28 21:42:43,466 - INFO:Deleting src/sentinel_protobuf/sentinel/subscription/v1/msg_pb2.py
2026-01-28 21:42:43,466 - INFO:Deleting src/sentinel_protobuf/sentinel/subscription/v1/querier_pb2.pyi
2026-01-28 21:42:43,466 - INFO:Deleting src/sentinel_protobuf/sentinel/subscription/v1/querier_pb2_grpc.py
2026-01-28 21:42:43,466 - INFO:Deleting src/sentinel_protobuf/sentinel/subscription/v1/querier_pb2.py
2026-01-28 21:42:43,466 - INFO:Deleting src/sentinel_protobuf/sentinel/subscription/v1/params_pb2.py
2026-01-28 21:42:43,466 - INFO:Deleting src/sentinel_protobuf/sentinel/subscription/v1/genesis_pb2.py
2026-01-28 21:42:43,466 - INFO:Deleting src/sentinel_protobuf/sentinel/subscription/v1/msg_pb2.pyi
2026-01-28 21:42:43,466 - INFO:Deleting src/sentinel_protobuf/sentinel/subscription/v3/params_pb2.pyi
2026-01-28 21:42:43,466 - INFO:Deleting src/sentinel_protobuf/sentinel/subscription/v3/genesis_pb2.pyi
2026-01-28 21:42:43,466 - INFO:Deleting src/sentinel_protobuf/sentinel/subscription/v3/__init__.py
2026-01-28 21:42:43,467 - INFO:Deleting src/sentinel_protobuf/sentinel/subscription/v3/subscription_pb2.py
2026-01-28 21:42:43,467 - INFO:Deleting src/sentinel_protobuf/sentinel/subscription/v3/__init__.pyi
2026-01-28 21:42:43,467 - INFO:Deleting src/sentinel_protobuf/sentinel/subscription/v3/session_pb2.py
2026-01-28 21:42:43,467 - INFO:Deleting src/sentinel_protobuf/sentinel/subscription/v3/events_pb2.py
2026-01-28 21:42:43,467 - INFO:Deleting src/sentinel_protobuf/sentinel/subscription/v3/events_pb2.pyi
2026-01-28 21:42:43,467 - INFO:Deleting src/sentinel_protobuf/sentinel/subscription/v3/subscription_pb2.pyi
2026-01-28 21:42:43,467 - INFO:Deleting src/sentinel_protobuf/sentinel/subscription/v3/msg_pb2.py
2026-01-28 21:42:43,467 - INFO:Deleting src/sentinel_protobuf/sentinel/subscription/v3/querier_pb2.pyi
2026-01-28 21:42:43,467 - INFO:Deleting src/sentinel_protobuf/sentinel/subscription/v3/session_pb2.pyi
2026-01-28 21:42:43,467 - INFO:Deleting src/sentinel_protobuf/sentinel/subscription/v3/querier_pb2_grpc.py
2026-01-28 21:42:43,467 - INFO:Deleting src/sentinel_protobuf/sentinel/subscription/v3/querier_pb2.py
2026-01-28 21:42:43,467 - INFO:Deleting src/sentinel_protobuf/sentinel/subscription/v3/params_pb2.py
2026-01-28 21:42:43,468 - INFO:Deleting src/sentinel_protobuf/sentinel/subscription/v3/genesis_pb2.py
2026-01-28 21:42:43,468 - INFO:Deleting src/sentinel_protobuf/sentinel/subscription/v3/msg_pb2.pyi
2026-01-28 21:42:43,468 - INFO:Deleting src/sentinel_protobuf/sentinel/lease/__init__.py
2026-01-28 21:42:43,468 - INFO:Deleting src/sentinel_protobuf/sentinel/lease/__init__.pyi
2026-01-28 21:42:43,468 - INFO:Deleting src/sentinel_protobuf/sentinel/lease/v1/params_pb2.pyi
2026-01-28 21:42:43,468 - INFO:Deleting src/sentinel_protobuf/sentinel/lease/v1/genesis_pb2.pyi
2026-01-28 21:42:43,468 - INFO:Deleting src/sentinel_protobuf/sentinel/lease/v1/__init__.py
2026-01-28 21:42:43,468 - INFO:Deleting src/sentinel_protobuf/sentinel/lease/v1/lease_pb2.pyi
2026-01-28 21:42:43,468 - INFO:Deleting src/sentinel_protobuf/sentinel/lease/v1/__init__.pyi
2026-01-28 21:42:43,468 - INFO:Deleting src/sentinel_protobuf/sentinel/lease/v1/events_pb2.py
2026-01-28 21:42:43,468 - INFO:Deleting src/sentinel_protobuf/sentinel/lease/v1/events_pb2.pyi
2026-01-28 21:42:43,469 - INFO:Deleting src/sentinel_protobuf/sentinel/lease/v1/msg_pb2.py
2026-01-28 21:42:43,469 - INFO:Deleting src/sentinel_protobuf/sentinel/lease/v1/querier_pb2.pyi
2026-01-28 21:42:43,469 - INFO:Deleting src/sentinel_protobuf/sentinel/lease/v1/querier_pb2_grpc.py
2026-01-28 21:42:43,469 - INFO:Deleting src/sentinel_protobuf/sentinel/lease/v1/querier_pb2.py
2026-01-28 21:42:43,469 - INFO:Deleting src/sentinel_protobuf/sentinel/lease/v1/params_pb2.py
2026-01-28 21:42:43,469 - INFO:Deleting src/sentinel_protobuf/sentinel/lease/v1/lease_pb2.py
2026-01-28 21:42:43,469 - INFO:Deleting src/sentinel_protobuf/sentinel/lease/v1/genesis_pb2.py
2026-01-28 21:42:43,469 - INFO:Deleting src/sentinel_protobuf/sentinel/lease/v1/msg_pb2.pyi
2026-01-28 21:42:43,469 - INFO:Deleting src/sentinel_protobuf/sentinel/plan/__init__.py
2026-01-28 21:42:43,469 - INFO:Deleting src/sentinel_protobuf/sentinel/plan/__init__.pyi
2026-01-28 21:42:43,469 - INFO:Deleting src/sentinel_protobuf/sentinel/plan/v2/genesis_pb2.pyi
2026-01-28 21:42:43,470 - INFO:Deleting src/sentinel_protobuf/sentinel/plan/v2/__init__.py
2026-01-28 21:42:43,470 - INFO:Deleting src/sentinel_protobuf/sentinel/plan/v2/__init__.pyi
2026-01-28 21:42:43,470 - INFO:Deleting src/sentinel_protobuf/sentinel/plan/v2/events_pb2.py
2026-01-28 21:42:43,470 - INFO:Deleting src/sentinel_protobuf/sentinel/plan/v2/events_pb2.pyi
2026-01-28 21:42:43,470 - INFO:Deleting src/sentinel_protobuf/sentinel/plan/v2/plan_pb2.py
2026-01-28 21:42:43,470 - INFO:Deleting src/sentinel_protobuf/sentinel/plan/v2/msg_pb2.py
2026-01-28 21:42:43,470 - INFO:Deleting src/sentinel_protobuf/sentinel/plan/v2/querier_pb2.pyi
2026-01-28 21:42:43,470 - INFO:Deleting src/sentinel_protobuf/sentinel/plan/v2/querier_pb2_grpc.py
2026-01-28 21:42:43,470 - INFO:Deleting src/sentinel_protobuf/sentinel/plan/v2/querier_pb2.py
2026-01-28 21:42:43,470 - INFO:Deleting src/sentinel_protobuf/sentinel/plan/v2/genesis_pb2.py
2026-01-28 21:42:43,470 - INFO:Deleting src/sentinel_protobuf/sentinel/plan/v2/msg_pb2.pyi
2026-01-28 21:42:43,470 - INFO:Deleting src/sentinel_protobuf/sentinel/plan/v2/plan_pb2.pyi
2026-01-28 21:42:43,471 - INFO:Deleting src/sentinel_protobuf/sentinel/plan/v1/params_pb2.pyi
2026-01-28 21:42:43,471 - INFO:Deleting src/sentinel_protobuf/sentinel/plan/v1/genesis_pb2.pyi
2026-01-28 21:42:43,471 - INFO:Deleting src/sentinel_protobuf/sentinel/plan/v1/__init__.py
2026-01-28 21:42:43,471 - INFO:Deleting src/sentinel_protobuf/sentinel/plan/v1/__init__.pyi
2026-01-28 21:42:43,471 - INFO:Deleting src/sentinel_protobuf/sentinel/plan/v1/events_pb2.py
2026-01-28 21:42:43,471 - INFO:Deleting src/sentinel_protobuf/sentinel/plan/v1/events_pb2.pyi
2026-01-28 21:42:43,471 - INFO:Deleting src/sentinel_protobuf/sentinel/plan/v1/plan_pb2.py
2026-01-28 21:42:43,471 - INFO:Deleting src/sentinel_protobuf/sentinel/plan/v1/msg_pb2.py
2026-01-28 21:42:43,471 - INFO:Deleting src/sentinel_protobuf/sentinel/plan/v1/querier_pb2.pyi
2026-01-28 21:42:43,471 - INFO:Deleting src/sentinel_protobuf/sentinel/plan/v1/querier_pb2_grpc.py
2026-01-28 21:42:43,471 - INFO:Deleting src/sentinel_protobuf/sentinel/plan/v1/querier_pb2.py
2026-01-28 21:42:43,472 - INFO:Deleting src/sentinel_protobuf/sentinel/plan/v1/params_pb2.py
2026-01-28 21:42:43,472 - INFO:Deleting src/sentinel_protobuf/sentinel/plan/v1/genesis_pb2.py
2026-01-28 21:42:43,472 - INFO:Deleting src/sentinel_protobuf/sentinel/plan/v1/msg_pb2.pyi
2026-01-28 21:42:43,472 - INFO:Deleting src/sentinel_protobuf/sentinel/plan/v1/plan_pb2.pyi
2026-01-28 21:42:43,472 - INFO:Deleting src/sentinel_protobuf/sentinel/plan/v3/genesis_pb2.pyi
2026-01-28 21:42:43,472 - INFO:Deleting src/sentinel_protobuf/sentinel/plan/v3/__init__.py
2026-01-28 21:42:43,472 - INFO:Deleting src/sentinel_protobuf/sentinel/plan/v3/__init__.pyi
2026-01-28 21:42:43,472 - INFO:Deleting src/sentinel_protobuf/sentinel/plan/v3/events_pb2.py
2026-01-28 21:42:43,472 - INFO:Deleting src/sentinel_protobuf/sentinel/plan/v3/events_pb2.pyi
2026-01-28 21:42:43,472 - INFO:Deleting src/sentinel_protobuf/sentinel/plan/v3/plan_pb2.py
2026-01-28 21:42:43,472 - INFO:Deleting src/sentinel_protobuf/sentinel/plan/v3/msg_pb2.py
2026-01-28 21:42:43,472 - INFO:Deleting src/sentinel_protobuf/sentinel/plan/v3/querier_pb2.pyi
2026-01-28 21:42:43,473 - INFO:Deleting src/sentinel_protobuf/sentinel/plan/v3/querier_pb2_grpc.py
2026-01-28 21:42:43,473 - INFO:Deleting src/sentinel_protobuf/sentinel/plan/v3/querier_pb2.py
2026-01-28 21:42:43,473 - INFO:Deleting src/sentinel_protobuf/sentinel/plan/v3/genesis_pb2.py
2026-01-28 21:42:43,473 - INFO:Deleting src/sentinel_protobuf/sentinel/plan/v3/msg_pb2.pyi
2026-01-28 21:42:43,473 - INFO:Deleting src/sentinel_protobuf/sentinel/plan/v3/plan_pb2.pyi
2026-01-28 21:42:43,473 - INFO:Deleting src/sentinel_protobuf/sentinel/node/__init__.py
2026-01-28 21:42:43,473 - INFO:Deleting src/sentinel_protobuf/sentinel/node/__init__.pyi
2026-01-28 21:42:43,473 - INFO:Deleting src/sentinel_protobuf/sentinel/node/v2/node_pb2.pyi
2026-01-28 21:42:43,473 - INFO:Deleting src/sentinel_protobuf/sentinel/node/v2/params_pb2.pyi
2026-01-28 21:42:43,473 - INFO:Deleting src/sentinel_protobuf/sentinel/node/v2/genesis_pb2.pyi
2026-01-28 21:42:43,473 - INFO:Deleting src/sentinel_protobuf/sentinel/node/v2/__init__.py
2026-01-28 21:42:43,473 - INFO:Deleting src/sentinel_protobuf/sentinel/node/v2/__init__.pyi
2026-01-28 21:42:43,473 - INFO:Deleting src/sentinel_protobuf/sentinel/node/v2/events_pb2.py
2026-01-28 21:42:43,473 - INFO:Deleting src/sentinel_protobuf/sentinel/node/v2/events_pb2.pyi
2026-01-28 21:42:43,473 - INFO:Deleting src/sentinel_protobuf/sentinel/node/v2/node_pb2.py
2026-01-28 21:42:43,474 - INFO:Deleting src/sentinel_protobuf/sentinel/node/v2/msg_pb2.py
2026-01-28 21:42:43,474 - INFO:Deleting src/sentinel_protobuf/sentinel/node/v2/querier_pb2.pyi
2026-01-28 21:42:43,474 - INFO:Deleting src/sentinel_protobuf/sentinel/node/v2/querier_pb2_grpc.py
2026-01-28 21:42:43,474 - INFO:Deleting src/sentinel_protobuf/sentinel/node/v2/querier_pb2.py
2026-01-28 21:42:43,474 - INFO:Deleting src/sentinel_protobuf/sentinel/node/v2/params_pb2.py
2026-01-28 21:42:43,474 - INFO:Deleting src/sentinel_protobuf/sentinel/node/v2/genesis_pb2.py
2026-01-28 21:42:43,474 - INFO:Deleting src/sentinel_protobuf/sentinel/node/v2/msg_pb2.pyi
2026-01-28 21:42:43,474 - INFO:Deleting src/sentinel_protobuf/sentinel/node/v1/node_pb2.pyi
2026-01-28 21:42:43,474 - INFO:Deleting src/sentinel_protobuf/sentinel/node/v1/params_pb2.pyi
2026-01-28 21:42:43,474 - INFO:Deleting src/sentinel_protobuf/sentinel/node/v1/genesis_pb2.pyi
2026-01-28 21:42:43,474 - INFO:Deleting src/sentinel_protobuf/sentinel/node/v1/__init__.py
2026-01-28 21:42:43,474 - INFO:Deleting src/sentinel_protobuf/sentinel/node/v1/__init__.pyi
2026-01-28 21:42:43,474 - INFO:Deleting src/sentinel_protobuf/sentinel/node/v1/events_pb2.py
2026-01-28 21:42:43,474 - INFO:Deleting src/sentinel_protobuf/sentinel/node/v1/events_pb2.pyi
2026-01-28 21:42:43,474 - INFO:Deleting src/sentinel_protobuf/sentinel/node/v1/node_pb2.py
2026-01-28 21:42:43,474 - INFO:Deleting src/sentinel_protobuf/sentinel/node/v1/msg_pb2.py
2026-01-28 21:42:43,474 - INFO:Deleting src/sentinel_protobuf/sentinel/node/v1/querier_pb2.pyi
2026-01-28 21:42:43,475 - INFO:Deleting src/sentinel_protobuf/sentinel/node/v1/querier_pb2_grpc.py
2026-01-28 21:42:43,475 - INFO:Deleting src/sentinel_protobuf/sentinel/node/v1/querier_pb2.py
2026-01-28 21:42:43,475 - INFO:Deleting src/sentinel_protobuf/sentinel/node/v1/params_pb2.py
2026-01-28 21:42:43,475 - INFO:Deleting src/sentinel_protobuf/sentinel/node/v1/genesis_pb2.py
2026-01-28 21:42:43,475 - INFO:Deleting src/sentinel_protobuf/sentinel/node/v1/msg_pb2.pyi
2026-01-28 21:42:43,475 - INFO:Deleting src/sentinel_protobuf/sentinel/node/v3/node_pb2.pyi
2026-01-28 21:42:43,475 - INFO:Deleting src/sentinel_protobuf/sentinel/node/v3/params_pb2.pyi
2026-01-28 21:42:43,475 - INFO:Deleting src/sentinel_protobuf/sentinel/node/v3/genesis_pb2.pyi
2026-01-28 21:42:43,475 - INFO:Deleting src/sentinel_protobuf/sentinel/node/v3/__init__.py
2026-01-28 21:42:43,475 - INFO:Deleting src/sentinel_protobuf/sentinel/node/v3/__init__.pyi
2026-01-28 21:42:43,475 - INFO:Deleting src/sentinel_protobuf/sentinel/node/v3/session_pb2.py
2026-01-28 21:42:43,475 - INFO:Deleting src/sentinel_protobuf/sentinel/node/v3/events_pb2.py
2026-01-28 21:42:43,476 - INFO:Deleting src/sentinel_protobuf/sentinel/node/v3/events_pb2.pyi
2026-01-28 21:42:43,476 - INFO:Deleting src/sentinel_protobuf/sentinel/node/v3/node_pb2.py
2026-01-28 21:42:43,476 - INFO:Deleting src/sentinel_protobuf/sentinel/node/v3/msg_pb2.py
2026-01-28 21:42:43,476 - INFO:Deleting src/sentinel_protobuf/sentinel/node/v3/querier_pb2.pyi
2026-01-28 21:42:43,476 - INFO:Deleting src/sentinel_protobuf/sentinel/node/v3/session_pb2.pyi
2026-01-28 21:42:43,476 - INFO:Deleting src/sentinel_protobuf/sentinel/node/v3/querier_pb2_grpc.py
2026-01-28 21:42:43,476 - INFO:Deleting src/sentinel_protobuf/sentinel/node/v3/querier_pb2.py
2026-01-28 21:42:43,476 - INFO:Deleting src/sentinel_protobuf/sentinel/node/v3/params_pb2.py
2026-01-28 21:42:43,476 - INFO:Deleting src/sentinel_protobuf/sentinel/node/v3/genesis_pb2.py
2026-01-28 21:42:43,476 - INFO:Deleting src/sentinel_protobuf/sentinel/node/v3/msg_pb2.pyi
2026-01-28 21:42:43,476 - INFO:Deleting src/sentinel_protobuf/sentinel/oracle/__init__.py
2026-01-28 21:42:43,476 - INFO:Deleting src/sentinel_protobuf/sentinel/oracle/__init__.pyi
2026-01-28 21:42:43,477 - INFO:Deleting src/sentinel_protobuf/sentinel/oracle/v1/params_pb2.pyi
2026-01-28 21:42:43,477 - INFO:Deleting src/sentinel_protobuf/sentinel/oracle/v1/__init__.py
2026-01-28 21:42:43,477 - INFO:Deleting src/sentinel_protobuf/sentinel/oracle/v1/__init__.pyi
2026-01-28 21:42:43,477 - INFO:Deleting src/sentinel_protobuf/sentinel/oracle/v1/events_pb2.py
2026-01-28 21:42:43,477 - INFO:Deleting src/sentinel_protobuf/sentinel/oracle/v1/events_pb2.pyi
2026-01-28 21:42:43,477 - INFO:Deleting src/sentinel_protobuf/sentinel/oracle/v1/params_pb2.py
2026-01-28 21:42:43,477 - INFO:Deleting src/sentinel_protobuf/sentinel/swap/__init__.py
2026-01-28 21:42:43,477 - INFO:Deleting src/sentinel_protobuf/sentinel/swap/__init__.pyi
2026-01-28 21:42:43,477 - INFO:Deleting src/sentinel_protobuf/sentinel/swap/v1/params_pb2.pyi
2026-01-28 21:42:43,477 - INFO:Deleting src/sentinel_protobuf/sentinel/swap/v1/genesis_pb2.pyi
2026-01-28 21:42:43,477 - INFO:Deleting src/sentinel_protobuf/sentinel/swap/v1/swap_pb2.py
2026-01-28 21:42:43,478 - INFO:Deleting src/sentinel_protobuf/sentinel/swap/v1/__init__.py
2026-01-28 21:42:43,478 - INFO:Deleting src/sentinel_protobuf/sentinel/swap/v1/__init__.pyi
2026-01-28 21:42:43,478 - INFO:Deleting src/sentinel_protobuf/sentinel/swap/v1/events_pb2.py
2026-01-28 21:42:43,478 - INFO:Deleting src/sentinel_protobuf/sentinel/swap/v1/events_pb2.pyi
2026-01-28 21:42:43,478 - INFO:Deleting src/sentinel_protobuf/sentinel/swap/v1/swap_pb2.pyi
2026-01-28 21:42:43,478 - INFO:Deleting src/sentinel_protobuf/sentinel/swap/v1/msg_pb2.py
2026-01-28 21:42:43,479 - INFO:Deleting src/sentinel_protobuf/sentinel/swap/v1/querier_pb2.pyi
2026-01-28 21:42:43,479 - INFO:Deleting src/sentinel_protobuf/sentinel/swap/v1/querier_pb2_grpc.py
2026-01-28 21:42:43,479 - INFO:Deleting src/sentinel_protobuf/sentinel/swap/v1/querier_pb2.py
2026-01-28 21:42:43,479 - INFO:Deleting src/sentinel_protobuf/sentinel/swap/v1/params_pb2.py
2026-01-28 21:42:43,479 - INFO:Deleting src/sentinel_protobuf/sentinel/swap/v1/genesis_pb2.py
2026-01-28 21:42:43,479 - INFO:Deleting src/sentinel_protobuf/sentinel/swap/v1/msg_pb2.pyi
2026-01-28 21:42:43,479 - INFO:Deleting src/sentinel_protobuf/sentinel/session/__init__.py
2026-01-28 21:42:43,479 - INFO:Deleting src/sentinel_protobuf/sentinel/session/__init__.pyi
2026-01-28 21:42:43,479 - INFO:Deleting src/sentinel_protobuf/sentinel/session/v2/params_pb2.pyi
2026-01-28 21:42:43,479 - INFO:Deleting src/sentinel_protobuf/sentinel/session/v2/genesis_pb2.pyi
2026-01-28 21:42:43,479 - INFO:Deleting src/sentinel_protobuf/sentinel/session/v2/__init__.py
2026-01-28 21:42:43,480 - INFO:Deleting src/sentinel_protobuf/sentinel/session/v2/__init__.pyi
2026-01-28 21:42:43,480 - INFO:Deleting src/sentinel_protobuf/sentinel/session/v2/session_pb2.py
2026-01-28 21:42:43,480 - INFO:Deleting src/sentinel_protobuf/sentinel/session/v2/proof_pb2.pyi
2026-01-28 21:42:43,480 - INFO:Deleting src/sentinel_protobuf/sentinel/session/v2/proof_pb2.py
2026-01-28 21:42:43,480 - INFO:Deleting src/sentinel_protobuf/sentinel/session/v2/events_pb2.py
2026-01-28 21:42:43,480 - INFO:Deleting src/sentinel_protobuf/sentinel/session/v2/events_pb2.pyi
2026-01-28 21:42:43,480 - INFO:Deleting src/sentinel_protobuf/sentinel/session/v2/msg_pb2.py
2026-01-28 21:42:43,480 - INFO:Deleting src/sentinel_protobuf/sentinel/session/v2/querier_pb2.pyi
2026-01-28 21:42:43,480 - INFO:Deleting src/sentinel_protobuf/sentinel/session/v2/session_pb2.pyi
2026-01-28 21:42:43,480 - INFO:Deleting src/sentinel_protobuf/sentinel/session/v2/querier_pb2_grpc.py
2026-01-28 21:42:43,481 - INFO:Deleting src/sentinel_protobuf/sentinel/session/v2/querier_pb2.py
2026-01-28 21:42:43,481 - INFO:Deleting src/sentinel_protobuf/sentinel/session/v2/params_pb2.py
2026-01-28 21:42:43,481 - INFO:Deleting src/sentinel_protobuf/sentinel/session/v2/genesis_pb2.py
2026-01-28 21:42:43,481 - INFO:Deleting src/sentinel_protobuf/sentinel/session/v2/msg_pb2.pyi
2026-01-28 21:42:43,481 - INFO:Deleting src/sentinel_protobuf/sentinel/session/v1/params_pb2.pyi
2026-01-28 21:42:43,481 - INFO:Deleting src/sentinel_protobuf/sentinel/session/v1/genesis_pb2.pyi
2026-01-28 21:42:43,481 - INFO:Deleting src/sentinel_protobuf/sentinel/session/v1/__init__.py
2026-01-28 21:42:43,481 - INFO:Deleting src/sentinel_protobuf/sentinel/session/v1/__init__.pyi
2026-01-28 21:42:43,481 - INFO:Deleting src/sentinel_protobuf/sentinel/session/v1/session_pb2.py
2026-01-28 21:42:43,481 - INFO:Deleting src/sentinel_protobuf/sentinel/session/v1/proof_pb2.pyi
2026-01-28 21:42:43,481 - INFO:Deleting src/sentinel_protobuf/sentinel/session/v1/proof_pb2.py
2026-01-28 21:42:43,481 - INFO:Deleting src/sentinel_protobuf/sentinel/session/v1/events_pb2.py
2026-01-28 21:42:43,482 - INFO:Deleting src/sentinel_protobuf/sentinel/session/v1/events_pb2.pyi
2026-01-28 21:42:43,482 - INFO:Deleting src/sentinel_protobuf/sentinel/session/v1/msg_pb2.py
2026-01-28 21:42:43,482 - INFO:Deleting src/sentinel_protobuf/sentinel/session/v1/querier_pb2.pyi
2026-01-28 21:42:43,482 - INFO:Deleting src/sentinel_protobuf/sentinel/session/v1/session_pb2.pyi
2026-01-28 21:42:43,482 - INFO:Deleting src/sentinel_protobuf/sentinel/session/v1/querier_pb2_grpc.py
2026-01-28 21:42:43,482 - INFO:Deleting src/sentinel_protobuf/sentinel/session/v1/querier_pb2.py
2026-01-28 21:42:43,482 - INFO:Deleting src/sentinel_protobuf/sentinel/session/v1/params_pb2.py
2026-01-28 21:42:43,482 - INFO:Deleting src/sentinel_protobuf/sentinel/session/v1/genesis_pb2.py
2026-01-28 21:42:43,482 - INFO:Deleting src/sentinel_protobuf/sentinel/session/v1/msg_pb2.pyi
2026-01-28 21:42:43,482 - INFO:Deleting src/sentinel_protobuf/sentinel/session/v3/params_pb2.pyi
2026-01-28 21:42:43,482 - INFO:Deleting src/sentinel_protobuf/sentinel/session/v3/genesis_pb2.pyi
2026-01-28 21:42:43,483 - INFO:Deleting src/sentinel_protobuf/sentinel/session/v3/__init__.py
2026-01-28 21:42:43,483 - INFO:Deleting src/sentinel_protobuf/sentinel/session/v3/__init__.pyi
2026-01-28 21:42:43,483 - INFO:Deleting src/sentinel_protobuf/sentinel/session/v3/session_pb2.py
2026-01-28 21:42:43,483 - INFO:Deleting src/sentinel_protobuf/sentinel/session/v3/proof_pb2.pyi
2026-01-28 21:42:43,483 - INFO:Deleting src/sentinel_protobuf/sentinel/session/v3/proof_pb2.py
2026-01-28 21:42:43,483 - INFO:Deleting src/sentinel_protobuf/sentinel/session/v3/events_pb2.py
2026-01-28 21:42:43,483 - INFO:Deleting src/sentinel_protobuf/sentinel/session/v3/events_pb2.pyi
2026-01-28 21:42:43,483 - INFO:Deleting src/sentinel_protobuf/sentinel/session/v3/msg_pb2.py
2026-01-28 21:42:43,483 - INFO:Deleting src/sentinel_protobuf/sentinel/session/v3/querier_pb2.pyi
2026-01-28 21:42:43,483 - INFO:Deleting src/sentinel_protobuf/sentinel/session/v3/session_pb2.pyi
2026-01-28 21:42:43,483 - INFO:Deleting src/sentinel_protobuf/sentinel/session/v3/querier_pb2_grpc.py
2026-01-28 21:42:43,483 - INFO:Deleting src/sentinel_protobuf/sentinel/session/v3/querier_pb2.py
2026-01-28 21:42:43,484 - INFO:Deleting src/sentinel_protobuf/sentinel/session/v3/params_pb2.py
2026-01-28 21:42:43,484 - INFO:Deleting src/sentinel_protobuf/sentinel/session/v3/genesis_pb2.py
2026-01-28 21:42:43,484 - INFO:Deleting src/sentinel_protobuf/sentinel/session/v3/msg_pb2.pyi
2026-01-28 21:42:43,484 - INFO:Deleting src/sentinel_protobuf/sentinel/deposit/__init__.py
2026-01-28 21:42:43,484 - INFO:Deleting src/sentinel_protobuf/sentinel/deposit/__init__.pyi
2026-01-28 21:42:43,484 - INFO:Deleting src/sentinel_protobuf/sentinel/deposit/v2/__init__.py
2026-01-28 21:42:43,484 - INFO:Deleting src/sentinel_protobuf/sentinel/deposit/v2/__init__.pyi
2026-01-28 21:42:43,484 - INFO:Deleting src/sentinel_protobuf/sentinel/deposit/v2/events_pb2.py
2026-01-28 21:42:43,484 - INFO:Deleting src/sentinel_protobuf/sentinel/deposit/v2/events_pb2.pyi
2026-01-28 21:42:43,484 - INFO:Deleting src/sentinel_protobuf/sentinel/deposit/v1/genesis_pb2.pyi
2026-01-28 21:42:43,484 - INFO:Deleting src/sentinel_protobuf/sentinel/deposit/v1/__init__.py
2026-01-28 21:42:43,485 - INFO:Deleting src/sentinel_protobuf/sentinel/deposit/v1/__init__.pyi
2026-01-28 21:42:43,485 - INFO:Deleting src/sentinel_protobuf/sentinel/deposit/v1/events_pb2.py
2026-01-28 21:42:43,485 - INFO:Deleting src/sentinel_protobuf/sentinel/deposit/v1/deposit_pb2.pyi
2026-01-28 21:42:43,485 - INFO:Deleting src/sentinel_protobuf/sentinel/deposit/v1/events_pb2.pyi
2026-01-28 21:42:43,485 - INFO:Deleting src/sentinel_protobuf/sentinel/deposit/v1/querier_pb2.pyi
2026-01-28 21:42:43,485 - INFO:Deleting src/sentinel_protobuf/sentinel/deposit/v1/querier_pb2_grpc.py
2026-01-28 21:42:43,485 - INFO:Deleting src/sentinel_protobuf/sentinel/deposit/v1/querier_pb2.py
2026-01-28 21:42:43,485 - INFO:Deleting src/sentinel_protobuf/sentinel/deposit/v1/genesis_pb2.py
2026-01-28 21:42:43,485 - INFO:Deleting src/sentinel_protobuf/sentinel/deposit/v1/deposit_pb2.py
2026-01-28 21:42:43,485 - INFO:Deleting src/sentinel_protobuf/cosmos_proto/__init__.py
2026-01-28 21:42:43,485 - INFO:Deleting src/sentinel_protobuf/cosmos_proto/__init__.pyi
2026-01-28 21:42:43,485 - INFO:Deleting src/sentinel_protobuf/cosmos_proto/cosmos_pb2.py
2026-01-28 21:42:43,486 - INFO:Deleting src/sentinel_protobuf/cosmos_proto/cosmos_pb2.pyi
2026-01-28 21:42:43,486 - INFO:Deleting src/sentinel_protobuf/amino/__init__.py
2026-01-28 21:42:43,486 - INFO:Deleting src/sentinel_protobuf/amino/amino_pb2.pyi
2026-01-28 21:42:43,486 - INFO:Deleting src/sentinel_protobuf/amino/__init__.pyi
2026-01-28 21:42:43,486 - INFO:Deleting src/sentinel_protobuf/amino/amino_pb2.py
2026-01-28 21:42:43,486 - INFO:Deleting src/sentinel_protobuf/tendermint/__init__.py
2026-01-28 21:42:43,486 - INFO:Deleting src/sentinel_protobuf/tendermint/__init__.pyi
2026-01-28 21:42:43,486 - INFO:Deleting src/sentinel_protobuf/tendermint/types/params_pb2.pyi
2026-01-28 21:42:43,486 - INFO:Deleting src/sentinel_protobuf/tendermint/types/validator_pb2.py
2026-01-28 21:42:43,487 - INFO:Deleting src/sentinel_protobuf/tendermint/types/__init__.py
2026-01-28 21:42:43,487 - INFO:Deleting src/sentinel_protobuf/tendermint/types/evidence_pb2.py
2026-01-28 21:42:43,487 - INFO:Deleting src/sentinel_protobuf/tendermint/types/__init__.pyi
2026-01-28 21:42:43,487 - INFO:Deleting src/sentinel_protobuf/tendermint/types/block_pb2.py
2026-01-28 21:42:43,487 - INFO:Deleting src/sentinel_protobuf/tendermint/types/events_pb2.py
2026-01-28 21:42:43,487 - INFO:Deleting src/sentinel_protobuf/tendermint/types/events_pb2.pyi
2026-01-28 21:42:43,487 - INFO:Deleting src/sentinel_protobuf/tendermint/types/types_pb2.pyi
2026-01-28 21:42:43,487 - INFO:Deleting src/sentinel_protobuf/tendermint/types/types_pb2.py
2026-01-28 21:42:43,487 - INFO:Deleting src/sentinel_protobuf/tendermint/types/canonical_pb2.py
2026-01-28 21:42:43,487 - INFO:Deleting src/sentinel_protobuf/tendermint/types/validator_pb2.pyi
2026-01-28 21:42:43,487 - INFO:Deleting src/sentinel_protobuf/tendermint/types/evidence_pb2.pyi
2026-01-28 21:42:43,487 - INFO:Deleting src/sentinel_protobuf/tendermint/types/params_pb2.py
2026-01-28 21:42:43,488 - INFO:Deleting src/sentinel_protobuf/tendermint/types/block_pb2.pyi
2026-01-28 21:42:43,488 - INFO:Deleting src/sentinel_protobuf/tendermint/types/canonical_pb2.pyi
2026-01-28 21:42:43,488 - INFO:Deleting src/sentinel_protobuf/tendermint/rpc/__init__.py
2026-01-28 21:42:43,488 - INFO:Deleting src/sentinel_protobuf/tendermint/rpc/__init__.pyi
2026-01-28 21:42:43,488 - INFO:Deleting src/sentinel_protobuf/tendermint/rpc/grpc/__init__.py
2026-01-28 21:42:43,488 - INFO:Deleting src/sentinel_protobuf/tendermint/rpc/grpc/__init__.pyi
2026-01-28 21:42:43,488 - INFO:Deleting src/sentinel_protobuf/tendermint/rpc/grpc/types_pb2.pyi
2026-01-28 21:42:43,488 - INFO:Deleting src/sentinel_protobuf/tendermint/rpc/grpc/types_pb2.py
2026-01-28 21:42:43,488 - INFO:Deleting src/sentinel_protobuf/tendermint/store/__init__.py
2026-01-28 21:42:43,488 - INFO:Deleting src/sentinel_protobuf/tendermint/store/__init__.pyi
2026-01-28 21:42:43,488 - INFO:Deleting src/sentinel_protobuf/tendermint/store/types_pb2.pyi
2026-01-28 21:42:43,489 - INFO:Deleting src/sentinel_protobuf/tendermint/store/types_pb2.py
2026-01-28 21:42:43,489 - INFO:Deleting src/sentinel_protobuf/tendermint/libs/__init__.py
2026-01-28 21:42:43,489 - INFO:Deleting src/sentinel_protobuf/tendermint/libs/__init__.pyi
2026-01-28 21:42:43,489 - INFO:Deleting src/sentinel_protobuf/tendermint/libs/bits/__init__.py
2026-01-28 21:42:43,489 - INFO:Deleting src/sentinel_protobuf/tendermint/libs/bits/__init__.pyi
2026-01-28 21:42:43,489 - INFO:Deleting src/sentinel_protobuf/tendermint/libs/bits/types_pb2.pyi
2026-01-28 21:42:43,489 - INFO:Deleting src/sentinel_protobuf/tendermint/libs/bits/types_pb2.py
2026-01-28 21:42:43,489 - INFO:Deleting src/sentinel_protobuf/tendermint/abci/__init__.py
2026-01-28 21:42:43,489 - INFO:Deleting src/sentinel_protobuf/tendermint/abci/__init__.pyi
2026-01-28 21:42:43,489 - INFO:Deleting src/sentinel_protobuf/tendermint/abci/types_pb2.pyi
2026-01-28 21:42:43,489 - INFO:Deleting src/sentinel_protobuf/tendermint/abci/types_pb2.py
2026-01-28 21:42:43,490 - INFO:Deleting src/sentinel_protobuf/tendermint/version/__init__.py
2026-01-28 21:42:43,490 - INFO:Deleting src/sentinel_protobuf/tendermint/version/__init__.pyi
2026-01-28 21:42:43,490 - INFO:Deleting src/sentinel_protobuf/tendermint/version/types_pb2.pyi
2026-01-28 21:42:43,490 - INFO:Deleting src/sentinel_protobuf/tendermint/version/types_pb2.py
2026-01-28 21:42:43,490 - INFO:Deleting src/sentinel_protobuf/tendermint/statesync/__init__.py
2026-01-28 21:42:43,490 - INFO:Deleting src/sentinel_protobuf/tendermint/statesync/__init__.pyi
2026-01-28 21:42:43,490 - INFO:Deleting src/sentinel_protobuf/tendermint/statesync/types_pb2.pyi
2026-01-28 21:42:43,490 - INFO:Deleting src/sentinel_protobuf/tendermint/statesync/types_pb2.py
2026-01-28 21:42:43,490 - INFO:Deleting src/sentinel_protobuf/tendermint/blocksync/__init__.py
2026-01-28 21:42:43,490 - INFO:Deleting src/sentinel_protobuf/tendermint/blocksync/__init__.pyi
2026-01-28 21:42:43,490 - INFO:Deleting src/sentinel_protobuf/tendermint/blocksync/types_pb2.pyi
2026-01-28 21:42:43,491 - INFO:Deleting src/sentinel_protobuf/tendermint/blocksync/types_pb2.py
2026-01-28 21:42:43,491 - INFO:Deleting src/sentinel_protobuf/tendermint/p2p/conn_pb2.pyi
2026-01-28 21:42:43,491 - INFO:Deleting src/sentinel_protobuf/tendermint/p2p/__init__.py
2026-01-28 21:42:43,491 - INFO:Deleting src/sentinel_protobuf/tendermint/p2p/__init__.pyi
2026-01-28 21:42:43,491 - INFO:Deleting src/sentinel_protobuf/tendermint/p2p/pex_pb2.pyi
2026-01-28 21:42:43,491 - INFO:Deleting src/sentinel_protobuf/tendermint/p2p/types_pb2.pyi
2026-01-28 21:42:43,491 - INFO:Deleting src/sentinel_protobuf/tendermint/p2p/types_pb2.py
2026-01-28 21:42:43,491 - INFO:Deleting src/sentinel_protobuf/tendermint/p2p/pex_pb2.py
2026-01-28 21:42:43,491 - INFO:Deleting src/sentinel_protobuf/tendermint/p2p/conn_pb2.py
2026-01-28 21:42:43,491 - INFO:Deleting src/sentinel_protobuf/tendermint/crypto/__init__.py
2026-01-28 21:42:43,491 - INFO:Deleting src/sentinel_protobuf/tendermint/crypto/__init__.pyi
2026-01-28 21:42:43,492 - INFO:Deleting src/sentinel_protobuf/tendermint/crypto/keys_pb2.pyi
2026-01-28 21:42:43,492 - INFO:Deleting src/sentinel_protobuf/tendermint/crypto/proof_pb2.pyi
2026-01-28 21:42:43,492 - INFO:Deleting src/sentinel_protobuf/tendermint/crypto/keys_pb2.py
2026-01-28 21:42:43,492 - INFO:Deleting src/sentinel_protobuf/tendermint/crypto/proof_pb2.py
2026-01-28 21:42:43,492 - INFO:Deleting src/sentinel_protobuf/tendermint/state/__init__.py
2026-01-28 21:42:43,492 - INFO:Deleting src/sentinel_protobuf/tendermint/state/__init__.pyi
2026-01-28 21:42:43,492 - INFO:Deleting src/sentinel_protobuf/tendermint/state/types_pb2.pyi
2026-01-28 21:42:43,492 - INFO:Deleting src/sentinel_protobuf/tendermint/state/types_pb2.py
2026-01-28 21:42:43,492 - INFO:Deleting src/sentinel_protobuf/tendermint/mempool/__init__.py
2026-01-28 21:42:43,492 - INFO:Deleting src/sentinel_protobuf/tendermint/mempool/__init__.pyi
2026-01-28 21:42:43,492 - INFO:Deleting src/sentinel_protobuf/tendermint/mempool/types_pb2.pyi
2026-01-28 21:42:43,492 - INFO:Deleting src/sentinel_protobuf/tendermint/mempool/types_pb2.py
2026-01-28 21:42:43,492 - INFO:Deleting src/sentinel_protobuf/tendermint/privval/__init__.py
2026-01-28 21:42:43,493 - INFO:Deleting src/sentinel_protobuf/tendermint/privval/__init__.pyi
2026-01-28 21:42:43,493 - INFO:Deleting src/sentinel_protobuf/tendermint/privval/types_pb2.pyi
2026-01-28 21:42:43,493 - INFO:Deleting src/sentinel_protobuf/tendermint/privval/types_pb2.py
2026-01-28 21:42:43,493 - INFO:Deleting src/sentinel_protobuf/tendermint/consensus/__init__.py
2026-01-28 21:42:43,493 - INFO:Deleting src/sentinel_protobuf/tendermint/consensus/__init__.pyi
2026-01-28 21:42:43,493 - INFO:Deleting src/sentinel_protobuf/tendermint/consensus/wal_pb2.py
2026-01-28 21:42:43,493 - INFO:Deleting src/sentinel_protobuf/tendermint/consensus/types_pb2.pyi
2026-01-28 21:42:43,493 - INFO:Deleting src/sentinel_protobuf/tendermint/consensus/types_pb2.py
2026-01-28 21:42:43,493 - INFO:Deleting src/sentinel_protobuf/tendermint/consensus/wal_pb2.pyi
2026-01-28 21:42:43,493 - INFO:Deleting src/sentinel_protobuf/gogoproto/__init__.py
2026-01-28 21:42:43,493 - INFO:Deleting src/sentinel_protobuf/gogoproto/gogo_pb2.pyi
2026-01-28 21:42:43,494 - INFO:Deleting src/sentinel_protobuf/gogoproto/__init__.pyi
2026-01-28 21:42:43,494 - INFO:Deleting src/sentinel_protobuf/gogoproto/gogo_pb2.py
2026-01-28 21:42:43,494 - INFO:Deleting src/sentinel_protobuf/ibc/__init__.py
2026-01-28 21:42:43,494 - INFO:Deleting src/sentinel_protobuf/ibc/__init__.pyi
2026-01-28 21:42:43,494 - INFO:Deleting src/sentinel_protobuf/ibc/core/__init__.py
2026-01-28 21:42:43,494 - INFO:Deleting src/sentinel_protobuf/ibc/core/__init__.pyi
2026-01-28 21:42:43,494 - INFO:Deleting src/sentinel_protobuf/ibc/core/types/__init__.py
2026-01-28 21:42:43,494 - INFO:Deleting src/sentinel_protobuf/ibc/core/types/__init__.pyi
2026-01-28 21:42:43,494 - INFO:Deleting src/sentinel_protobuf/ibc/core/types/v1/__init__.py
2026-01-28 21:42:43,494 - INFO:Deleting src/sentinel_protobuf/ibc/core/types/v1/__init__.pyi
2026-01-28 21:42:43,494 - INFO:Deleting src/sentinel_protobuf/ibc/core/commitment/__init__.py
2026-01-28 21:42:43,495 - INFO:Deleting src/sentinel_protobuf/ibc/core/commitment/__init__.pyi
2026-01-28 21:42:43,495 - INFO:Deleting src/sentinel_protobuf/ibc/core/commitment/v1/__init__.py
2026-01-28 21:42:43,495 - INFO:Deleting src/sentinel_protobuf/ibc/core/commitment/v1/__init__.pyi
2026-01-28 21:42:43,495 - INFO:Deleting src/sentinel_protobuf/ibc/core/connection/__init__.py
2026-01-28 21:42:43,495 - INFO:Deleting src/sentinel_protobuf/ibc/core/connection/__init__.pyi
2026-01-28 21:42:43,495 - INFO:Deleting src/sentinel_protobuf/ibc/core/connection/v1/__init__.py
2026-01-28 21:42:43,495 - INFO:Deleting src/sentinel_protobuf/ibc/core/connection/v1/__init__.pyi
2026-01-28 21:42:43,495 - INFO:Deleting src/sentinel_protobuf/ibc/core/channel/__init__.py
2026-01-28 21:42:43,495 - INFO:Deleting src/sentinel_protobuf/ibc/core/channel/__init__.pyi
2026-01-28 21:42:43,495 - INFO:Deleting src/sentinel_protobuf/ibc/core/channel/v1/query_pb2_grpc.py
2026-01-28 21:42:43,496 - INFO:Deleting src/sentinel_protobuf/ibc/core/channel/v1/tx_pb2.py
2026-01-28 21:42:43,496 - INFO:Deleting src/sentinel_protobuf/ibc/core/channel/v1/genesis_pb2.pyi
2026-01-28 21:42:43,496 - INFO:Deleting src/sentinel_protobuf/ibc/core/channel/v1/__init__.py
2026-01-28 21:42:43,496 - INFO:Deleting src/sentinel_protobuf/ibc/core/channel/v1/query_pb2.py
2026-01-28 21:42:43,496 - INFO:Deleting src/sentinel_protobuf/ibc/core/channel/v1/__init__.pyi
2026-01-28 21:42:43,496 - INFO:Deleting src/sentinel_protobuf/ibc/core/channel/v1/query_pb2.pyi
2026-01-28 21:42:43,496 - INFO:Deleting src/sentinel_protobuf/ibc/core/channel/v1/channel_pb2.pyi
2026-01-28 21:42:43,496 - INFO:Deleting src/sentinel_protobuf/ibc/core/channel/v1/channel_pb2.py
2026-01-28 21:42:43,496 - INFO:Deleting src/sentinel_protobuf/ibc/core/channel/v1/genesis_pb2.py
2026-01-28 21:42:43,496 - INFO:Deleting src/sentinel_protobuf/ibc/core/channel/v1/tx_pb2.pyi
2026-01-28 21:42:43,496 - INFO:Deleting src/sentinel_protobuf/ibc/core/client/__init__.py
2026-01-28 21:42:43,497 - INFO:Deleting src/sentinel_protobuf/ibc/core/client/__init__.pyi
2026-01-28 21:42:43,497 - INFO:Deleting src/sentinel_protobuf/ibc/core/client/v1/query_pb2_grpc.py
2026-01-28 21:42:43,497 - INFO:Deleting src/sentinel_protobuf/ibc/core/client/v1/client_pb2.py
2026-01-28 21:42:43,497 - INFO:Deleting src/sentinel_protobuf/ibc/core/client/v1/tx_pb2.py
2026-01-28 21:42:43,497 - INFO:Deleting src/sentinel_protobuf/ibc/core/client/v1/genesis_pb2.pyi
2026-01-28 21:42:43,497 - INFO:Deleting src/sentinel_protobuf/ibc/core/client/v1/__init__.py
2026-01-28 21:42:43,497 - INFO:Deleting src/sentinel_protobuf/ibc/core/client/v1/query_pb2.py
2026-01-28 21:42:43,497 - INFO:Deleting src/sentinel_protobuf/ibc/core/client/v1/__init__.pyi
2026-01-28 21:42:43,497 - INFO:Deleting src/sentinel_protobuf/ibc/core/client/v1/client_pb2.pyi
2026-01-28 21:42:43,497 - INFO:Deleting src/sentinel_protobuf/ibc/core/client/v1/query_pb2.pyi
2026-01-28 21:42:43,497 - INFO:Deleting src/sentinel_protobuf/ibc/core/client/v1/genesis_pb2.py
2026-01-28 21:42:43,498 - INFO:Deleting src/sentinel_protobuf/ibc/core/client/v1/tx_pb2.pyi
2026-01-28 21:42:43,498 - INFO:Deleting src/sentinel_protobuf/ibc/lightclients/__init__.py
2026-01-28 21:42:43,498 - INFO:Deleting src/sentinel_protobuf/ibc/lightclients/__init__.pyi
2026-01-28 21:42:43,498 - INFO:Deleting src/sentinel_protobuf/ibc/lightclients/tendermint/__init__.py
2026-01-28 21:42:43,498 - INFO:Deleting src/sentinel_protobuf/ibc/lightclients/tendermint/__init__.pyi
2026-01-28 21:42:43,498 - INFO:Deleting src/sentinel_protobuf/ibc/lightclients/tendermint/v1/__init__.py
2026-01-28 21:42:43,498 - INFO:Deleting src/sentinel_protobuf/ibc/lightclients/tendermint/v1/__init__.pyi
2026-01-28 21:42:43,498 - INFO:Deleting src/sentinel_protobuf/ibc/lightclients/solomachine/__init__.py
2026-01-28 21:42:43,498 - INFO:Deleting src/sentinel_protobuf/ibc/lightclients/solomachine/__init__.pyi
2026-01-28 21:42:43,498 - INFO:Deleting src/sentinel_protobuf/ibc/lightclients/solomachine/v2/__init__.py
2026-01-28 21:42:43,498 - INFO:Deleting src/sentinel_protobuf/ibc/lightclients/solomachine/v2/__init__.pyi
2026-01-28 21:42:43,499 - INFO:Deleting src/sentinel_protobuf/ibc/lightclients/solomachine/v3/solomachine_pb2.py
2026-01-28 21:42:43,499 - INFO:Deleting src/sentinel_protobuf/ibc/lightclients/solomachine/v3/__init__.py
2026-01-28 21:42:43,499 - INFO:Deleting src/sentinel_protobuf/ibc/lightclients/solomachine/v3/__init__.pyi
2026-01-28 21:42:43,499 - INFO:Deleting src/sentinel_protobuf/ibc/lightclients/solomachine/v3/solomachine_pb2.pyi
2026-01-28 21:42:43,499 - INFO:Deleting src/sentinel_protobuf/ibc/lightclients/localhost/__init__.py
2026-01-28 21:42:43,499 - INFO:Deleting src/sentinel_protobuf/ibc/lightclients/localhost/__init__.pyi
2026-01-28 21:42:43,499 - INFO:Deleting src/sentinel_protobuf/ibc/lightclients/localhost/v2/__init__.py
2026-01-28 21:42:43,499 - INFO:Deleting src/sentinel_protobuf/ibc/lightclients/localhost/v2/__init__.pyi
2026-01-28 21:42:43,499 - INFO:Deleting src/sentinel_protobuf/ibc/lightclients/localhost/v2/localhost_pb2.pyi
2026-01-28 21:42:43,499 - INFO:Deleting src/sentinel_protobuf/ibc/lightclients/localhost/v2/localhost_pb2.py
2026-01-28 21:42:43,500 - INFO:Deleting src/sentinel_protobuf/ibc/applications/__init__.py
2026-01-28 21:42:43,500 - INFO:Deleting src/sentinel_protobuf/ibc/applications/__init__.pyi
2026-01-28 21:42:43,500 - INFO:Deleting src/sentinel_protobuf/ibc/applications/interchain_accounts/__init__.py
2026-01-28 21:42:43,500 - INFO:Deleting src/sentinel_protobuf/ibc/applications/interchain_accounts/__init__.pyi
2026-01-28 21:42:43,500 - INFO:Deleting src/sentinel_protobuf/ibc/applications/interchain_accounts/host/__init__.py
2026-01-28 21:42:43,500 - INFO:Deleting src/sentinel_protobuf/ibc/applications/interchain_accounts/host/__init__.pyi
2026-01-28 21:42:43,500 - INFO:Deleting src/sentinel_protobuf/ibc/applications/interchain_accounts/host/v1/query_pb2_grpc.py
2026-01-28 21:42:43,500 - INFO:Deleting src/sentinel_protobuf/ibc/applications/interchain_accounts/host/v1/tx_pb2.py
2026-01-28 21:42:43,500 - INFO:Deleting src/sentinel_protobuf/ibc/applications/interchain_accounts/host/v1/__init__.py
2026-01-28 21:42:43,500 - INFO:Deleting src/sentinel_protobuf/ibc/applications/interchain_accounts/host/v1/query_pb2.py
2026-01-28 21:42:43,500 - INFO:Deleting src/sentinel_protobuf/ibc/applications/interchain_accounts/host/v1/__init__.pyi
2026-01-28 21:42:43,500 - INFO:Deleting src/sentinel_protobuf/ibc/applications/interchain_accounts/host/v1/host_pb2.py
2026-01-28 21:42:43,501 - INFO:Deleting src/sentinel_protobuf/ibc/applications/interchain_accounts/host/v1/query_pb2.pyi
2026-01-28 21:42:43,501 - INFO:Deleting src/sentinel_protobuf/ibc/applications/interchain_accounts/host/v1/host_pb2.pyi
2026-01-28 21:42:43,501 - INFO:Deleting src/sentinel_protobuf/ibc/applications/interchain_accounts/host/v1/tx_pb2.pyi
2026-01-28 21:42:43,501 - INFO:Deleting src/sentinel_protobuf/ibc/applications/interchain_accounts/v1/account_pb2.pyi
2026-01-28 21:42:43,501 - INFO:Deleting src/sentinel_protobuf/ibc/applications/interchain_accounts/v1/__init__.py
2026-01-28 21:42:43,501 - INFO:Deleting src/sentinel_protobuf/ibc/applications/interchain_accounts/v1/__init__.pyi
2026-01-28 21:42:43,501 - INFO:Deleting src/sentinel_protobuf/ibc/applications/interchain_accounts/v1/metadata_pb2.py
2026-01-28 21:42:43,501 - INFO:Deleting src/sentinel_protobuf/ibc/applications/interchain_accounts/v1/metadata_pb2.pyi
2026-01-28 21:42:43,501 - INFO:Deleting src/sentinel_protobuf/ibc/applications/interchain_accounts/v1/packet_pb2.pyi
2026-01-28 21:42:43,501 - INFO:Deleting src/sentinel_protobuf/ibc/applications/interchain_accounts/v1/packet_pb2.py
2026-01-28 21:42:43,501 - INFO:Deleting src/sentinel_protobuf/ibc/applications/interchain_accounts/v1/account_pb2.py
2026-01-28 21:42:43,502 - INFO:Deleting src/sentinel_protobuf/ibc/applications/interchain_accounts/controller/__init__.py
2026-01-28 21:42:43,502 - INFO:Deleting src/sentinel_protobuf/ibc/applications/interchain_accounts/controller/__init__.pyi
2026-01-28 21:42:43,502 - INFO:Deleting src/sentinel_protobuf/ibc/applications/interchain_accounts/controller/v1/query_pb2_grpc.py
2026-01-28 21:42:43,502 - INFO:Deleting src/sentinel_protobuf/ibc/applications/interchain_accounts/controller/v1/tx_pb2.py
2026-01-28 21:42:43,502 - INFO:Deleting src/sentinel_protobuf/ibc/applications/interchain_accounts/controller/v1/__init__.py
2026-01-28 21:42:43,502 - INFO:Deleting src/sentinel_protobuf/ibc/applications/interchain_accounts/controller/v1/query_pb2.py
2026-01-28 21:42:43,502 - INFO:Deleting src/sentinel_protobuf/ibc/applications/interchain_accounts/controller/v1/controller_pb2.py
2026-01-28 21:42:43,502 - INFO:Deleting src/sentinel_protobuf/ibc/applications/interchain_accounts/controller/v1/__init__.pyi
2026-01-28 21:42:43,502 - INFO:Deleting src/sentinel_protobuf/ibc/applications/interchain_accounts/controller/v1/controller_pb2.pyi
2026-01-28 21:42:43,502 - INFO:Deleting src/sentinel_protobuf/ibc/applications/interchain_accounts/controller/v1/query_pb2.pyi
2026-01-28 21:42:43,502 - INFO:Deleting src/sentinel_protobuf/ibc/applications/interchain_accounts/controller/v1/tx_pb2.pyi
2026-01-28 21:42:43,502 - INFO:Deleting src/sentinel_protobuf/ibc/applications/interchain_accounts/genesis/__init__.py
2026-01-28 21:42:43,503 - INFO:Deleting src/sentinel_protobuf/ibc/applications/interchain_accounts/genesis/__init__.pyi
2026-01-28 21:42:43,503 - INFO:Deleting src/sentinel_protobuf/ibc/applications/interchain_accounts/genesis/v1/genesis_pb2.pyi
2026-01-28 21:42:43,503 - INFO:Deleting src/sentinel_protobuf/ibc/applications/interchain_accounts/genesis/v1/__init__.py
2026-01-28 21:42:43,503 - INFO:Deleting src/sentinel_protobuf/ibc/applications/interchain_accounts/genesis/v1/__init__.pyi
2026-01-28 21:42:43,503 - INFO:Deleting src/sentinel_protobuf/ibc/applications/interchain_accounts/genesis/v1/genesis_pb2.py
2026-01-28 21:42:43,503 - INFO:Deleting src/sentinel_protobuf/ibc/applications/transfer/__init__.py
2026-01-28 21:42:43,503 - INFO:Deleting src/sentinel_protobuf/ibc/applications/transfer/__init__.pyi
2026-01-28 21:42:43,503 - INFO:Deleting src/sentinel_protobuf/ibc/applications/transfer/v2/__init__.py
2026-01-28 21:42:43,503 - INFO:Deleting src/sentinel_protobuf/ibc/applications/transfer/v2/__init__.pyi
2026-01-28 21:42:43,503 - INFO:Deleting src/sentinel_protobuf/ibc/applications/transfer/v2/packet_pb2.pyi
2026-01-28 21:42:43,503 - INFO:Deleting src/sentinel_protobuf/ibc/applications/transfer/v2/packet_pb2.py
2026-01-28 21:42:43,504 - INFO:Deleting src/sentinel_protobuf/ibc/applications/transfer/v1/query_pb2_grpc.py
2026-01-28 21:42:43,504 - INFO:Deleting src/sentinel_protobuf/ibc/applications/transfer/v1/tx_pb2.py
2026-01-28 21:42:43,504 - INFO:Deleting src/sentinel_protobuf/ibc/applications/transfer/v1/genesis_pb2.pyi
2026-01-28 21:42:43,504 - INFO:Deleting src/sentinel_protobuf/ibc/applications/transfer/v1/__init__.py
2026-01-28 21:42:43,504 - INFO:Deleting src/sentinel_protobuf/ibc/applications/transfer/v1/query_pb2.py
2026-01-28 21:42:43,504 - INFO:Deleting src/sentinel_protobuf/ibc/applications/transfer/v1/__init__.pyi
2026-01-28 21:42:43,504 - INFO:Deleting src/sentinel_protobuf/ibc/applications/transfer/v1/transfer_pb2.py
2026-01-28 21:42:43,504 - INFO:Deleting src/sentinel_protobuf/ibc/applications/transfer/v1/authz_pb2.py
2026-01-28 21:42:43,504 - INFO:Deleting src/sentinel_protobuf/ibc/applications/transfer/v1/query_pb2.pyi
2026-01-28 21:42:43,504 - INFO:Deleting src/sentinel_protobuf/ibc/applications/transfer/v1/authz_pb2.pyi
2026-01-28 21:42:43,504 - INFO:Deleting src/sentinel_protobuf/ibc/applications/transfer/v1/transfer_pb2.pyi
2026-01-28 21:42:43,504 - INFO:Deleting src/sentinel_protobuf/ibc/applications/transfer/v1/genesis_pb2.py
2026-01-28 21:42:43,505 - INFO:Deleting src/sentinel_protobuf/ibc/applications/transfer/v1/tx_pb2.pyi
2026-01-28 21:42:43,505 - INFO:Deleting src/sentinel_protobuf/ibc/applications/fee/__init__.py
2026-01-28 21:42:43,505 - INFO:Deleting src/sentinel_protobuf/ibc/applications/fee/__init__.pyi
2026-01-28 21:42:43,505 - INFO:Deleting src/sentinel_protobuf/ibc/applications/fee/v1/query_pb2_grpc.py
2026-01-28 21:42:43,505 - INFO:Deleting src/sentinel_protobuf/ibc/applications/fee/v1/tx_pb2.py
2026-01-28 21:42:43,505 - INFO:Deleting src/sentinel_protobuf/ibc/applications/fee/v1/genesis_pb2.pyi
2026-01-28 21:42:43,505 - INFO:Deleting src/sentinel_protobuf/ibc/applications/fee/v1/__init__.py
2026-01-28 21:42:43,505 - INFO:Deleting src/sentinel_protobuf/ibc/applications/fee/v1/query_pb2.py
2026-01-28 21:42:43,505 - INFO:Deleting src/sentinel_protobuf/ibc/applications/fee/v1/__init__.pyi
2026-01-28 21:42:43,505 - INFO:Deleting src/sentinel_protobuf/ibc/applications/fee/v1/metadata_pb2.py
2026-01-28 21:42:43,505 - INFO:Deleting src/sentinel_protobuf/ibc/applications/fee/v1/query_pb2.pyi
2026-01-28 21:42:43,506 - INFO:Deleting src/sentinel_protobuf/ibc/applications/fee/v1/fee_pb2.py
2026-01-28 21:42:43,506 - INFO:Deleting src/sentinel_protobuf/ibc/applications/fee/v1/ack_pb2.py
2026-01-28 21:42:43,506 - INFO:Deleting src/sentinel_protobuf/ibc/applications/fee/v1/fee_pb2.pyi
2026-01-28 21:42:43,506 - INFO:Deleting src/sentinel_protobuf/ibc/applications/fee/v1/ack_pb2.pyi
2026-01-28 21:42:43,506 - INFO:Deleting src/sentinel_protobuf/ibc/applications/fee/v1/metadata_pb2.pyi
2026-01-28 21:42:43,506 - INFO:Deleting src/sentinel_protobuf/ibc/applications/fee/v1/genesis_pb2.py
2026-01-28 21:42:43,506 - INFO:Deleting src/sentinel_protobuf/ibc/applications/fee/v1/tx_pb2.pyi
2026-01-28 21:42:43,506 - INFO:Deleting src/sentinel_protobuf/google/__init__.py
2026-01-28 21:42:43,506 - INFO:Deleting src/sentinel_protobuf/google/__init__.pyi
2026-01-28 21:42:43,506 - INFO:Deleting src/sentinel_protobuf/google/type/dayofweek_pb2.pyi
2026-01-28 21:42:43,506 - INFO:Deleting src/sentinel_protobuf/google/type/dayofweek_pb2.py
2026-01-28 21:42:43,507 - INFO:Deleting src/sentinel_protobuf/google/type/latlng_pb2.pyi
2026-01-28 21:42:43,507 - INFO:Deleting src/sentinel_protobuf/google/type/month_pb2.py
2026-01-28 21:42:43,507 - INFO:Deleting src/sentinel_protobuf/google/type/date_pb2.pyi
2026-01-28 21:42:43,507 - INFO:Deleting src/sentinel_protobuf/google/type/__init__.py
2026-01-28 21:42:43,507 - INFO:Deleting src/sentinel_protobuf/google/type/date_pb2.py
2026-01-28 21:42:43,507 - INFO:Deleting src/sentinel_protobuf/google/type/fraction_pb2.pyi
2026-01-28 21:42:43,507 - INFO:Deleting src/sentinel_protobuf/google/type/money_pb2.pyi
2026-01-28 21:42:43,507 - INFO:Deleting src/sentinel_protobuf/google/type/calendar_period_pb2.pyi
2026-01-28 21:42:43,507 - INFO:Deleting src/sentinel_protobuf/google/type/__init__.pyi
2026-01-28 21:42:43,507 - INFO:Deleting src/sentinel_protobuf/google/type/month_pb2.pyi
2026-01-28 21:42:43,507 - INFO:Deleting src/sentinel_protobuf/google/type/localized_text_pb2.py
2026-01-28 21:42:43,507 - INFO:Deleting src/sentinel_protobuf/google/type/quaternion_pb2.pyi
2026-01-28 21:42:43,508 - INFO:Deleting src/sentinel_protobuf/google/type/fraction_pb2.py
2026-01-28 21:42:43,508 - INFO:Deleting src/sentinel_protobuf/google/type/postal_address_pb2.py
2026-01-28 21:42:43,508 - INFO:Deleting src/sentinel_protobuf/google/type/datetime_pb2.pyi
2026-01-28 21:42:43,508 - INFO:Deleting src/sentinel_protobuf/google/type/expr_pb2.pyi
2026-01-28 21:42:43,508 - INFO:Deleting src/sentinel_protobuf/google/type/calendar_period_pb2.py
2026-01-28 21:42:43,508 - INFO:Deleting src/sentinel_protobuf/google/type/phone_number_pb2.py
2026-01-28 21:42:43,508 - INFO:Deleting src/sentinel_protobuf/google/type/quaternion_pb2.py
2026-01-28 21:42:43,508 - INFO:Deleting src/sentinel_protobuf/google/type/localized_text_pb2.pyi
2026-01-28 21:42:43,508 - INFO:Deleting src/sentinel_protobuf/google/type/color_pb2.py
2026-01-28 21:42:43,508 - INFO:Deleting src/sentinel_protobuf/google/type/phone_number_pb2.pyi
2026-01-28 21:42:43,508 - INFO:Deleting src/sentinel_protobuf/google/type/expr_pb2.py
2026-01-28 21:42:43,508 - INFO:Deleting src/sentinel_protobuf/google/type/money_pb2.py
2026-01-28 21:42:43,509 - INFO:Deleting src/sentinel_protobuf/google/type/timeofday_pb2.pyi
2026-01-28 21:42:43,509 - INFO:Deleting src/sentinel_protobuf/google/type/color_pb2.pyi
2026-01-28 21:42:43,509 - INFO:Deleting src/sentinel_protobuf/google/type/datetime_pb2.py
2026-01-28 21:42:43,509 - INFO:Deleting src/sentinel_protobuf/google/type/decimal_pb2.pyi
2026-01-28 21:42:43,509 - INFO:Deleting src/sentinel_protobuf/google/type/decimal_pb2.py
2026-01-28 21:42:43,509 - INFO:Deleting src/sentinel_protobuf/google/type/timeofday_pb2.py
2026-01-28 21:42:43,509 - INFO:Deleting src/sentinel_protobuf/google/type/interval_pb2.py
2026-01-28 21:42:43,509 - INFO:Deleting src/sentinel_protobuf/google/type/postal_address_pb2.pyi
2026-01-28 21:42:43,509 - INFO:Deleting src/sentinel_protobuf/google/type/interval_pb2.pyi
2026-01-28 21:42:43,509 - INFO:Deleting src/sentinel_protobuf/google/type/latlng_pb2.py
2026-01-28 21:42:43,509 - INFO:Deleting src/sentinel_protobuf/google/rpc/http_pb2.py
2026-01-28 21:42:43,509 - INFO:Deleting src/sentinel_protobuf/google/rpc/status_pb2.pyi
2026-01-28 21:42:43,510 - INFO:Deleting src/sentinel_protobuf/google/rpc/__init__.py
2026-01-28 21:42:43,510 - INFO:Deleting src/sentinel_protobuf/google/rpc/__init__.pyi
2026-01-28 21:42:43,510 - INFO:Deleting src/sentinel_protobuf/google/rpc/code_pb2.py
2026-01-28 21:42:43,510 - INFO:Deleting src/sentinel_protobuf/google/rpc/code_pb2.pyi
2026-01-28 21:42:43,510 - INFO:Deleting src/sentinel_protobuf/google/rpc/error_details_pb2.py
2026-01-28 21:42:43,510 - INFO:Deleting src/sentinel_protobuf/google/rpc/http_pb2.pyi
2026-01-28 21:42:43,510 - INFO:Deleting src/sentinel_protobuf/google/rpc/error_details_pb2.pyi
2026-01-28 21:42:43,510 - INFO:Deleting src/sentinel_protobuf/google/rpc/status_pb2.py
2026-01-28 21:42:43,510 - INFO:Deleting src/sentinel_protobuf/google/rpc/context/audit_context_pb2.pyi
2026-01-28 21:42:43,510 - INFO:Deleting src/sentinel_protobuf/google/rpc/context/audit_context_pb2.py
2026-01-28 21:42:43,511 - INFO:Deleting src/sentinel_protobuf/google/rpc/context/attribute_context_pb2.pyi
2026-01-28 21:42:43,511 - INFO:Deleting src/sentinel_protobuf/google/rpc/context/__init__.py
2026-01-28 21:42:43,511 - INFO:Deleting src/sentinel_protobuf/google/rpc/context/__init__.pyi
2026-01-28 21:42:43,511 - INFO:Deleting src/sentinel_protobuf/google/rpc/context/attribute_context_pb2.py
2026-01-28 21:42:43,511 - INFO:Deleting src/sentinel_protobuf/google/security/__init__.py
2026-01-28 21:42:43,511 - INFO:Deleting src/sentinel_protobuf/google/security/__init__.pyi
2026-01-28 21:42:43,511 - INFO:Deleting src/sentinel_protobuf/google/security/safebrowsingohttpgateway/__init__.py
2026-01-28 21:42:43,511 - INFO:Deleting src/sentinel_protobuf/google/security/safebrowsingohttpgateway/__init__.pyi
2026-01-28 21:42:43,511 - INFO:Deleting src/sentinel_protobuf/google/security/safebrowsingohttpgateway/v1/sb_ohttp_gateway_pb2.py
2026-01-28 21:42:43,511 - INFO:Deleting src/sentinel_protobuf/google/security/safebrowsingohttpgateway/v1/__init__.py
2026-01-28 21:42:43,511 - INFO:Deleting src/sentinel_protobuf/google/security/safebrowsingohttpgateway/v1/__init__.pyi
2026-01-28 21:42:43,511 - INFO:Deleting src/sentinel_protobuf/google/security/safebrowsingohttpgateway/v1/sb_ohttp_gateway_pb2.pyi
2026-01-28 21:42:43,512 - INFO:Deleting src/sentinel_protobuf/google/security/safebrowsing/__init__.py
2026-01-28 21:42:43,512 - INFO:Deleting src/sentinel_protobuf/google/security/safebrowsing/__init__.pyi
2026-01-28 21:42:43,512 - INFO:Deleting src/sentinel_protobuf/google/security/safebrowsing/v5/__init__.py
2026-01-28 21:42:43,512 - INFO:Deleting src/sentinel_protobuf/google/security/safebrowsing/v5/safebrowsing_pb2.pyi
2026-01-28 21:42:43,512 - INFO:Deleting src/sentinel_protobuf/google/security/safebrowsing/v5/__init__.pyi
2026-01-28 21:42:43,512 - INFO:Deleting src/sentinel_protobuf/google/security/safebrowsing/v5/safebrowsing_pb2.py
2026-01-28 21:42:43,512 - INFO:Deleting src/sentinel_protobuf/google/security/safebrowsing/v5alpha1/__init__.py
2026-01-28 21:42:43,512 - INFO:Deleting src/sentinel_protobuf/google/security/safebrowsing/v5alpha1/safebrowsing_pb2.pyi
2026-01-28 21:42:43,512 - INFO:Deleting src/sentinel_protobuf/google/security/safebrowsing/v5alpha1/__init__.pyi
2026-01-28 21:42:43,512 - INFO:Deleting src/sentinel_protobuf/google/security/safebrowsing/v5alpha1/safebrowsing_pb2.py
2026-01-28 21:42:43,512 - INFO:Deleting src/sentinel_protobuf/google/longrunning/operations_pb2.pyi
2026-01-28 21:42:43,513 - INFO:Deleting src/sentinel_protobuf/google/longrunning/__init__.py
2026-01-28 21:42:43,513 - INFO:Deleting src/sentinel_protobuf/google/longrunning/operations_pb2.py
2026-01-28 21:42:43,513 - INFO:Deleting src/sentinel_protobuf/google/longrunning/__init__.pyi
2026-01-28 21:42:43,513 - INFO:Deleting src/sentinel_protobuf/google/api/error_reason_pb2.py
2026-01-28 21:42:43,513 - INFO:Deleting src/sentinel_protobuf/google/api/system_parameter_pb2.pyi
2026-01-28 21:42:43,513 - INFO:Deleting src/sentinel_protobuf/google/api/service_pb2_grpc.py
2026-01-28 21:42:43,513 - INFO:Deleting src/sentinel_protobuf/google/api/auth_pb2.py
2026-01-28 21:42:43,513 - INFO:Deleting src/sentinel_protobuf/google/api/field_info_pb2.py
2026-01-28 21:42:43,513 - INFO:Deleting src/sentinel_protobuf/google/api/monitored_resource_pb2.py
2026-01-28 21:42:43,514 - INFO:Deleting src/sentinel_protobuf/google/api/field_info_pb2.pyi
2026-01-28 21:42:43,514 - INFO:Deleting src/sentinel_protobuf/google/api/auth_pb2.pyi
2026-01-28 21:42:43,514 - INFO:Deleting src/sentinel_protobuf/google/api/http_pb2.py
2026-01-28 21:42:43,514 - INFO:Deleting src/sentinel_protobuf/google/api/client_pb2.py
2026-01-28 21:42:43,514 - INFO:Deleting src/sentinel_protobuf/google/api/documentation_pb2.py
2026-01-28 21:42:43,514 - INFO:Deleting src/sentinel_protobuf/google/api/documentation_pb2.pyi
2026-01-28 21:42:43,514 - INFO:Deleting src/sentinel_protobuf/google/api/error_reason_pb2.pyi
2026-01-28 21:42:43,514 - INFO:Deleting src/sentinel_protobuf/google/api/config_change_pb2.pyi
2026-01-28 21:42:43,514 - INFO:Deleting src/sentinel_protobuf/google/api/backend_pb2.py
2026-01-28 21:42:43,514 - INFO:Deleting src/sentinel_protobuf/google/api/quota_pb2.py
2026-01-28 21:42:43,514 - INFO:Deleting src/sentinel_protobuf/google/api/usage_pb2.py
2026-01-28 21:42:43,514 - INFO:Deleting src/sentinel_protobuf/google/api/quota_pb2.pyi
2026-01-28 21:42:43,515 - INFO:Deleting src/sentinel_protobuf/google/api/__init__.py
2026-01-28 21:42:43,515 - INFO:Deleting src/sentinel_protobuf/google/api/routing_pb2.py
2026-01-28 21:42:43,515 - INFO:Deleting src/sentinel_protobuf/google/api/monitoring_pb2.py
2026-01-28 21:42:43,515 - INFO:Deleting src/sentinel_protobuf/google/api/billing_pb2.py
2026-01-28 21:42:43,515 - INFO:Deleting src/sentinel_protobuf/google/api/monitored_resource_pb2.pyi
2026-01-28 21:42:43,515 - INFO:Deleting src/sentinel_protobuf/google/api/context_pb2.py
2026-01-28 21:42:43,515 - INFO:Deleting src/sentinel_protobuf/google/api/__init__.pyi
2026-01-28 21:42:43,515 - INFO:Deleting src/sentinel_protobuf/google/api/monitoring_pb2.pyi
2026-01-28 21:42:43,515 - INFO:Deleting src/sentinel_protobuf/google/api/source_info_pb2.pyi
2026-01-28 21:42:43,515 - INFO:Deleting src/sentinel_protobuf/google/api/httpbody_pb2.pyi
2026-01-28 21:42:43,515 - INFO:Deleting src/sentinel_protobuf/google/api/policy_pb2.py
2026-01-28 21:42:43,516 - INFO:Deleting src/sentinel_protobuf/google/api/consumer_pb2.py
2026-01-28 21:42:43,516 - INFO:Deleting src/sentinel_protobuf/google/api/resource_pb2.pyi
2026-01-28 21:42:43,516 - INFO:Deleting src/sentinel_protobuf/google/api/endpoint_pb2.pyi
2026-01-28 21:42:43,516 - INFO:Deleting src/sentinel_protobuf/google/api/field_behavior_pb2.pyi
2026-01-28 21:42:43,516 - INFO:Deleting src/sentinel_protobuf/google/api/source_info_pb2.py
2026-01-28 21:42:43,516 - INFO:Deleting src/sentinel_protobuf/google/api/client_pb2.pyi
2026-01-28 21:42:43,516 - INFO:Deleting src/sentinel_protobuf/google/api/distribution_pb2.py
2026-01-28 21:42:43,516 - INFO:Deleting src/sentinel_protobuf/google/api/metric_pb2.pyi
2026-01-28 21:42:43,516 - INFO:Deleting src/sentinel_protobuf/google/api/annotations_pb2.py
2026-01-28 21:42:43,516 - INFO:Deleting src/sentinel_protobuf/google/api/service_pb2.py
2026-01-28 21:42:43,516 - INFO:Deleting src/sentinel_protobuf/google/api/consumer_pb2.pyi
2026-01-28 21:42:43,516 - INFO:Deleting src/sentinel_protobuf/google/api/usage_pb2.pyi
2026-01-28 21:42:43,517 - INFO:Deleting src/sentinel_protobuf/google/api/context_pb2.pyi
2026-01-28 21:42:43,517 - INFO:Deleting src/sentinel_protobuf/google/api/distribution_pb2.pyi
2026-01-28 21:42:43,517 - INFO:Deleting src/sentinel_protobuf/google/api/visibility_pb2.py
2026-01-28 21:42:43,517 - INFO:Deleting src/sentinel_protobuf/google/api/visibility_pb2.pyi
2026-01-28 21:42:43,517 - INFO:Deleting src/sentinel_protobuf/google/api/control_pb2.pyi
2026-01-28 21:42:43,517 - INFO:Deleting src/sentinel_protobuf/google/api/launch_stage_pb2.pyi
2026-01-28 21:42:43,517 - INFO:Deleting src/sentinel_protobuf/google/api/control_pb2.py
2026-01-28 21:42:43,517 - INFO:Deleting src/sentinel_protobuf/google/api/logging_pb2.pyi
2026-01-28 21:42:43,517 - INFO:Deleting src/sentinel_protobuf/google/api/endpoint_pb2.py
2026-01-28 21:42:43,517 - INFO:Deleting src/sentinel_protobuf/google/api/httpbody_pb2.py
2026-01-28 21:42:43,517 - INFO:Deleting src/sentinel_protobuf/google/api/service_pb2.pyi
2026-01-28 21:42:43,517 - INFO:Deleting src/sentinel_protobuf/google/api/http_pb2.pyi
2026-01-28 21:42:43,518 - INFO:Deleting src/sentinel_protobuf/google/api/label_pb2.py
2026-01-28 21:42:43,518 - INFO:Deleting src/sentinel_protobuf/google/api/billing_pb2.pyi
2026-01-28 21:42:43,518 - INFO:Deleting src/sentinel_protobuf/google/api/logging_pb2.py
2026-01-28 21:42:43,518 - INFO:Deleting src/sentinel_protobuf/google/api/backend_pb2.pyi
2026-01-28 21:42:43,518 - INFO:Deleting src/sentinel_protobuf/google/api/policy_pb2.pyi
2026-01-28 21:42:43,518 - INFO:Deleting src/sentinel_protobuf/google/api/field_behavior_pb2.py
2026-01-28 21:42:43,518 - INFO:Deleting src/sentinel_protobuf/google/api/metric_pb2.py
2026-01-28 21:42:43,518 - INFO:Deleting src/sentinel_protobuf/google/api/log_pb2.py
2026-01-28 21:42:43,518 - INFO:Deleting src/sentinel_protobuf/google/api/resource_pb2.py
2026-01-28 21:42:43,518 - INFO:Deleting src/sentinel_protobuf/google/api/annotations_pb2.pyi
2026-01-28 21:42:43,518 - INFO:Deleting src/sentinel_protobuf/google/api/label_pb2.pyi
2026-01-28 21:42:43,518 - INFO:Deleting src/sentinel_protobuf/google/api/log_pb2.pyi
2026-01-28 21:42:43,519 - INFO:Deleting src/sentinel_protobuf/google/api/config_change_pb2.py
2026-01-28 21:42:43,519 - INFO:Deleting src/sentinel_protobuf/google/api/launch_stage_pb2.py
2026-01-28 21:42:43,519 - INFO:Deleting src/sentinel_protobuf/google/api/routing_pb2.pyi
2026-01-28 21:42:43,519 - INFO:Deleting src/sentinel_protobuf/google/api/system_parameter_pb2.py
2026-01-28 21:42:43,519 - INFO:Deleting src/sentinel_protobuf/google/api/expr/__init__.py
2026-01-28 21:42:43,519 - INFO:Deleting src/sentinel_protobuf/google/api/expr/__init__.pyi
2026-01-28 21:42:43,519 - INFO:Deleting src/sentinel_protobuf/google/api/expr/conformance/__init__.py
2026-01-28 21:42:43,519 - INFO:Deleting src/sentinel_protobuf/google/api/expr/conformance/__init__.pyi
2026-01-28 21:42:43,519 - INFO:Deleting src/sentinel_protobuf/google/api/expr/conformance/v1alpha1/__init__.py
2026-01-28 21:42:43,519 - INFO:Deleting src/sentinel_protobuf/google/api/expr/conformance/v1alpha1/__init__.pyi
2026-01-28 21:42:43,519 - INFO:Deleting src/sentinel_protobuf/google/api/expr/conformance/v1alpha1/conformance_service_pb2.py
2026-01-28 21:42:43,519 - INFO:Deleting src/sentinel_protobuf/google/api/expr/conformance/v1alpha1/conformance_service_pb2.pyi
2026-01-28 21:42:43,519 - INFO:Deleting src/sentinel_protobuf/google/api/expr/v1alpha1/eval_pb2.pyi
2026-01-28 21:42:43,520 - INFO:Deleting src/sentinel_protobuf/google/api/expr/v1alpha1/checked_pb2.pyi
2026-01-28 21:42:43,520 - INFO:Deleting src/sentinel_protobuf/google/api/expr/v1alpha1/explain_pb2.py
2026-01-28 21:42:43,520 - INFO:Deleting src/sentinel_protobuf/google/api/expr/v1alpha1/value_pb2.py
2026-01-28 21:42:43,520 - INFO:Deleting src/sentinel_protobuf/google/api/expr/v1alpha1/value_pb2.pyi
2026-01-28 21:42:43,520 - INFO:Deleting src/sentinel_protobuf/google/api/expr/v1alpha1/eval_pb2.py
2026-01-28 21:42:43,520 - INFO:Deleting src/sentinel_protobuf/google/api/expr/v1alpha1/syntax_pb2.pyi
2026-01-28 21:42:43,520 - INFO:Deleting src/sentinel_protobuf/google/api/expr/v1alpha1/__init__.py
2026-01-28 21:42:43,520 - INFO:Deleting src/sentinel_protobuf/google/api/expr/v1alpha1/__init__.pyi
2026-01-28 21:42:43,520 - INFO:Deleting src/sentinel_protobuf/google/api/expr/v1alpha1/syntax_pb2.py
2026-01-28 21:42:43,520 - INFO:Deleting src/sentinel_protobuf/google/api/expr/v1alpha1/checked_pb2.py
2026-01-28 21:42:43,520 - INFO:Deleting src/sentinel_protobuf/google/api/expr/v1alpha1/explain_pb2.pyi
2026-01-28 21:42:43,520 - INFO:Deleting src/sentinel_protobuf/google/api/expr/v1beta1/eval_pb2.pyi
2026-01-28 21:42:43,521 - INFO:Deleting src/sentinel_protobuf/google/api/expr/v1beta1/value_pb2.py
2026-01-28 21:42:43,521 - INFO:Deleting src/sentinel_protobuf/google/api/expr/v1beta1/value_pb2.pyi
2026-01-28 21:42:43,521 - INFO:Deleting src/sentinel_protobuf/google/api/expr/v1beta1/eval_pb2.py
2026-01-28 21:42:43,521 - INFO:Deleting src/sentinel_protobuf/google/api/expr/v1beta1/source_pb2.py
2026-01-28 21:42:43,521 - INFO:Deleting src/sentinel_protobuf/google/api/expr/v1beta1/__init__.py
2026-01-28 21:42:43,521 - INFO:Deleting src/sentinel_protobuf/google/api/expr/v1beta1/decl_pb2.pyi
2026-01-28 21:42:43,521 - INFO:Deleting src/sentinel_protobuf/google/api/expr/v1beta1/source_pb2.pyi
2026-01-28 21:42:43,521 - INFO:Deleting src/sentinel_protobuf/google/api/expr/v1beta1/decl_pb2.py
2026-01-28 21:42:43,521 - INFO:Deleting src/sentinel_protobuf/google/api/expr/v1beta1/__init__.pyi
2026-01-28 21:42:43,521 - INFO:Deleting src/sentinel_protobuf/google/api/expr/v1beta1/expr_pb2.pyi
2026-01-28 21:42:43,521 - INFO:Deleting src/sentinel_protobuf/google/api/expr/v1beta1/expr_pb2.py
2026-01-28 21:42:43,521 - INFO:Deleting src/sentinel_protobuf/google/api/serviceusage/__init__.py
2026-01-28 21:42:43,522 - INFO:Deleting src/sentinel_protobuf/google/api/serviceusage/__init__.pyi
2026-01-28 21:42:43,522 - INFO:Deleting src/sentinel_protobuf/google/api/serviceusage/v1/serviceusage_pb2.py
2026-01-28 21:42:43,522 - INFO:Deleting src/sentinel_protobuf/google/api/serviceusage/v1/__init__.py
2026-01-28 21:42:43,522 - INFO:Deleting src/sentinel_protobuf/google/api/serviceusage/v1/resources_pb2.pyi
2026-01-28 21:42:43,522 - INFO:Deleting src/sentinel_protobuf/google/api/serviceusage/v1/__init__.pyi
2026-01-28 21:42:43,522 - INFO:Deleting src/sentinel_protobuf/google/api/serviceusage/v1/serviceusage_pb2.pyi
2026-01-28 21:42:43,522 - INFO:Deleting src/sentinel_protobuf/google/api/serviceusage/v1/resources_pb2.py
2026-01-28 21:42:43,522 - INFO:Deleting src/sentinel_protobuf/google/api/serviceusage/v1beta1/serviceusage_pb2.py
2026-01-28 21:42:43,522 - INFO:Deleting src/sentinel_protobuf/google/api/serviceusage/v1beta1/__init__.py
2026-01-28 21:42:43,522 - INFO:Deleting src/sentinel_protobuf/google/api/serviceusage/v1beta1/resources_pb2.pyi
2026-01-28 21:42:43,522 - INFO:Deleting src/sentinel_protobuf/google/api/serviceusage/v1beta1/__init__.pyi
2026-01-28 21:42:43,523 - INFO:Deleting src/sentinel_protobuf/google/api/serviceusage/v1beta1/serviceusage_pb2.pyi
2026-01-28 21:42:43,523 - INFO:Deleting src/sentinel_protobuf/google/api/serviceusage/v1beta1/resources_pb2.py
2026-01-28 21:42:43,523 - INFO:Deleting src/sentinel_protobuf/google/api/servicemanagement/__init__.py
2026-01-28 21:42:43,523 - INFO:Deleting src/sentinel_protobuf/google/api/servicemanagement/__init__.pyi
2026-01-28 21:42:43,523 - INFO:Deleting src/sentinel_protobuf/google/api/servicemanagement/v1/__init__.py
2026-01-28 21:42:43,523 - INFO:Deleting src/sentinel_protobuf/google/api/servicemanagement/v1/resources_pb2.pyi
2026-01-28 21:42:43,523 - INFO:Deleting src/sentinel_protobuf/google/api/servicemanagement/v1/__init__.pyi
2026-01-28 21:42:43,523 - INFO:Deleting src/sentinel_protobuf/google/api/servicemanagement/v1/resources_pb2.py
2026-01-28 21:42:43,523 - INFO:Deleting src/sentinel_protobuf/google/api/servicemanagement/v1/servicemanager_pb2.py
2026-01-28 21:42:43,523 - INFO:Deleting src/sentinel_protobuf/google/api/servicemanagement/v1/servicemanager_pb2.pyi
2026-01-28 21:42:43,523 - INFO:Deleting src/sentinel_protobuf/google/api/servicecontrol/__init__.py
2026-01-28 21:42:43,523 - INFO:Deleting src/sentinel_protobuf/google/api/servicecontrol/__init__.pyi
2026-01-28 21:42:43,524 - INFO:Deleting src/sentinel_protobuf/google/api/servicecontrol/v2/__init__.py
2026-01-28 21:42:43,524 - INFO:Deleting src/sentinel_protobuf/google/api/servicecontrol/v2/service_controller_pb2.py
2026-01-28 21:42:43,524 - INFO:Deleting src/sentinel_protobuf/google/api/servicecontrol/v2/__init__.pyi
2026-01-28 21:42:43,524 - INFO:Deleting src/sentinel_protobuf/google/api/servicecontrol/v2/service_controller_pb2.pyi
2026-01-28 21:42:43,524 - INFO:Deleting src/sentinel_protobuf/google/api/servicecontrol/v1/quota_controller_pb2.pyi
2026-01-28 21:42:43,524 - INFO:Deleting src/sentinel_protobuf/google/api/servicecontrol/v1/check_error_pb2.pyi
2026-01-28 21:42:43,524 - INFO:Deleting src/sentinel_protobuf/google/api/servicecontrol/v1/quota_controller_pb2.py
2026-01-28 21:42:43,524 - INFO:Deleting src/sentinel_protobuf/google/api/servicecontrol/v1/__init__.py
2026-01-28 21:42:43,524 - INFO:Deleting src/sentinel_protobuf/google/api/servicecontrol/v1/__init__.pyi
2026-01-28 21:42:43,524 - INFO:Deleting src/sentinel_protobuf/google/api/servicecontrol/v1/metric_value_pb2.pyi
2026-01-28 21:42:43,524 - INFO:Deleting src/sentinel_protobuf/google/api/servicecontrol/v1/distribution_pb2.py
2026-01-28 21:42:43,525 - INFO:Deleting src/sentinel_protobuf/google/api/servicecontrol/v1/check_error_pb2.py
2026-01-28 21:42:43,525 - INFO:Deleting src/sentinel_protobuf/google/api/servicecontrol/v1/distribution_pb2.pyi
2026-01-28 21:42:43,525 - INFO:Deleting src/sentinel_protobuf/google/api/servicecontrol/v1/http_request_pb2.py
2026-01-28 21:42:43,525 - INFO:Deleting src/sentinel_protobuf/google/api/servicecontrol/v1/http_request_pb2.pyi
2026-01-28 21:42:43,525 - INFO:Deleting src/sentinel_protobuf/google/api/servicecontrol/v1/metric_value_pb2.py
2026-01-28 21:42:43,525 - INFO:Deleting src/sentinel_protobuf/google/api/cloudquotas/__init__.py
2026-01-28 21:42:43,525 - INFO:Deleting src/sentinel_protobuf/google/api/cloudquotas/__init__.pyi
2026-01-28 21:42:43,525 - INFO:Deleting src/sentinel_protobuf/google/api/cloudquotas/v1/cloudquotas_pb2.py
2026-01-28 21:42:43,525 - INFO:Deleting src/sentinel_protobuf/google/api/cloudquotas/v1/__init__.py
2026-01-28 21:42:43,525 - INFO:Deleting src/sentinel_protobuf/google/api/cloudquotas/v1/resources_pb2.pyi
2026-01-28 21:42:43,525 - INFO:Deleting src/sentinel_protobuf/google/api/cloudquotas/v1/__init__.pyi
2026-01-28 21:42:43,526 - INFO:Deleting src/sentinel_protobuf/google/api/cloudquotas/v1/resources_pb2.py
2026-01-28 21:42:43,526 - INFO:Deleting src/sentinel_protobuf/google/api/cloudquotas/v1/cloudquotas_pb2.pyi
2026-01-28 21:42:43,526 - INFO:Deleting src/sentinel_protobuf/google/api/cloudquotas/v1beta/cloudquotas_pb2.py
2026-01-28 21:42:43,526 - INFO:Deleting src/sentinel_protobuf/google/api/cloudquotas/v1beta/__init__.py
2026-01-28 21:42:43,526 - INFO:Deleting src/sentinel_protobuf/google/api/cloudquotas/v1beta/resources_pb2.pyi
2026-01-28 21:42:43,526 - INFO:Deleting src/sentinel_protobuf/google/api/cloudquotas/v1beta/__init__.pyi
2026-01-28 21:42:43,526 - INFO:Deleting src/sentinel_protobuf/google/api/cloudquotas/v1beta/resources_pb2.py
2026-01-28 21:42:43,526 - INFO:Deleting src/sentinel_protobuf/google/api/cloudquotas/v1beta/quota_adjuster_settings_pb2.pyi
2026-01-28 21:42:43,526 - INFO:Deleting src/sentinel_protobuf/google/api/cloudquotas/v1beta/cloudquotas_pb2.pyi
2026-01-28 21:42:43,526 - INFO:Deleting src/sentinel_protobuf/google/api/cloudquotas/v1beta/quota_adjuster_settings_pb2.py
2026-01-28 21:42:43,526 - INFO:Deleting src/sentinel_protobuf/google/api/apikeys/__init__.py
2026-01-28 21:42:43,526 - INFO:Deleting src/sentinel_protobuf/google/api/apikeys/__init__.pyi
2026-01-28 21:42:43,527 - INFO:Deleting src/sentinel_protobuf/google/api/apikeys/v2/__init__.py
2026-01-28 21:42:43,527 - INFO:Deleting src/sentinel_protobuf/google/api/apikeys/v2/resources_pb2.pyi
2026-01-28 21:42:43,527 - INFO:Deleting src/sentinel_protobuf/google/api/apikeys/v2/apikeys_pb2.py
2026-01-28 21:42:43,527 - INFO:Deleting src/sentinel_protobuf/google/api/apikeys/v2/__init__.pyi
2026-01-28 21:42:43,527 - INFO:Deleting src/sentinel_protobuf/google/api/apikeys/v2/apikeys_pb2.pyi
2026-01-28 21:42:43,527 - INFO:Deleting src/sentinel_protobuf/google/api/apikeys/v2/resources_pb2.py
2026-01-28 21:42:43,527 - INFO:Compiling proto file: /home/freqnik/git/MathNodes/cosmospy-protobuf/src/sentinel_protobuf/cosmos/gov/module/v1/module.proto
2026-01-28 21:42:43,577 - INFO:Compiling proto and grpc file: /home/freqnik/git/MathNodes/cosmospy-protobuf/src/sentinel_protobuf/cosmos/gov/v1/query.proto
2026-01-28 21:42:43,642 - INFO:Compiling proto file: /home/freqnik/git/MathNodes/cosmospy-protobuf/src/sentinel_protobuf/cosmos/gov/v1/genesis.proto
2026-01-28 21:42:43,706 - INFO:Compiling proto file: /home/freqnik/git/MathNodes/cosmospy-protobuf/src/sentinel_protobuf/cosmos/gov/v1/tx.proto
2026-01-28 21:42:43,770 - INFO:Compiling proto file: /home/freqnik/git/MathNodes/cosmospy-protobuf/src/sentinel_protobuf/cosmos/gov/v1/gov.proto
2026-01-28 21:42:43,834 - INFO:Compiling proto and grpc file: /home/freqnik/git/MathNodes/cosmospy-protobuf/src/sentinel_protobuf/cosmos/gov/v1beta1/query.proto
2026-01-28 21:42:43,900 - INFO:Compiling proto file: /home/freqnik/git/MathNodes/cosmospy-protobuf/src/sentinel_protobuf/cosmos/gov/v1beta1/genesis.proto
2026-01-28 21:42:43,964 - INFO:Compiling proto file: /home/freqnik/git/MathNodes/cosmospy-protobuf/src/sentinel_protobuf/cosmos/gov/v1beta1/tx.proto
2026-01-28 21:42:44,031 - INFO:Compiling proto file: /home/freqnik/git/MathNodes/cosmospy-protobuf/src/sentinel_protobuf/cosmos/gov/v1beta1/gov.proto
2026-01-28 21:42:44,099 - INFO:Compiling proto file: /home/freqnik/git/MathNodes/cosmospy-protobuf/src/sentinel_protobuf/cosmos/auth/module/v1/module.proto
2026-01-28 21:42:44,160 - INFO:Compiling proto and grpc file: /home/freqnik/git/MathNodes/cosmospy-protobuf/src/sentinel_protobuf/cosmos/auth/v1beta1/query.proto
2026-01-28 21:42:44,225 - INFO:Compiling proto file: /home/freqnik/git/MathNodes/cosmospy-protobuf/src/sentinel_protobuf/cosmos/auth/v1beta1/genesis.proto
2026-01-28 21:42:44,293 - INFO:Compiling proto file: /home/freqnik/git/MathNodes/cosmospy-protobuf/src/sentinel_protobuf/cosmos/auth/v1beta1/tx.proto
2026-01-28 21:42:44,356 - INFO:Compiling proto file: /home/freqnik/git/MathNodes/cosmospy-protobuf/src/sentinel_protobuf/cosmos/auth/v1beta1/auth.proto
2026-01-28 21:42:44,422 - INFO:Compiling proto file: /home/freqnik/git/MathNodes/cosmospy-protobuf/src/sentinel_protobuf/cosmos/authz/module/v1/module.proto
2026-01-28 21:42:44,484 - INFO:Compiling proto and grpc file: /home/freqnik/git/MathNodes/cosmospy-protobuf/src/sentinel_protobuf/cosmos/authz/v1beta1/query.proto
2026-01-28 21:42:44,548 - INFO:Compiling proto file: /home/freqnik/git/MathNodes/cosmospy-protobuf/src/sentinel_protobuf/cosmos/authz/v1beta1/event.proto
2026-01-28 21:42:44,609 - INFO:Compiling proto file: /home/freqnik/git/MathNodes/cosmospy-protobuf/src/sentinel_protobuf/cosmos/authz/v1beta1/genesis.proto
2026-01-28 21:42:44,674 - INFO:Compiling proto file: /home/freqnik/git/MathNodes/cosmospy-protobuf/src/sentinel_protobuf/cosmos/authz/v1beta1/tx.proto
2026-01-28 21:42:44,738 - INFO:Compiling proto file: /home/freqnik/git/MathNodes/cosmospy-protobuf/src/sentinel_protobuf/cosmos/authz/v1beta1/authz.proto
2026-01-28 21:42:44,801 - INFO:Compiling proto file: /home/freqnik/git/MathNodes/cosmospy-protobuf/src/sentinel_protobuf/cosmos/slashing/module/v1/module.proto
2026-01-28 21:42:44,864 - INFO:Compiling proto and grpc file: /home/freqnik/git/MathNodes/cosmospy-protobuf/src/sentinel_protobuf/cosmos/slashing/v1beta1/query.proto
2026-01-28 21:42:44,916 - INFO:Compiling proto file: /home/freqnik/git/MathNodes/cosmospy-protobuf/src/sentinel_protobuf/cosmos/slashing/v1beta1/slashing.proto
2026-01-28 21:42:44,977 - INFO:Compiling proto file: /home/freqnik/git/MathNodes/cosmospy-protobuf/src/sentinel_protobuf/cosmos/slashing/v1beta1/genesis.proto
2026-01-28 21:42:45,033 - INFO:Compiling proto file: /home/freqnik/git/MathNodes/cosmospy-protobuf/src/sentinel_protobuf/cosmos/slashing/v1beta1/tx.proto
2026-01-28 21:42:45,083 - INFO:Compiling proto file: /home/freqnik/git/MathNodes/cosmospy-protobuf/src/sentinel_protobuf/cosmos/staking/module/v1/module.proto
2026-01-28 21:42:45,130 - INFO:Compiling proto and grpc file: /home/freqnik/git/MathNodes/cosmospy-protobuf/src/sentinel_protobuf/cosmos/staking/v1beta1/query.proto
2026-01-28 21:42:45,191 - INFO:Compiling proto file: /home/freqnik/git/MathNodes/cosmospy-protobuf/src/sentinel_protobuf/cosmos/staking/v1beta1/genesis.proto
2026-01-28 21:42:45,248 - INFO:Compiling proto file: /home/freqnik/git/MathNodes/cosmospy-protobuf/src/sentinel_protobuf/cosmos/staking/v1beta1/tx.proto
2026-01-28 21:42:45,322 - INFO:Compiling proto file: /home/freqnik/git/MathNodes/cosmospy-protobuf/src/sentinel_protobuf/cosmos/staking/v1beta1/authz.proto
2026-01-28 21:42:45,383 - INFO:Compiling proto file: /home/freqnik/git/MathNodes/cosmospy-protobuf/src/sentinel_protobuf/cosmos/staking/v1beta1/staking.proto
2026-01-28 21:42:45,456 - INFO:Compiling proto file: /home/freqnik/git/MathNodes/cosmospy-protobuf/src/sentinel_protobuf/cosmos/bank/module/v1/module.proto
2026-01-28 21:42:45,517 - INFO:Compiling proto and grpc file: /home/freqnik/git/MathNodes/cosmospy-protobuf/src/sentinel_protobuf/cosmos/bank/v1beta1/query.proto
2026-01-28 21:42:45,583 - INFO:Compiling proto file: /home/freqnik/git/MathNodes/cosmospy-protobuf/src/sentinel_protobuf/cosmos/bank/v1beta1/genesis.proto
2026-01-28 21:42:45,654 - INFO:Compiling proto file: /home/freqnik/git/MathNodes/cosmospy-protobuf/src/sentinel_protobuf/cosmos/bank/v1beta1/tx.proto
2026-01-28 21:42:45,718 - INFO:Compiling proto file: /home/freqnik/git/MathNodes/cosmospy-protobuf/src/sentinel_protobuf/cosmos/bank/v1beta1/bank.proto
2026-01-28 21:42:45,780 - INFO:Compiling proto file: /home/freqnik/git/MathNodes/cosmospy-protobuf/src/sentinel_protobuf/cosmos/bank/v1beta1/authz.proto
2026-01-28 21:42:45,849 - INFO:Compiling proto file: /home/freqnik/git/MathNodes/cosmospy-protobuf/src/sentinel_protobuf/cosmos/msg/v1/msg.proto
2026-01-28 21:42:45,908 - INFO:Compiling proto and grpc file: /home/freqnik/git/MathNodes/cosmospy-protobuf/src/sentinel_protobuf/cosmos/autocli/v1/query.proto
2026-01-28 21:42:45,974 - INFO:Compiling proto file: /home/freqnik/git/MathNodes/cosmospy-protobuf/src/sentinel_protobuf/cosmos/autocli/v1/options.proto
2026-01-28 21:42:46,033 - INFO:Compiling proto file: /home/freqnik/git/MathNodes/cosmospy-protobuf/src/sentinel_protobuf/cosmos/mint/module/v1/module.proto
2026-01-28 21:42:46,097 - INFO:Compiling proto and grpc file: /home/freqnik/git/MathNodes/cosmospy-protobuf/src/sentinel_protobuf/cosmos/mint/v1beta1/query.proto
2026-01-28 21:42:46,163 - INFO:Compiling proto file: /home/freqnik/git/MathNodes/cosmospy-protobuf/src/sentinel_protobuf/cosmos/mint/v1beta1/genesis.proto
2026-01-28 21:42:46,229 - INFO:Compiling proto file: /home/freqnik/git/MathNodes/cosmospy-protobuf/src/sentinel_protobuf/cosmos/mint/v1beta1/tx.proto
2026-01-28 21:42:46,297 - INFO:Compiling proto file: /home/freqnik/git/MathNodes/cosmospy-protobuf/src/sentinel_protobuf/cosmos/mint/v1beta1/mint.proto
2026-01-28 21:42:46,362 - INFO:Compiling proto file: /home/freqnik/git/MathNodes/cosmospy-protobuf/src/sentinel_protobuf/cosmos/base/store/v1beta1/listening.proto
2026-01-28 21:42:46,436 - INFO:Compiling proto file: /home/freqnik/git/MathNodes/cosmospy-protobuf/src/sentinel_protobuf/cosmos/base/store/v1beta1/commit_info.proto
2026-01-28 21:42:46,503 - INFO:Compiling proto and grpc file: /home/freqnik/git/MathNodes/cosmospy-protobuf/src/sentinel_protobuf/cosmos/base/tendermint/v1beta1/query.proto
2026-01-28 21:42:46,578 - INFO:Compiling proto file: /home/freqnik/git/MathNodes/cosmospy-protobuf/src/sentinel_protobuf/cosmos/base/tendermint/v1beta1/types.proto
2026-01-28 21:42:46,655 - INFO:Compiling proto file: /home/freqnik/git/MathNodes/cosmospy-protobuf/src/sentinel_protobuf/cosmos/base/snapshots/v1beta1/snapshot.proto
2026-01-28 21:42:46,710 - INFO:Compiling proto file: /home/freqnik/git/MathNodes/cosmospy-protobuf/src/sentinel_protobuf/cosmos/base/abci/v1beta1/abci.proto
2026-01-28 21:42:46,764 - INFO:Compiling proto file: /home/freqnik/git/MathNodes/cosmospy-protobuf/src/sentinel_protobuf/cosmos/base/reflection/v1beta1/reflection.proto
2026-01-28 21:42:46,827 - INFO:Compiling proto file: /home/freqnik/git/MathNodes/cosmospy-protobuf/src/sentinel_protobuf/cosmos/base/reflection/v2alpha1/reflection.proto
2026-01-28 21:42:46,889 - INFO:Compiling proto and grpc file: /home/freqnik/git/MathNodes/cosmospy-protobuf/src/sentinel_protobuf/cosmos/base/node/v1beta1/query.proto
2026-01-28 21:42:46,958 - INFO:Compiling proto file: /home/freqnik/git/MathNodes/cosmospy-protobuf/src/sentinel_protobuf/cosmos/base/kv/v1beta1/kv.proto
2026-01-28 21:42:47,022 - INFO:Compiling proto file: /home/freqnik/git/MathNodes/cosmospy-protobuf/src/sentinel_protobuf/cosmos/base/v1beta1/coin.proto
2026-01-28 21:42:47,084 - INFO:Compiling proto file: /home/freqnik/git/MathNodes/cosmospy-protobuf/src/sentinel_protobuf/cosmos/base/query/v1beta1/pagination.proto
2026-01-28 21:42:47,137 - INFO:Compiling proto and grpc file: /home/freqnik/git/MathNodes/cosmospy-protobuf/src/sentinel_protobuf/cosmos/app/v1alpha1/query.proto
2026-01-28 21:42:47,189 - INFO:Compiling proto file: /home/freqnik/git/MathNodes/cosmospy-protobuf/src/sentinel_protobuf/cosmos/app/v1alpha1/config.proto
2026-01-28 21:42:47,240 - INFO:Compiling proto file: /home/freqnik/git/MathNodes/cosmospy-protobuf/src/sentinel_protobuf/cosmos/app/v1alpha1/module.proto
2026-01-28 21:42:47,297 - INFO:Compiling proto file: /home/freqnik/git/MathNodes/cosmospy-protobuf/src/sentinel_protobuf/cosmos/app/runtime/v1alpha1/module.proto
2026-01-28 21:42:47,355 - INFO:Compiling proto file: /home/freqnik/git/MathNodes/cosmospy-protobuf/src/sentinel_protobuf/cosmos/upgrade/module/v1/module.proto
2026-01-28 21:42:47,412 - INFO:Compiling proto and grpc file: /home/freqnik/git/MathNodes/cosmospy-protobuf/src/sentinel_protobuf/cosmos/upgrade/v1beta1/query.proto
2026-01-28 21:42:47,473 - INFO:Compiling proto file: /home/freqnik/git/MathNodes/cosmospy-protobuf/src/sentinel_protobuf/cosmos/upgrade/v1beta1/tx.proto
2026-01-28 21:42:47,532 - INFO:Compiling proto file: /home/freqnik/git/MathNodes/cosmospy-protobuf/src/sentinel_protobuf/cosmos/upgrade/v1beta1/upgrade.proto
2026-01-28 21:42:47,595 - INFO:Compiling proto file: /home/freqnik/git/MathNodes/cosmospy-protobuf/src/sentinel_protobuf/cosmos/reflection/v1/reflection.proto
2026-01-28 21:42:47,654 - INFO:Compiling proto file: /home/freqnik/git/MathNodes/cosmospy-protobuf/src/sentinel_protobuf/cosmos/nft/module/v1/module.proto
2026-01-28 21:42:47,720 - INFO:Compiling proto and grpc file: /home/freqnik/git/MathNodes/cosmospy-protobuf/src/sentinel_protobuf/cosmos/nft/v1beta1/query.proto
2026-01-28 21:42:47,780 - INFO:Compiling proto file: /home/freqnik/git/MathNodes/cosmospy-protobuf/src/sentinel_protobuf/cosmos/nft/v1beta1/event.proto
2026-01-28 21:42:47,831 - INFO:Compiling proto file: /home/freqnik/git/MathNodes/cosmospy-protobuf/src/sentinel_protobuf/cosmos/nft/v1beta1/genesis.proto
2026-01-28 21:42:47,884 - INFO:Compiling proto file: /home/freqnik/git/MathNodes/cosmospy-protobuf/src/sentinel_protobuf/cosmos/nft/v1beta1/tx.proto
2026-01-28 21:42:47,942 - INFO:Compiling proto file: /home/freqnik/git/MathNodes/cosmospy-protobuf/src/sentinel_protobuf/cosmos/nft/v1beta1/nft.proto
2026-01-28 21:42:47,993 - INFO:Compiling proto file: /home/freqnik/git/MathNodes/cosmospy-protobuf/src/sentinel_protobuf/cosmos/orm/module/v1alpha1/module.proto
2026-01-28 21:42:48,053 - INFO:Compiling proto file: /home/freqnik/git/MathNodes/cosmospy-protobuf/src/sentinel_protobuf/cosmos/orm/v1/orm.proto
2026-01-28 21:42:48,099 - INFO:Compiling proto file: /home/freqnik/git/MathNodes/cosmospy-protobuf/src/sentinel_protobuf/cosmos/orm/v1alpha1/schema.proto
2026-01-28 21:42:48,159 - INFO:Compiling proto and grpc file: /home/freqnik/git/MathNodes/cosmospy-protobuf/src/sentinel_protobuf/cosmos/orm/query/v1alpha1/query.proto
2026-01-28 21:42:48,221 - INFO:Compiling proto file: /home/freqnik/git/MathNodes/cosmospy-protobuf/src/sentinel_protobuf/cosmos/feegrant/module/v1/module.proto
2026-01-28 21:42:48,281 - INFO:Compiling proto and grpc file: /home/freqnik/git/MathNodes/cosmospy-protobuf/src/sentinel_protobuf/cosmos/feegrant/v1beta1/query.proto
2026-01-28 21:42:48,354 - INFO:Compiling proto file: /home/freqnik/git/MathNodes/cosmospy-protobuf/src/sentinel_protobuf/cosmos/feegrant/v1beta1/genesis.proto
2026-01-28 21:42:48,421 - INFO:Compiling proto file: /home/freqnik/git/MathNodes/cosmospy-protobuf/src/sentinel_protobuf/cosmos/feegrant/v1beta1/tx.proto
2026-01-28 21:42:48,485 - INFO:Compiling proto file: /home/freqnik/git/MathNodes/cosmospy-protobuf/src/sentinel_protobuf/cosmos/feegrant/v1beta1/feegrant.proto
2026-01-28 21:42:48,552 - INFO:Compiling proto file: /home/freqnik/git/MathNodes/cosmospy-protobuf/src/sentinel_protobuf/cosmos/evidence/module/v1/module.proto
2026-01-28 21:42:48,614 - INFO:Compiling proto and grpc file: /home/freqnik/git/MathNodes/cosmospy-protobuf/src/sentinel_protobuf/cosmos/evidence/v1beta1/query.proto
2026-01-28 21:42:48,681 - INFO:Compiling proto file: /home/freqnik/git/MathNodes/cosmospy-protobuf/src/sentinel_protobuf/cosmos/evidence/v1beta1/genesis.proto
2026-01-28 21:42:48,735 - INFO:Compiling proto file: /home/freqnik/git/MathNodes/cosmospy-protobuf/src/sentinel_protobuf/cosmos/evidence/v1beta1/tx.proto
2026-01-28 21:42:48,798 - INFO:Compiling proto file: /home/freqnik/git/MathNodes/cosmospy-protobuf/src/sentinel_protobuf/cosmos/evidence/v1beta1/evidence.proto
2026-01-28 21:42:48,862 - INFO:Compiling proto file: /home/freqnik/git/MathNodes/cosmospy-protobuf/src/sentinel_protobuf/cosmos/crypto/keyring/v1/record.proto
2026-01-28 21:42:48,924 - INFO:Compiling proto file: /home/freqnik/git/MathNodes/cosmospy-protobuf/src/sentinel_protobuf/cosmos/crypto/secp256r1/keys.proto
2026-01-28 21:42:48,985 - INFO:Compiling proto file: /home/freqnik/git/MathNodes/cosmospy-protobuf/src/sentinel_protobuf/cosmos/crypto/hd/v1/hd.proto
2026-01-28 21:42:49,048 - INFO:Compiling proto file: /home/freqnik/git/MathNodes/cosmospy-protobuf/src/sentinel_protobuf/cosmos/crypto/ed25519/keys.proto
2026-01-28 21:42:49,111 - INFO:Compiling proto file: /home/freqnik/git/MathNodes/cosmospy-protobuf/src/sentinel_protobuf/cosmos/crypto/secp256k1/keys.proto
2026-01-28 21:42:49,172 - INFO:Compiling proto file: /home/freqnik/git/MathNodes/cosmospy-protobuf/src/sentinel_protobuf/cosmos/crypto/multisig/keys.proto
2026-01-28 21:42:49,235 - INFO:Compiling proto file: /home/freqnik/git/MathNodes/cosmospy-protobuf/src/sentinel_protobuf/cosmos/crypto/multisig/v1beta1/multisig.proto
2026-01-28 21:42:49,297 - INFO:Compiling proto file: /home/freqnik/git/MathNodes/cosmospy-protobuf/src/sentinel_protobuf/cosmos/params/module/v1/module.proto
2026-01-28 21:42:49,358 - INFO:Compiling proto and grpc file: /home/freqnik/git/MathNodes/cosmospy-protobuf/src/sentinel_protobuf/cosmos/params/v1beta1/query.proto
2026-01-28 21:42:49,422 - INFO:Compiling proto file: /home/freqnik/git/MathNodes/cosmospy-protobuf/src/sentinel_protobuf/cosmos/params/v1beta1/params.proto
2026-01-28 21:42:49,486 - INFO:Compiling proto file: /home/freqnik/git/MathNodes/cosmospy-protobuf/src/sentinel_protobuf/cosmos/distribution/module/v1/module.proto
2026-01-28 21:42:49,549 - INFO:Compiling proto and grpc file: /home/freqnik/git/MathNodes/cosmospy-protobuf/src/sentinel_protobuf/cosmos/distribution/v1beta1/query.proto
2026-01-28 21:42:49,619 - INFO:Compiling proto file: /home/freqnik/git/MathNodes/cosmospy-protobuf/src/sentinel_protobuf/cosmos/distribution/v1beta1/distribution.proto
2026-01-28 21:42:49,684 - INFO:Compiling proto file: /home/freqnik/git/MathNodes/cosmospy-protobuf/src/sentinel_protobuf/cosmos/distribution/v1beta1/genesis.proto
2026-01-28 21:42:49,750 - INFO:Compiling proto file: /home/freqnik/git/MathNodes/cosmospy-protobuf/src/sentinel_protobuf/cosmos/distribution/v1beta1/tx.proto
2026-01-28 21:42:49,816 - INFO:Compiling proto file: /home/freqnik/git/MathNodes/cosmospy-protobuf/src/sentinel_protobuf/cosmos/genutil/module/v1/module.proto
2026-01-28 21:42:49,876 - INFO:Compiling proto file: /home/freqnik/git/MathNodes/cosmospy-protobuf/src/sentinel_protobuf/cosmos/genutil/v1beta1/genesis.proto
2026-01-28 21:42:49,938 - INFO:Compiling proto file: /home/freqnik/git/MathNodes/cosmospy-protobuf/src/sentinel_protobuf/cosmos/vesting/module/v1/module.proto
2026-01-28 21:42:50,001 - INFO:Compiling proto file: /home/freqnik/git/MathNodes/cosmospy-protobuf/src/sentinel_protobuf/cosmos/vesting/v1beta1/vesting.proto
2026-01-28 21:42:50,064 - INFO:Compiling proto file: /home/freqnik/git/MathNodes/cosmospy-protobuf/src/sentinel_protobuf/cosmos/vesting/v1beta1/tx.proto
2026-01-28 21:42:50,128 - INFO:Compiling proto file: /home/freqnik/git/MathNodes/cosmospy-protobuf/src/sentinel_protobuf/cosmos/group/module/v1/module.proto
2026-01-28 21:42:50,187 - INFO:Compiling proto and grpc file: /home/freqnik/git/MathNodes/cosmospy-protobuf/src/sentinel_protobuf/cosmos/group/v1/query.proto
2026-01-28 21:42:50,257 - INFO:Compiling proto file: /home/freqnik/git/MathNodes/cosmospy-protobuf/src/sentinel_protobuf/cosmos/group/v1/types.proto
2026-01-28 21:42:50,325 - INFO:Compiling proto file: /home/freqnik/git/MathNodes/cosmospy-protobuf/src/sentinel_protobuf/cosmos/group/v1/genesis.proto
2026-01-28 21:42:50,377 - INFO:Compiling proto file: /home/freqnik/git/MathNodes/cosmospy-protobuf/src/sentinel_protobuf/cosmos/group/v1/tx.proto
2026-01-28 21:42:50,445 - INFO:Compiling proto file: /home/freqnik/git/MathNodes/cosmospy-protobuf/src/sentinel_protobuf/cosmos/group/v1/events.proto
2026-01-28 21:42:50,516 - INFO:Compiling proto and grpc file: /home/freqnik/git/MathNodes/cosmospy-protobuf/src/sentinel_protobuf/cosmos/query/v1/query.proto
2026-01-28 21:42:50,579 - INFO:Compiling proto file: /home/freqnik/git/MathNodes/cosmospy-protobuf/src/sentinel_protobuf/cosmos/capability/module/v1/module.proto
2026-01-28 21:42:50,644 - INFO:Compiling proto file: /home/freqnik/git/MathNodes/cosmospy-protobuf/src/sentinel_protobuf/cosmos/capability/v1beta1/genesis.proto
2026-01-28 21:42:50,706 - INFO:Compiling proto file: /home/freqnik/git/MathNodes/cosmospy-protobuf/src/sentinel_protobuf/cosmos/capability/v1beta1/capability.proto
2026-01-28 21:42:50,767 - INFO:Compiling proto file: /home/freqnik/git/MathNodes/cosmospy-protobuf/src/sentinel_protobuf/cosmos/consensus/module/v1/module.proto
2026-01-28 21:42:50,827 - INFO:Compiling proto and grpc file: /home/freqnik/git/MathNodes/cosmospy-protobuf/src/sentinel_protobuf/cosmos/consensus/v1/query.proto
2026-01-28 21:42:50,889 - INFO:Compiling proto file: /home/freqnik/git/MathNodes/cosmospy-protobuf/src/sentinel_protobuf/cosmos/consensus/v1/tx.proto
2026-01-28 21:42:50,951 - INFO:Compiling proto file: /home/freqnik/git/MathNodes/cosmospy-protobuf/src/sentinel_protobuf/cosmos/crisis/module/v1/module.proto
2026-01-28 21:42:51,012 - INFO:Compiling proto file: /home/freqnik/git/MathNodes/cosmospy-protobuf/src/sentinel_protobuf/cosmos/crisis/v1beta1/genesis.proto
2026-01-28 21:42:51,078 - INFO:Compiling proto file: /home/freqnik/git/MathNodes/cosmospy-protobuf/src/sentinel_protobuf/cosmos/crisis/v1beta1/tx.proto
2026-01-28 21:42:51,146 - INFO:Compiling proto file: /home/freqnik/git/MathNodes/cosmospy-protobuf/src/sentinel_protobuf/cosmos/tx/config/v1/config.proto
2026-01-28 21:42:51,204 - INFO:Compiling proto file: /home/freqnik/git/MathNodes/cosmospy-protobuf/src/sentinel_protobuf/cosmos/tx/signing/v1beta1/signing.proto
2026-01-28 21:42:51,264 - INFO:Compiling proto file: /home/freqnik/git/MathNodes/cosmospy-protobuf/src/sentinel_protobuf/cosmos/tx/v1beta1/tx.proto
2026-01-28 21:42:51,325 - INFO:Compiling proto and grpc file: /home/freqnik/git/MathNodes/cosmospy-protobuf/src/sentinel_protobuf/cosmos/tx/v1beta1/service.proto
2026-01-28 21:42:51,398 - INFO:Compiling proto file: /home/freqnik/git/MathNodes/cosmospy-protobuf/src/sentinel_protobuf/sentinel/types/v1/status.proto
2026-01-28 21:42:51,458 - INFO:Compiling proto file: /home/freqnik/git/MathNodes/cosmospy-protobuf/src/sentinel_protobuf/sentinel/types/v1/renewal.proto
2026-01-28 21:42:51,517 - INFO:Compiling proto file: /home/freqnik/git/MathNodes/cosmospy-protobuf/src/sentinel_protobuf/sentinel/types/v1/bandwidth.proto
2026-01-28 21:42:51,575 - INFO:Compiling proto file: /home/freqnik/git/MathNodes/cosmospy-protobuf/src/sentinel_protobuf/sentinel/types/v1/price.proto
2026-01-28 21:42:51,634 - INFO:Compiling proto file: /home/freqnik/git/MathNodes/cosmospy-protobuf/src/sentinel_protobuf/sentinel/vpn/v1/genesis.proto
2026-01-28 21:42:51,700 - INFO:Compiling proto file: /home/freqnik/git/MathNodes/cosmospy-protobuf/src/sentinel_protobuf/sentinel/provider/v2/provider.proto
2026-01-28 21:42:51,759 - INFO:Compiling proto file: /home/freqnik/git/MathNodes/cosmospy-protobuf/src/sentinel_protobuf/sentinel/provider/v2/genesis.proto
2026-01-28 21:42:51,820 - INFO:Compiling proto file: /home/freqnik/git/MathNodes/cosmospy-protobuf/src/sentinel_protobuf/sentinel/provider/v2/events.proto
2026-01-28 21:42:51,878 - INFO:Compiling proto file: /home/freqnik/git/MathNodes/cosmospy-protobuf/src/sentinel_protobuf/sentinel/provider/v2/msg.proto
2026-01-28 21:42:51,938 - INFO:Compiling proto and grpc file: /home/freqnik/git/MathNodes/cosmospy-protobuf/src/sentinel_protobuf/sentinel/provider/v2/querier.proto
2026-01-28 21:42:52,001 - INFO:Compiling proto file: /home/freqnik/git/MathNodes/cosmospy-protobuf/src/sentinel_protobuf/sentinel/provider/v2/params.proto
2026-01-28 21:42:52,065 - INFO:Compiling proto file: /home/freqnik/git/MathNodes/cosmospy-protobuf/src/sentinel_protobuf/sentinel/provider/v1/provider.proto
2026-01-28 21:42:52,132 - INFO:Compiling proto file: /home/freqnik/git/MathNodes/cosmospy-protobuf/src/sentinel_protobuf/sentinel/provider/v1/genesis.proto
2026-01-28 21:42:52,196 - INFO:Compiling proto file: /home/freqnik/git/MathNodes/cosmospy-protobuf/src/sentinel_protobuf/sentinel/provider/v1/events.proto
2026-01-28 21:42:52,256 - INFO:Compiling proto file: /home/freqnik/git/MathNodes/cosmospy-protobuf/src/sentinel_protobuf/sentinel/provider/v1/msg.proto
2026-01-28 21:42:52,315 - INFO:Compiling proto and grpc file: /home/freqnik/git/MathNodes/cosmospy-protobuf/src/sentinel_protobuf/sentinel/provider/v1/querier.proto
2026-01-28 21:42:52,385 - INFO:Compiling proto file: /home/freqnik/git/MathNodes/cosmospy-protobuf/src/sentinel_protobuf/sentinel/provider/v1/params.proto
2026-01-28 21:42:52,451 - INFO:Compiling proto file: /home/freqnik/git/MathNodes/cosmospy-protobuf/src/sentinel_protobuf/sentinel/provider/v3/genesis.proto
2026-01-28 21:42:52,520 - INFO:Compiling proto file: /home/freqnik/git/MathNodes/cosmospy-protobuf/src/sentinel_protobuf/sentinel/provider/v3/events.proto
2026-01-28 21:42:52,581 - INFO:Compiling proto file: /home/freqnik/git/MathNodes/cosmospy-protobuf/src/sentinel_protobuf/sentinel/provider/v3/msg.proto
2026-01-28 21:42:52,646 - INFO:Compiling proto and grpc file: /home/freqnik/git/MathNodes/cosmospy-protobuf/src/sentinel_protobuf/sentinel/provider/v3/querier.proto
2026-01-28 21:42:52,710 - INFO:Compiling proto file: /home/freqnik/git/MathNodes/cosmospy-protobuf/src/sentinel_protobuf/sentinel/provider/v3/params.proto
2026-01-28 21:42:52,771 - INFO:Compiling proto file: /home/freqnik/git/MathNodes/cosmospy-protobuf/src/sentinel_protobuf/sentinel/mint/v1/genesis.proto
2026-01-28 21:42:52,833 - INFO:Compiling proto file: /home/freqnik/git/MathNodes/cosmospy-protobuf/src/sentinel_protobuf/sentinel/mint/v1/inflation.proto
2026-01-28 21:42:52,896 - INFO:Compiling proto file: /home/freqnik/git/MathNodes/cosmospy-protobuf/src/sentinel_protobuf/sentinel/subscription/v2/payout.proto
2026-01-28 21:42:52,959 - INFO:Compiling proto file: /home/freqnik/git/MathNodes/cosmospy-protobuf/src/sentinel_protobuf/sentinel/subscription/v2/allocation.proto
2026-01-28 21:42:53,021 - INFO:Compiling proto file: /home/freqnik/git/MathNodes/cosmospy-protobuf/src/sentinel_protobuf/sentinel/subscription/v2/subscription.proto
2026-01-28 21:42:53,085 - INFO:Compiling proto file: /home/freqnik/git/MathNodes/cosmospy-protobuf/src/sentinel_protobuf/sentinel/subscription/v2/genesis.proto
2026-01-28 21:42:53,148 - INFO:Compiling proto file: /home/freqnik/git/MathNodes/cosmospy-protobuf/src/sentinel_protobuf/sentinel/subscription/v2/events.proto
2026-01-28 21:42:53,214 - INFO:Compiling proto file: /home/freqnik/git/MathNodes/cosmospy-protobuf/src/sentinel_protobuf/sentinel/subscription/v2/msg.proto
2026-01-28 21:42:53,272 - INFO:Compiling proto and grpc file: /home/freqnik/git/MathNodes/cosmospy-protobuf/src/sentinel_protobuf/sentinel/subscription/v2/querier.proto
2026-01-28 21:42:53,343 - INFO:Compiling proto file: /home/freqnik/git/MathNodes/cosmospy-protobuf/src/sentinel_protobuf/sentinel/subscription/v2/params.proto
2026-01-28 21:42:53,411 - INFO:Compiling proto file: /home/freqnik/git/MathNodes/cosmospy-protobuf/src/sentinel_protobuf/sentinel/subscription/v1/subscription.proto
2026-01-28 21:42:53,471 - INFO:Compiling proto file: /home/freqnik/git/MathNodes/cosmospy-protobuf/src/sentinel_protobuf/sentinel/subscription/v1/genesis.proto
2026-01-28 21:42:53,534 - INFO:Compiling proto file: /home/freqnik/git/MathNodes/cosmospy-protobuf/src/sentinel_protobuf/sentinel/subscription/v1/quota.proto
2026-01-28 21:42:53,593 - INFO:Compiling proto file: /home/freqnik/git/MathNodes/cosmospy-protobuf/src/sentinel_protobuf/sentinel/subscription/v1/events.proto
2026-01-28 21:42:53,652 - INFO:Compiling proto file: /home/freqnik/git/MathNodes/cosmospy-protobuf/src/sentinel_protobuf/sentinel/subscription/v1/msg.proto
2026-01-28 21:42:53,712 - INFO:Compiling proto and grpc file: /home/freqnik/git/MathNodes/cosmospy-protobuf/src/sentinel_protobuf/sentinel/subscription/v1/querier.proto
2026-01-28 21:42:53,781 - INFO:Compiling proto file: /home/freqnik/git/MathNodes/cosmospy-protobuf/src/sentinel_protobuf/sentinel/subscription/v1/params.proto
2026-01-28 21:42:53,841 - INFO:Compiling proto file: /home/freqnik/git/MathNodes/cosmospy-protobuf/src/sentinel_protobuf/sentinel/subscription/v3/subscription.proto
2026-01-28 21:42:53,901 - INFO:Compiling proto file: /home/freqnik/git/MathNodes/cosmospy-protobuf/src/sentinel_protobuf/sentinel/subscription/v3/genesis.proto
2026-01-28 21:42:53,964 - INFO:Compiling proto file: /home/freqnik/git/MathNodes/cosmospy-protobuf/src/sentinel_protobuf/sentinel/subscription/v3/events.proto
2026-01-28 21:42:54,025 - INFO:Compiling proto file: /home/freqnik/git/MathNodes/cosmospy-protobuf/src/sentinel_protobuf/sentinel/subscription/v3/msg.proto
2026-01-28 21:42:54,086 - INFO:Compiling proto file: /home/freqnik/git/MathNodes/cosmospy-protobuf/src/sentinel_protobuf/sentinel/subscription/v3/session.proto
2026-01-28 21:42:54,150 - INFO:Compiling proto and grpc file: /home/freqnik/git/MathNodes/cosmospy-protobuf/src/sentinel_protobuf/sentinel/subscription/v3/querier.proto
2026-01-28 21:42:54,217 - INFO:Compiling proto file: /home/freqnik/git/MathNodes/cosmospy-protobuf/src/sentinel_protobuf/sentinel/subscription/v3/params.proto
2026-01-28 21:42:54,284 - INFO:Compiling proto file: /home/freqnik/git/MathNodes/cosmospy-protobuf/src/sentinel_protobuf/sentinel/lease/v1/genesis.proto
2026-01-28 21:42:54,349 - INFO:Compiling proto file: /home/freqnik/git/MathNodes/cosmospy-protobuf/src/sentinel_protobuf/sentinel/lease/v1/lease.proto
2026-01-28 21:42:54,411 - INFO:Compiling proto file: /home/freqnik/git/MathNodes/cosmospy-protobuf/src/sentinel_protobuf/sentinel/lease/v1/events.proto
2026-01-28 21:42:54,478 - INFO:Compiling proto file: /home/freqnik/git/MathNodes/cosmospy-protobuf/src/sentinel_protobuf/sentinel/lease/v1/msg.proto
2026-01-28 21:42:54,545 - INFO:Compiling proto and grpc file: /home/freqnik/git/MathNodes/cosmospy-protobuf/src/sentinel_protobuf/sentinel/lease/v1/querier.proto
2026-01-28 21:42:54,608 - INFO:Compiling proto file: /home/freqnik/git/MathNodes/cosmospy-protobuf/src/sentinel_protobuf/sentinel/lease/v1/params.proto
2026-01-28 21:42:54,671 - INFO:Compiling proto file: /home/freqnik/git/MathNodes/cosmospy-protobuf/src/sentinel_protobuf/sentinel/plan/v2/genesis.proto
2026-01-28 21:42:54,738 - INFO:Compiling proto file: /home/freqnik/git/MathNodes/cosmospy-protobuf/src/sentinel_protobuf/sentinel/plan/v2/plan.proto
2026-01-28 21:42:54,802 - INFO:Compiling proto file: /home/freqnik/git/MathNodes/cosmospy-protobuf/src/sentinel_protobuf/sentinel/plan/v2/events.proto
2026-01-28 21:42:54,856 - INFO:Compiling proto file: /home/freqnik/git/MathNodes/cosmospy-protobuf/src/sentinel_protobuf/sentinel/plan/v2/msg.proto
2026-01-28 21:42:54,907 - INFO:Compiling proto and grpc file: /home/freqnik/git/MathNodes/cosmospy-protobuf/src/sentinel_protobuf/sentinel/plan/v2/querier.proto
2026-01-28 21:42:54,965 - INFO:Compiling proto file: /home/freqnik/git/MathNodes/cosmospy-protobuf/src/sentinel_protobuf/sentinel/plan/v1/genesis.proto
2026-01-28 21:42:55,024 - INFO:Compiling proto file: /home/freqnik/git/MathNodes/cosmospy-protobuf/src/sentinel_protobuf/sentinel/plan/v1/plan.proto
2026-01-28 21:42:55,071 - INFO:Compiling proto file: /home/freqnik/git/MathNodes/cosmospy-protobuf/src/sentinel_protobuf/sentinel/plan/v1/events.proto
2026-01-28 21:42:55,121 - INFO:Compiling proto file: /home/freqnik/git/MathNodes/cosmospy-protobuf/src/sentinel_protobuf/sentinel/plan/v1/msg.proto
2026-01-28 21:42:55,184 - INFO:Compiling proto and grpc file: /home/freqnik/git/MathNodes/cosmospy-protobuf/src/sentinel_protobuf/sentinel/plan/v1/querier.proto
2026-01-28 21:42:55,250 - INFO:Compiling proto file: /home/freqnik/git/MathNodes/cosmospy-protobuf/src/sentinel_protobuf/sentinel/plan/v1/params.proto
2026-01-28 21:42:55,303 - INFO:Compiling proto file: /home/freqnik/git/MathNodes/cosmospy-protobuf/src/sentinel_protobuf/sentinel/plan/v3/genesis.proto
2026-01-28 21:42:55,364 - INFO:Compiling proto file: /home/freqnik/git/MathNodes/cosmospy-protobuf/src/sentinel_protobuf/sentinel/plan/v3/plan.proto
2026-01-28 21:42:55,428 - INFO:Compiling proto file: /home/freqnik/git/MathNodes/cosmospy-protobuf/src/sentinel_protobuf/sentinel/plan/v3/events.proto
2026-01-28 21:42:55,492 - INFO:Compiling proto file: /home/freqnik/git/MathNodes/cosmospy-protobuf/src/sentinel_protobuf/sentinel/plan/v3/msg.proto
2026-01-28 21:42:55,555 - INFO:Compiling proto and grpc file: /home/freqnik/git/MathNodes/cosmospy-protobuf/src/sentinel_protobuf/sentinel/plan/v3/querier.proto
2026-01-28 21:42:55,621 - INFO:Compiling proto file: /home/freqnik/git/MathNodes/cosmospy-protobuf/src/sentinel_protobuf/sentinel/node/v2/node.proto
2026-01-28 21:42:55,682 - INFO:Compiling proto file: /home/freqnik/git/MathNodes/cosmospy-protobuf/src/sentinel_protobuf/sentinel/node/v2/genesis.proto
2026-01-28 21:42:55,746 - INFO:Compiling proto file: /home/freqnik/git/MathNodes/cosmospy-protobuf/src/sentinel_protobuf/sentinel/node/v2/events.proto
2026-01-28 21:42:55,806 - INFO:Compiling proto file: /home/freqnik/git/MathNodes/cosmospy-protobuf/src/sentinel_protobuf/sentinel/node/v2/msg.proto
2026-01-28 21:42:55,878 - INFO:Compiling proto and grpc file: /home/freqnik/git/MathNodes/cosmospy-protobuf/src/sentinel_protobuf/sentinel/node/v2/querier.proto
2026-01-28 21:42:55,946 - INFO:Compiling proto file: /home/freqnik/git/MathNodes/cosmospy-protobuf/src/sentinel_protobuf/sentinel/node/v2/params.proto
2026-01-28 21:42:56,009 - INFO:Compiling proto file: /home/freqnik/git/MathNodes/cosmospy-protobuf/src/sentinel_protobuf/sentinel/node/v1/node.proto
2026-01-28 21:42:56,072 - INFO:Compiling proto file: /home/freqnik/git/MathNodes/cosmospy-protobuf/src/sentinel_protobuf/sentinel/node/v1/genesis.proto
2026-01-28 21:42:56,134 - INFO:Compiling proto file: /home/freqnik/git/MathNodes/cosmospy-protobuf/src/sentinel_protobuf/sentinel/node/v1/events.proto
2026-01-28 21:42:56,199 - INFO:Compiling proto file: /home/freqnik/git/MathNodes/cosmospy-protobuf/src/sentinel_protobuf/sentinel/node/v1/msg.proto
2026-01-28 21:42:56,265 - INFO:Compiling proto and grpc file: /home/freqnik/git/MathNodes/cosmospy-protobuf/src/sentinel_protobuf/sentinel/node/v1/querier.proto
2026-01-28 21:42:56,333 - INFO:Compiling proto file: /home/freqnik/git/MathNodes/cosmospy-protobuf/src/sentinel_protobuf/sentinel/node/v1/params.proto
2026-01-28 21:42:56,399 - INFO:Compiling proto file: /home/freqnik/git/MathNodes/cosmospy-protobuf/src/sentinel_protobuf/sentinel/node/v3/node.proto
2026-01-28 21:42:56,460 - INFO:Compiling proto file: /home/freqnik/git/MathNodes/cosmospy-protobuf/src/sentinel_protobuf/sentinel/node/v3/genesis.proto
2026-01-28 21:42:56,524 - INFO:Compiling proto file: /home/freqnik/git/MathNodes/cosmospy-protobuf/src/sentinel_protobuf/sentinel/node/v3/events.proto
2026-01-28 21:42:56,586 - INFO:Compiling proto file: /home/freqnik/git/MathNodes/cosmospy-protobuf/src/sentinel_protobuf/sentinel/node/v3/msg.proto
2026-01-28 21:42:56,649 - INFO:Compiling proto file: /home/freqnik/git/MathNodes/cosmospy-protobuf/src/sentinel_protobuf/sentinel/node/v3/session.proto
2026-01-28 21:42:56,712 - INFO:Compiling proto and grpc file: /home/freqnik/git/MathNodes/cosmospy-protobuf/src/sentinel_protobuf/sentinel/node/v3/querier.proto
2026-01-28 21:42:56,776 - INFO:Compiling proto file: /home/freqnik/git/MathNodes/cosmospy-protobuf/src/sentinel_protobuf/sentinel/node/v3/params.proto
2026-01-28 21:42:56,841 - INFO:Compiling proto file: /home/freqnik/git/MathNodes/cosmospy-protobuf/src/sentinel_protobuf/sentinel/oracle/v1/genesis.proto
osmosis/poolmanager/v1beta1/query.proto: File not found.
osmosis/protorev/v1beta1/query.proto: File not found.
sentinel/oracle/v1/asset.proto:5:1: Import "osmosis/poolmanager/v1beta1/query.proto" was not found or had errors.
sentinel/oracle/v1/asset.proto:6:1: Import "osmosis/protorev/v1beta1/query.proto" was not found or had errors.
sentinel/oracle/v1/asset.proto:15:3: "osmosis.protorev.v1beta1.QueryGetProtoRevPoolRequest" is not defined.
sentinel/oracle/v1/asset.proto:16:3: "osmosis.poolmanager.v1beta1.SpotPriceRequest" is not defined.
sentinel/oracle/v1/genesis.proto:5:1: Import "sentinel/oracle/v1/asset.proto" was not found or had errors.
sentinel/oracle/v1/genesis.proto:13:12: "sentinel.oracle.v1.Asset" is not defined.
2026-01-28 21:42:56,910 - INFO:Compiling proto file: /home/freqnik/git/MathNodes/cosmospy-protobuf/src/sentinel_protobuf/sentinel/oracle/v1/events.proto
2026-01-28 21:42:56,973 - INFO:Compiling proto file: /home/freqnik/git/MathNodes/cosmospy-protobuf/src/sentinel_protobuf/sentinel/oracle/v1/msg.proto
osmosis/poolmanager/v1beta1/query.proto: File not found.
osmosis/protorev/v1beta1/query.proto: File not found.
sentinel/oracle/v1/msg.proto:5:1: Import "osmosis/poolmanager/v1beta1/query.proto" was not found or had errors.
sentinel/oracle/v1/msg.proto:6:1: Import "osmosis/protorev/v1beta1/query.proto" was not found or had errors.
sentinel/oracle/v1/msg.proto:17:3: "osmosis.protorev.v1beta1.QueryGetProtoRevPoolRequest" is not defined.
sentinel/oracle/v1/msg.proto:18:3: "osmosis.poolmanager.v1beta1.SpotPriceRequest" is not defined.
sentinel/oracle/v1/msg.proto:30:3: "osmosis.protorev.v1beta1.QueryGetProtoRevPoolRequest" is not defined.
sentinel/oracle/v1/msg.proto:31:3: "osmosis.poolmanager.v1beta1.SpotPriceRequest" is not defined.
2026-01-28 21:42:57,042 - INFO:Compiling proto and grpc file: /home/freqnik/git/MathNodes/cosmospy-protobuf/src/sentinel_protobuf/sentinel/oracle/v1/querier.proto
osmosis/poolmanager/v1beta1/query.proto: File not found.
osmosis/protorev/v1beta1/query.proto: File not found.
sentinel/oracle/v1/asset.proto:5:1: Import "osmosis/poolmanager/v1beta1/query.proto" was not found or had errors.
sentinel/oracle/v1/asset.proto:6:1: Import "osmosis/protorev/v1beta1/query.proto" was not found or had errors.
sentinel/oracle/v1/asset.proto:15:3: "osmosis.protorev.v1beta1.QueryGetProtoRevPoolRequest" is not defined.
sentinel/oracle/v1/asset.proto:16:3: "osmosis.poolmanager.v1beta1.SpotPriceRequest" is not defined.
sentinel/oracle/v1/querier.proto:8:1: Import "sentinel/oracle/v1/asset.proto" was not found or had errors.
sentinel/oracle/v1/querier.proto:26:12: "sentinel.oracle.v1.Asset" is not defined.
sentinel/oracle/v1/querier.proto:31:3: "sentinel.oracle.v1.Asset" is not defined.
2026-01-28 21:42:57,107 - INFO:Compiling proto file: /home/freqnik/git/MathNodes/cosmospy-protobuf/src/sentinel_protobuf/sentinel/oracle/v1/params.proto
2026-01-28 21:42:57,169 - INFO:Compiling proto file: /home/freqnik/git/MathNodes/cosmospy-protobuf/src/sentinel_protobuf/sentinel/oracle/v1/asset.proto
osmosis/poolmanager/v1beta1/query.proto: File not found.
osmosis/protorev/v1beta1/query.proto: File not found.
sentinel/oracle/v1/asset.proto:5:1: Import "osmosis/poolmanager/v1beta1/query.proto" was not found or had errors.
sentinel/oracle/v1/asset.proto:6:1: Import "osmosis/protorev/v1beta1/query.proto" was not found or had errors.
sentinel/oracle/v1/asset.proto:15:3: "osmosis.protorev.v1beta1.QueryGetProtoRevPoolRequest" is not defined.
sentinel/oracle/v1/asset.proto:16:3: "osmosis.poolmanager.v1beta1.SpotPriceRequest" is not defined.
2026-01-28 21:42:57,232 - INFO:Compiling proto file: /home/freqnik/git/MathNodes/cosmospy-protobuf/src/sentinel_protobuf/sentinel/swap/v1/genesis.proto
2026-01-28 21:42:57,295 - INFO:Compiling proto file: /home/freqnik/git/MathNodes/cosmospy-protobuf/src/sentinel_protobuf/sentinel/swap/v1/events.proto
2026-01-28 21:42:57,357 - INFO:Compiling proto file: /home/freqnik/git/MathNodes/cosmospy-protobuf/src/sentinel_protobuf/sentinel/swap/v1/msg.proto
2026-01-28 21:42:57,419 - INFO:Compiling proto and grpc file: /home/freqnik/git/MathNodes/cosmospy-protobuf/src/sentinel_protobuf/sentinel/swap/v1/querier.proto
2026-01-28 21:42:57,483 - INFO:Compiling proto file: /home/freqnik/git/MathNodes/cosmospy-protobuf/src/sentinel_protobuf/sentinel/swap/v1/params.proto
2026-01-28 21:42:57,545 - INFO:Compiling proto file: /home/freqnik/git/MathNodes/cosmospy-protobuf/src/sentinel_protobuf/sentinel/swap/v1/swap.proto
2026-01-28 21:42:57,607 - INFO:Compiling proto file: /home/freqnik/git/MathNodes/cosmospy-protobuf/src/sentinel_protobuf/sentinel/session/v2/proof.proto
2026-01-28 21:42:57,669 - INFO:Compiling proto file: /home/freqnik/git/MathNodes/cosmospy-protobuf/src/sentinel_protobuf/sentinel/session/v2/genesis.proto
2026-01-28 21:42:57,732 - INFO:Compiling proto file: /home/freqnik/git/MathNodes/cosmospy-protobuf/src/sentinel_protobuf/sentinel/session/v2/events.proto
2026-01-28 21:42:57,794 - INFO:Compiling proto file: /home/freqnik/git/MathNodes/cosmospy-protobuf/src/sentinel_protobuf/sentinel/session/v2/msg.proto
2026-01-28 21:42:57,856 - INFO:Compiling proto file: /home/freqnik/git/MathNodes/cosmospy-protobuf/src/sentinel_protobuf/sentinel/session/v2/session.proto
2026-01-28 21:42:57,922 - INFO:Compiling proto and grpc file: /home/freqnik/git/MathNodes/cosmospy-protobuf/src/sentinel_protobuf/sentinel/session/v2/querier.proto
2026-01-28 21:42:57,989 - INFO:Compiling proto file: /home/freqnik/git/MathNodes/cosmospy-protobuf/src/sentinel_protobuf/sentinel/session/v2/params.proto
2026-01-28 21:42:58,052 - INFO:Compiling proto file: /home/freqnik/git/MathNodes/cosmospy-protobuf/src/sentinel_protobuf/sentinel/session/v1/proof.proto
2026-01-28 21:42:58,117 - INFO:Compiling proto file: /home/freqnik/git/MathNodes/cosmospy-protobuf/src/sentinel_protobuf/sentinel/session/v1/genesis.proto
2026-01-28 21:42:58,183 - INFO:Compiling proto file: /home/freqnik/git/MathNodes/cosmospy-protobuf/src/sentinel_protobuf/sentinel/session/v1/events.proto
2026-01-28 21:42:58,247 - INFO:Compiling proto file: /home/freqnik/git/MathNodes/cosmospy-protobuf/src/sentinel_protobuf/sentinel/session/v1/msg.proto
2026-01-28 21:42:58,310 - INFO:Compiling proto file: /home/freqnik/git/MathNodes/cosmospy-protobuf/src/sentinel_protobuf/sentinel/session/v1/session.proto
2026-01-28 21:42:58,373 - INFO:Compiling proto and grpc file: /home/freqnik/git/MathNodes/cosmospy-protobuf/src/sentinel_protobuf/sentinel/session/v1/querier.proto
2026-01-28 21:42:58,437 - INFO:Compiling proto file: /home/freqnik/git/MathNodes/cosmospy-protobuf/src/sentinel_protobuf/sentinel/session/v1/params.proto
2026-01-28 21:42:58,504 - INFO:Compiling proto file: /home/freqnik/git/MathNodes/cosmospy-protobuf/src/sentinel_protobuf/sentinel/session/v3/proof.proto
2026-01-28 21:42:58,573 - INFO:Compiling proto file: /home/freqnik/git/MathNodes/cosmospy-protobuf/src/sentinel_protobuf/sentinel/session/v3/genesis.proto
2026-01-28 21:42:58,638 - INFO:Compiling proto file: /home/freqnik/git/MathNodes/cosmospy-protobuf/src/sentinel_protobuf/sentinel/session/v3/events.proto
2026-01-28 21:42:58,701 - INFO:Compiling proto file: /home/freqnik/git/MathNodes/cosmospy-protobuf/src/sentinel_protobuf/sentinel/session/v3/msg.proto
2026-01-28 21:42:58,768 - INFO:Compiling proto file: /home/freqnik/git/MathNodes/cosmospy-protobuf/src/sentinel_protobuf/sentinel/session/v3/session.proto
2026-01-28 21:42:58,836 - INFO:Compiling proto and grpc file: /home/freqnik/git/MathNodes/cosmospy-protobuf/src/sentinel_protobuf/sentinel/session/v3/querier.proto
2026-01-28 21:42:58,897 - INFO:Compiling proto file: /home/freqnik/git/MathNodes/cosmospy-protobuf/src/sentinel_protobuf/sentinel/session/v3/params.proto
2026-01-28 21:42:58,961 - INFO:Compiling proto file: /home/freqnik/git/MathNodes/cosmospy-protobuf/src/sentinel_protobuf/sentinel/deposit/v2/events.proto
2026-01-28 21:42:59,025 - INFO:Compiling proto file: /home/freqnik/git/MathNodes/cosmospy-protobuf/src/sentinel_protobuf/sentinel/deposit/v1/deposit.proto
2026-01-28 21:42:59,087 - INFO:Compiling proto file: /home/freqnik/git/MathNodes/cosmospy-protobuf/src/sentinel_protobuf/sentinel/deposit/v1/genesis.proto
2026-01-28 21:42:59,149 - INFO:Compiling proto file: /home/freqnik/git/MathNodes/cosmospy-protobuf/src/sentinel_protobuf/sentinel/deposit/v1/events.proto
2026-01-28 21:42:59,216 - INFO:Compiling proto and grpc file: /home/freqnik/git/MathNodes/cosmospy-protobuf/src/sentinel_protobuf/sentinel/deposit/v1/querier.proto
2026-01-28 21:42:59,282 - INFO:Compiling proto file: /home/freqnik/git/MathNodes/cosmospy-protobuf/src/sentinel_protobuf/cosmos_proto/cosmos.proto
2026-01-28 21:42:59,350 - INFO:Compiling proto file: /home/freqnik/git/MathNodes/cosmospy-protobuf/src/sentinel_protobuf/amino/amino.proto
2026-01-28 21:42:59,410 - INFO:Compiling proto file: /home/freqnik/git/MathNodes/cosmospy-protobuf/src/sentinel_protobuf/tendermint/types/types.proto
2026-01-28 21:42:59,477 - INFO:Compiling proto file: /home/freqnik/git/MathNodes/cosmospy-protobuf/src/sentinel_protobuf/tendermint/types/events.proto
2026-01-28 21:42:59,533 - INFO:Compiling proto file: /home/freqnik/git/MathNodes/cosmospy-protobuf/src/sentinel_protobuf/tendermint/types/validator.proto
2026-01-28 21:42:59,599 - INFO:Compiling proto file: /home/freqnik/git/MathNodes/cosmospy-protobuf/src/sentinel_protobuf/tendermint/types/block.proto
2026-01-28 21:42:59,664 - INFO:Compiling proto file: /home/freqnik/git/MathNodes/cosmospy-protobuf/src/sentinel_protobuf/tendermint/types/params.proto
2026-01-28 21:42:59,727 - INFO:Compiling proto file: /home/freqnik/git/MathNodes/cosmospy-protobuf/src/sentinel_protobuf/tendermint/types/evidence.proto
2026-01-28 21:42:59,796 - INFO:Compiling proto file: /home/freqnik/git/MathNodes/cosmospy-protobuf/src/sentinel_protobuf/tendermint/types/canonical.proto
2026-01-28 21:42:59,868 - INFO:Compiling proto file: /home/freqnik/git/MathNodes/cosmospy-protobuf/src/sentinel_protobuf/tendermint/rpc/grpc/types.proto
2026-01-28 21:42:59,949 - INFO:Compiling proto file: /home/freqnik/git/MathNodes/cosmospy-protobuf/src/sentinel_protobuf/tendermint/store/types.proto
2026-01-28 21:43:00,006 - INFO:Compiling proto file: /home/freqnik/git/MathNodes/cosmospy-protobuf/src/sentinel_protobuf/tendermint/libs/bits/types.proto
2026-01-28 21:43:00,065 - INFO:Compiling proto file: /home/freqnik/git/MathNodes/cosmospy-protobuf/src/sentinel_protobuf/tendermint/abci/types.proto
2026-01-28 21:43:00,143 - INFO:Compiling proto file: /home/freqnik/git/MathNodes/cosmospy-protobuf/src/sentinel_protobuf/tendermint/version/types.proto
2026-01-28 21:43:00,203 - INFO:Compiling proto file: /home/freqnik/git/MathNodes/cosmospy-protobuf/src/sentinel_protobuf/tendermint/statesync/types.proto
2026-01-28 21:43:00,260 - INFO:Compiling proto file: /home/freqnik/git/MathNodes/cosmospy-protobuf/src/sentinel_protobuf/tendermint/blocksync/types.proto
2026-01-28 21:43:00,332 - INFO:Compiling proto file: /home/freqnik/git/MathNodes/cosmospy-protobuf/src/sentinel_protobuf/tendermint/p2p/pex.proto
2026-01-28 21:43:00,401 - INFO:Compiling proto file: /home/freqnik/git/MathNodes/cosmospy-protobuf/src/sentinel_protobuf/tendermint/p2p/types.proto
2026-01-28 21:43:00,482 - INFO:Compiling proto file: /home/freqnik/git/MathNodes/cosmospy-protobuf/src/sentinel_protobuf/tendermint/p2p/conn.proto
2026-01-28 21:43:00,547 - INFO:Compiling proto file: /home/freqnik/git/MathNodes/cosmospy-protobuf/src/sentinel_protobuf/tendermint/crypto/proof.proto
2026-01-28 21:43:00,618 - INFO:Compiling proto file: /home/freqnik/git/MathNodes/cosmospy-protobuf/src/sentinel_protobuf/tendermint/crypto/keys.proto
2026-01-28 21:43:00,686 - INFO:Compiling proto file: /home/freqnik/git/MathNodes/cosmospy-protobuf/src/sentinel_protobuf/tendermint/state/types.proto
2026-01-28 21:43:00,762 - INFO:Compiling proto file: /home/freqnik/git/MathNodes/cosmospy-protobuf/src/sentinel_protobuf/tendermint/mempool/types.proto
2026-01-28 21:43:00,827 - INFO:Compiling proto file: /home/freqnik/git/MathNodes/cosmospy-protobuf/src/sentinel_protobuf/tendermint/privval/types.proto
2026-01-28 21:43:00,898 - INFO:Compiling proto file: /home/freqnik/git/MathNodes/cosmospy-protobuf/src/sentinel_protobuf/tendermint/consensus/types.proto
2026-01-28 21:43:00,971 - INFO:Compiling proto file: /home/freqnik/git/MathNodes/cosmospy-protobuf/src/sentinel_protobuf/tendermint/consensus/wal.proto
2026-01-28 21:43:01,047 - INFO:Compiling proto file: /home/freqnik/git/MathNodes/cosmospy-protobuf/src/sentinel_protobuf/gogoproto/gogo.proto
2026-01-28 21:43:01,099 - INFO:Compiling proto file: /home/freqnik/git/MathNodes/cosmospy-protobuf/src/sentinel_protobuf/ibc/core/types/v1/genesis.proto
cosmos/ics23/v1/proofs.proto: File not found.
ibc/core/commitment/v1/commitment.proto:8:1: Import "cosmos/ics23/v1/proofs.proto" was not found or had errors.
ibc/core/commitment/v1/commitment.proto:40:12: "cosmos.ics23.v1.CommitmentProof" is not defined.
ibc/core/connection/v1/connection.proto:8:1: Import "ibc/core/commitment/v1/commitment.proto" was not found or had errors.
ibc/core/connection/v1/connection.proto:80:3: "ibc.core.commitment.v1.MerklePrefix" is not defined.
ibc/core/connection/v1/genesis.proto:8:1: Import "ibc/core/connection/v1/connection.proto" was not found or had errors.
ibc/core/connection/v1/genesis.proto:12:12: "IdentifiedConnection" is not defined.
ibc/core/connection/v1/genesis.proto:13:12: "ConnectionPaths" is not defined.
ibc/core/connection/v1/genesis.proto:17:3: "Params" is not defined.
ibc/core/types/v1/genesis.proto:9:1: Import "ibc/core/connection/v1/genesis.proto" was not found or had errors.
ibc/core/types/v1/genesis.proto:18:3: "ibc.core.connection.v1.GenesisState" is not defined.
2026-01-28 21:43:01,159 - INFO:Compiling proto file: /home/freqnik/git/MathNodes/cosmospy-protobuf/src/sentinel_protobuf/ibc/core/commitment/v1/commitment.proto
cosmos/ics23/v1/proofs.proto: File not found.
ibc/core/commitment/v1/commitment.proto:8:1: Import "cosmos/ics23/v1/proofs.proto" was not found or had errors.
ibc/core/commitment/v1/commitment.proto:40:12: "cosmos.ics23.v1.CommitmentProof" is not defined.
2026-01-28 21:43:01,215 - INFO:Compiling proto and grpc file: /home/freqnik/git/MathNodes/cosmospy-protobuf/src/sentinel_protobuf/ibc/core/connection/v1/query.proto
cosmos/ics23/v1/proofs.proto: File not found.
ibc/core/commitment/v1/commitment.proto:8:1: Import "cosmos/ics23/v1/proofs.proto" was not found or had errors.
ibc/core/commitment/v1/commitment.proto:40:12: "cosmos.ics23.v1.CommitmentProof" is not defined.
ibc/core/connection/v1/connection.proto:8:1: Import "ibc/core/commitment/v1/commitment.proto" was not found or had errors.
ibc/core/connection/v1/connection.proto:80:3: "ibc.core.commitment.v1.MerklePrefix" is not defined.
ibc/core/connection/v1/query.proto:10:1: Import "ibc/core/connection/v1/connection.proto" was not found or had errors.
ibc/core/connection/v1/query.proto:63:3: "ibc.core.connection.v1.ConnectionEnd" is not defined.
ibc/core/connection/v1/query.proto:80:12: "ibc.core.connection.v1.IdentifiedConnection" is not defined.
ibc/core/connection/v1/query.proto:151:3: "Params" is not defined.
2026-01-28 21:43:01,270 - INFO:Compiling proto file: /home/freqnik/git/MathNodes/cosmospy-protobuf/src/sentinel_protobuf/ibc/core/connection/v1/genesis.proto
cosmos/ics23/v1/proofs.proto: File not found.
ibc/core/commitment/v1/commitment.proto:8:1: Import "cosmos/ics23/v1/proofs.proto" was not found or had errors.
ibc/core/commitment/v1/commitment.proto:40:12: "cosmos.ics23.v1.CommitmentProof" is not defined.
ibc/core/connection/v1/connection.proto:8:1: Import "ibc/core/commitment/v1/commitment.proto" was not found or had errors.
ibc/core/connection/v1/connection.proto:80:3: "ibc.core.commitment.v1.MerklePrefix" is not defined.
ibc/core/connection/v1/genesis.proto:8:1: Import "ibc/core/connection/v1/connection.proto" was not found or had errors.
ibc/core/connection/v1/genesis.proto:12:12: "IdentifiedConnection" is not defined.
ibc/core/connection/v1/genesis.proto:13:12: "ConnectionPaths" is not defined.
ibc/core/connection/v1/genesis.proto:17:3: "Params" is not defined.
2026-01-28 21:43:01,336 - INFO:Compiling proto file: /home/freqnik/git/MathNodes/cosmospy-protobuf/src/sentinel_protobuf/ibc/core/connection/v1/tx.proto
cosmos/ics23/v1/proofs.proto: File not found.
ibc/core/commitment/v1/commitment.proto:8:1: Import "cosmos/ics23/v1/proofs.proto" was not found or had errors.
ibc/core/commitment/v1/commitment.proto:40:12: "cosmos.ics23.v1.CommitmentProof" is not defined.
ibc/core/connection/v1/connection.proto:8:1: Import "ibc/core/commitment/v1/commitment.proto" was not found or had errors.
ibc/core/connection/v1/connection.proto:80:3: "ibc.core.commitment.v1.MerklePrefix" is not defined.
ibc/core/connection/v1/tx.proto:10:1: Import "ibc/core/connection/v1/connection.proto" was not found or had errors.
ibc/core/connection/v1/tx.proto:35:3: "Counterparty" is not defined.
ibc/core/connection/v1/tx.proto:36:3: "Version" is not defined.
ibc/core/connection/v1/tx.proto:55:3: "Counterparty" is not defined.
ibc/core/connection/v1/tx.proto:57:12: "Version" is not defined.
ibc/core/connection/v1/tx.proto:85:3: "Version" is not defined.
2026-01-28 21:43:01,405 - INFO:Compiling proto file: /home/freqnik/git/MathNodes/cosmospy-protobuf/src/sentinel_protobuf/ibc/core/connection/v1/connection.proto
cosmos/ics23/v1/proofs.proto: File not found.
ibc/core/commitment/v1/commitment.proto:8:1: Import "cosmos/ics23/v1/proofs.proto" was not found or had errors.
ibc/core/commitment/v1/commitment.proto:40:12: "cosmos.ics23.v1.CommitmentProof" is not defined.
ibc/core/connection/v1/connection.proto:8:1: Import "ibc/core/commitment/v1/commitment.proto" was not found or had errors.
ibc/core/connection/v1/connection.proto:80:3: "ibc.core.commitment.v1.MerklePrefix" is not defined.
2026-01-28 21:43:01,471 - INFO:Compiling proto and grpc file: /home/freqnik/git/MathNodes/cosmospy-protobuf/src/sentinel_protobuf/ibc/core/channel/v1/query.proto
2026-01-28 21:43:01,538 - INFO:Compiling proto file: /home/freqnik/git/MathNodes/cosmospy-protobuf/src/sentinel_protobuf/ibc/core/channel/v1/channel.proto
2026-01-28 21:43:01,611 - INFO:Compiling proto file: /home/freqnik/git/MathNodes/cosmospy-protobuf/src/sentinel_protobuf/ibc/core/channel/v1/genesis.proto
2026-01-28 21:43:01,685 - INFO:Compiling proto file: /home/freqnik/git/MathNodes/cosmospy-protobuf/src/sentinel_protobuf/ibc/core/channel/v1/tx.proto
2026-01-28 21:43:01,758 - INFO:Compiling proto and grpc file: /home/freqnik/git/MathNodes/cosmospy-protobuf/src/sentinel_protobuf/ibc/core/client/v1/query.proto
2026-01-28 21:43:01,843 - INFO:Compiling proto file: /home/freqnik/git/MathNodes/cosmospy-protobuf/src/sentinel_protobuf/ibc/core/client/v1/genesis.proto
2026-01-28 21:43:01,921 - INFO:Compiling proto file: /home/freqnik/git/MathNodes/cosmospy-protobuf/src/sentinel_protobuf/ibc/core/client/v1/tx.proto
2026-01-28 21:43:01,990 - INFO:Compiling proto file: /home/freqnik/git/MathNodes/cosmospy-protobuf/src/sentinel_protobuf/ibc/core/client/v1/client.proto
2026-01-28 21:43:02,056 - INFO:Compiling proto file: /home/freqnik/git/MathNodes/cosmospy-protobuf/src/sentinel_protobuf/ibc/lightclients/tendermint/v1/tendermint.proto
cosmos/ics23/v1/proofs.proto: File not found.
ibc/core/commitment/v1/commitment.proto:8:1: Import "cosmos/ics23/v1/proofs.proto" was not found or had errors.
ibc/core/commitment/v1/commitment.proto:40:12: "cosmos.ics23.v1.CommitmentProof" is not defined.
ibc/lightclients/tendermint/v1/tendermint.proto:9:1: Import "cosmos/ics23/v1/proofs.proto" was not found or had errors.
ibc/lightclients/tendermint/v1/tendermint.proto:13:1: Import "ibc/core/commitment/v1/commitment.proto" was not found or had errors.
ibc/lightclients/tendermint/v1/tendermint.proto:44:12: "cosmos.ics23.v1.ProofSpec" is not defined.
ibc/lightclients/tendermint/v1/tendermint.proto:70:3: "ibc.core.commitment.v1.MerkleRoot" is not defined.
2026-01-28 21:43:02,126 - INFO:Compiling proto file: /home/freqnik/git/MathNodes/cosmospy-protobuf/src/sentinel_protobuf/ibc/lightclients/solomachine/v2/solomachine.proto
cosmos/ics23/v1/proofs.proto: File not found.
ibc/core/commitment/v1/commitment.proto:8:1: Import "cosmos/ics23/v1/proofs.proto" was not found or had errors.
ibc/core/commitment/v1/commitment.proto:40:12: "cosmos.ics23.v1.CommitmentProof" is not defined.
ibc/core/connection/v1/connection.proto:8:1: Import "ibc/core/commitment/v1/commitment.proto" was not found or had errors.
ibc/core/connection/v1/connection.proto:80:3: "ibc.core.commitment.v1.MerklePrefix" is not defined.
ibc/lightclients/solomachine/v2/solomachine.proto:7:1: Import "ibc/core/connection/v1/connection.proto" was not found or had errors.
ibc/lightclients/solomachine/v2/solomachine.proto:152:3: "ibc.core.connection.v1.ConnectionEnd" is not defined.
2026-01-28 21:43:02,193 - INFO:Compiling proto file: /home/freqnik/git/MathNodes/cosmospy-protobuf/src/sentinel_protobuf/ibc/lightclients/solomachine/v3/solomachine.proto
2026-01-28 21:43:02,256 - INFO:Compiling proto file: /home/freqnik/git/MathNodes/cosmospy-protobuf/src/sentinel_protobuf/ibc/lightclients/localhost/v2/localhost.proto
2026-01-28 21:43:02,306 - INFO:Compiling proto and grpc file: /home/freqnik/git/MathNodes/cosmospy-protobuf/src/sentinel_protobuf/ibc/applications/interchain_accounts/host/v1/query.proto
2026-01-28 21:43:02,367 - INFO:Compiling proto file: /home/freqnik/git/MathNodes/cosmospy-protobuf/src/sentinel_protobuf/ibc/applications/interchain_accounts/host/v1/tx.proto
2026-01-28 21:43:02,428 - INFO:Compiling proto file: /home/freqnik/git/MathNodes/cosmospy-protobuf/src/sentinel_protobuf/ibc/applications/interchain_accounts/host/v1/host.proto
2026-01-28 21:43:02,489 - INFO:Compiling proto file: /home/freqnik/git/MathNodes/cosmospy-protobuf/src/sentinel_protobuf/ibc/applications/interchain_accounts/v1/metadata.proto
2026-01-28 21:43:02,550 - INFO:Compiling proto file: /home/freqnik/git/MathNodes/cosmospy-protobuf/src/sentinel_protobuf/ibc/applications/interchain_accounts/v1/account.proto
2026-01-28 21:43:02,614 - INFO:Compiling proto file: /home/freqnik/git/MathNodes/cosmospy-protobuf/src/sentinel_protobuf/ibc/applications/interchain_accounts/v1/packet.proto
2026-01-28 21:43:02,678 - INFO:Compiling proto and grpc file: /home/freqnik/git/MathNodes/cosmospy-protobuf/src/sentinel_protobuf/ibc/applications/interchain_accounts/controller/v1/query.proto
2026-01-28 21:43:02,745 - INFO:Compiling proto file: /home/freqnik/git/MathNodes/cosmospy-protobuf/src/sentinel_protobuf/ibc/applications/interchain_accounts/controller/v1/tx.proto
2026-01-28 21:43:02,812 - INFO:Compiling proto file: /home/freqnik/git/MathNodes/cosmospy-protobuf/src/sentinel_protobuf/ibc/applications/interchain_accounts/controller/v1/controller.proto
2026-01-28 21:43:02,877 - INFO:Compiling proto file: /home/freqnik/git/MathNodes/cosmospy-protobuf/src/sentinel_protobuf/ibc/applications/interchain_accounts/genesis/v1/genesis.proto
2026-01-28 21:43:02,944 - INFO:Compiling proto file: /home/freqnik/git/MathNodes/cosmospy-protobuf/src/sentinel_protobuf/ibc/applications/transfer/v2/packet.proto
2026-01-28 21:43:03,001 - INFO:Compiling proto and grpc file: /home/freqnik/git/MathNodes/cosmospy-protobuf/src/sentinel_protobuf/ibc/applications/transfer/v1/query.proto
2026-01-28 21:43:03,058 - INFO:Compiling proto file: /home/freqnik/git/MathNodes/cosmospy-protobuf/src/sentinel_protobuf/ibc/applications/transfer/v1/genesis.proto
2026-01-28 21:43:03,105 - INFO:Compiling proto file: /home/freqnik/git/MathNodes/cosmospy-protobuf/src/sentinel_protobuf/ibc/applications/transfer/v1/tx.proto
2026-01-28 21:43:03,154 - INFO:Compiling proto file: /home/freqnik/git/MathNodes/cosmospy-protobuf/src/sentinel_protobuf/ibc/applications/transfer/v1/authz.proto
2026-01-28 21:43:03,200 - INFO:Compiling proto file: /home/freqnik/git/MathNodes/cosmospy-protobuf/src/sentinel_protobuf/ibc/applications/transfer/v1/transfer.proto
2026-01-28 21:43:03,249 - INFO:Compiling proto file: /home/freqnik/git/MathNodes/cosmospy-protobuf/src/sentinel_protobuf/ibc/applications/fee/v1/metadata.proto
2026-01-28 21:43:03,294 - INFO:Compiling proto and grpc file: /home/freqnik/git/MathNodes/cosmospy-protobuf/src/sentinel_protobuf/ibc/applications/fee/v1/query.proto
2026-01-28 21:43:03,347 - INFO:Compiling proto file: /home/freqnik/git/MathNodes/cosmospy-protobuf/src/sentinel_protobuf/ibc/applications/fee/v1/genesis.proto
2026-01-28 21:43:03,396 - INFO:Compiling proto file: /home/freqnik/git/MathNodes/cosmospy-protobuf/src/sentinel_protobuf/ibc/applications/fee/v1/tx.proto
2026-01-28 21:43:03,447 - INFO:Compiling proto file: /home/freqnik/git/MathNodes/cosmospy-protobuf/src/sentinel_protobuf/ibc/applications/fee/v1/fee.proto
2026-01-28 21:43:03,495 - INFO:Compiling proto file: /home/freqnik/git/MathNodes/cosmospy-protobuf/src/sentinel_protobuf/ibc/applications/fee/v1/ack.proto
2026-01-28 21:43:03,541 - INFO:Compiling proto file: /home/freqnik/git/MathNodes/cosmospy-protobuf/src/sentinel_protobuf/google/type/quaternion.proto
2026-01-28 21:43:03,583 - INFO:Compiling proto file: /home/freqnik/git/MathNodes/cosmospy-protobuf/src/sentinel_protobuf/google/type/decimal.proto
2026-01-28 21:43:03,636 - INFO:Compiling proto file: /home/freqnik/git/MathNodes/cosmospy-protobuf/src/sentinel_protobuf/google/type/money.proto
2026-01-28 21:43:03,689 - INFO:Compiling proto file: /home/freqnik/git/MathNodes/cosmospy-protobuf/src/sentinel_protobuf/google/type/localized_text.proto
2026-01-28 21:43:03,740 - INFO:Compiling proto file: /home/freqnik/git/MathNodes/cosmospy-protobuf/src/sentinel_protobuf/google/type/postal_address.proto
2026-01-28 21:43:03,792 - INFO:Compiling proto file: /home/freqnik/git/MathNodes/cosmospy-protobuf/src/sentinel_protobuf/google/type/phone_number.proto
2026-01-28 21:43:03,845 - INFO:Compiling proto file: /home/freqnik/git/MathNodes/cosmospy-protobuf/src/sentinel_protobuf/google/type/interval.proto
2026-01-28 21:43:03,901 - INFO:Compiling proto file: /home/freqnik/git/MathNodes/cosmospy-protobuf/src/sentinel_protobuf/google/type/expr.proto
2026-01-28 21:43:03,956 - INFO:Compiling proto file: /home/freqnik/git/MathNodes/cosmospy-protobuf/src/sentinel_protobuf/google/type/calendar_period.proto
2026-01-28 21:43:04,012 - INFO:Compiling proto file: /home/freqnik/git/MathNodes/cosmospy-protobuf/src/sentinel_protobuf/google/type/date.proto
2026-01-28 21:43:04,067 - INFO:Compiling proto file: /home/freqnik/git/MathNodes/cosmospy-protobuf/src/sentinel_protobuf/google/type/color.proto
2026-01-28 21:43:04,124 - INFO:Compiling proto file: /home/freqnik/git/MathNodes/cosmospy-protobuf/src/sentinel_protobuf/google/type/dayofweek.proto
2026-01-28 21:43:04,183 - INFO:Compiling proto file: /home/freqnik/git/MathNodes/cosmospy-protobuf/src/sentinel_protobuf/google/type/timeofday.proto
2026-01-28 21:43:04,242 - INFO:Compiling proto file: /home/freqnik/git/MathNodes/cosmospy-protobuf/src/sentinel_protobuf/google/type/latlng.proto
2026-01-28 21:43:04,304 - INFO:Compiling proto file: /home/freqnik/git/MathNodes/cosmospy-protobuf/src/sentinel_protobuf/google/type/datetime.proto
2026-01-28 21:43:04,363 - INFO:Compiling proto file: /home/freqnik/git/MathNodes/cosmospy-protobuf/src/sentinel_protobuf/google/type/month.proto
2026-01-28 21:43:04,426 - INFO:Compiling proto file: /home/freqnik/git/MathNodes/cosmospy-protobuf/src/sentinel_protobuf/google/type/fraction.proto
2026-01-28 21:43:04,486 - INFO:Compiling proto file: /home/freqnik/git/MathNodes/cosmospy-protobuf/src/sentinel_protobuf/google/rpc/code.proto
2026-01-28 21:43:04,543 - INFO:Compiling proto file: /home/freqnik/git/MathNodes/cosmospy-protobuf/src/sentinel_protobuf/google/rpc/status.proto
2026-01-28 21:43:04,604 - INFO:Compiling proto file: /home/freqnik/git/MathNodes/cosmospy-protobuf/src/sentinel_protobuf/google/rpc/error_details.proto
2026-01-28 21:43:04,663 - INFO:Compiling proto file: /home/freqnik/git/MathNodes/cosmospy-protobuf/src/sentinel_protobuf/google/rpc/http.proto
2026-01-28 21:43:04,720 - INFO:Compiling proto file: /home/freqnik/git/MathNodes/cosmospy-protobuf/src/sentinel_protobuf/google/rpc/context/audit_context.proto
2026-01-28 21:43:04,786 - INFO:Compiling proto file: /home/freqnik/git/MathNodes/cosmospy-protobuf/src/sentinel_protobuf/google/rpc/context/attribute_context.proto
2026-01-28 21:43:04,857 - INFO:Compiling proto file: /home/freqnik/git/MathNodes/cosmospy-protobuf/src/sentinel_protobuf/google/security/safebrowsingohttpgateway/v1/sb_ohttp_gateway.proto
2026-01-28 21:43:04,931 - INFO:Compiling proto file: /home/freqnik/git/MathNodes/cosmospy-protobuf/src/sentinel_protobuf/google/security/safebrowsing/v5/safebrowsing.proto
2026-01-28 21:43:05,008 - INFO:Compiling proto file: /home/freqnik/git/MathNodes/cosmospy-protobuf/src/sentinel_protobuf/google/security/safebrowsing/v5alpha1/safebrowsing.proto
2026-01-28 21:43:05,091 - INFO:Compiling proto file: /home/freqnik/git/MathNodes/cosmospy-protobuf/src/sentinel_protobuf/google/longrunning/operations.proto
2026-01-28 21:43:05,164 - INFO:Compiling proto file: /home/freqnik/git/MathNodes/cosmospy-protobuf/src/sentinel_protobuf/google/api/annotations.proto
2026-01-28 21:43:05,226 - INFO:Compiling proto file: /home/freqnik/git/MathNodes/cosmospy-protobuf/src/sentinel_protobuf/google/api/billing.proto
2026-01-28 21:43:05,282 - INFO:Compiling proto file: /home/freqnik/git/MathNodes/cosmospy-protobuf/src/sentinel_protobuf/google/api/documentation.proto
2026-01-28 21:43:05,335 - INFO:Compiling proto file: /home/freqnik/git/MathNodes/cosmospy-protobuf/src/sentinel_protobuf/google/api/config_change.proto
2026-01-28 21:43:05,391 - INFO:Compiling proto file: /home/freqnik/git/MathNodes/cosmospy-protobuf/src/sentinel_protobuf/google/api/resource.proto
2026-01-28 21:43:05,451 - INFO:Compiling proto file: /home/freqnik/git/MathNodes/cosmospy-protobuf/src/sentinel_protobuf/google/api/monitoring.proto
2026-01-28 21:43:05,508 - INFO:Compiling proto file: /home/freqnik/git/MathNodes/cosmospy-protobuf/src/sentinel_protobuf/google/api/distribution.proto
2026-01-28 21:43:05,567 - INFO:Compiling proto file: /home/freqnik/git/MathNodes/cosmospy-protobuf/src/sentinel_protobuf/google/api/monitored_resource.proto
2026-01-28 21:43:05,625 - INFO:Compiling proto file: /home/freqnik/git/MathNodes/cosmospy-protobuf/src/sentinel_protobuf/google/api/usage.proto
2026-01-28 21:43:05,695 - INFO:Compiling proto file: /home/freqnik/git/MathNodes/cosmospy-protobuf/src/sentinel_protobuf/google/api/consumer.proto
2026-01-28 21:43:05,754 - INFO:Compiling proto file: /home/freqnik/git/MathNodes/cosmospy-protobuf/src/sentinel_protobuf/google/api/source_info.proto
2026-01-28 21:43:05,818 - INFO:Compiling proto file: /home/freqnik/git/MathNodes/cosmospy-protobuf/src/sentinel_protobuf/google/api/system_parameter.proto
2026-01-28 21:43:05,877 - INFO:Compiling proto file: /home/freqnik/git/MathNodes/cosmospy-protobuf/src/sentinel_protobuf/google/api/quota.proto
2026-01-28 21:43:05,937 - INFO:Compiling proto file: /home/freqnik/git/MathNodes/cosmospy-protobuf/src/sentinel_protobuf/google/api/endpoint.proto
2026-01-28 21:43:06,011 - INFO:Compiling proto file: /home/freqnik/git/MathNodes/cosmospy-protobuf/src/sentinel_protobuf/google/api/http.proto
2026-01-28 21:43:06,080 - INFO:Compiling proto file: /home/freqnik/git/MathNodes/cosmospy-protobuf/src/sentinel_protobuf/google/api/policy.proto
2026-01-28 21:43:06,145 - INFO:Compiling proto file: /home/freqnik/git/MathNodes/cosmospy-protobuf/src/sentinel_protobuf/google/api/label.proto
2026-01-28 21:43:06,211 - INFO:Compiling proto file: /home/freqnik/git/MathNodes/cosmospy-protobuf/src/sentinel_protobuf/google/api/error_reason.proto
2026-01-28 21:43:06,274 - INFO:Compiling proto file: /home/freqnik/git/MathNodes/cosmospy-protobuf/src/sentinel_protobuf/google/api/metric.proto
2026-01-28 21:43:06,345 - INFO:Compiling proto file: /home/freqnik/git/MathNodes/cosmospy-protobuf/src/sentinel_protobuf/google/api/field_info.proto
2026-01-28 21:43:06,413 - INFO:Compiling proto file: /home/freqnik/git/MathNodes/cosmospy-protobuf/src/sentinel_protobuf/google/api/client.proto
2026-01-28 21:43:06,480 - INFO:Compiling proto file: /home/freqnik/git/MathNodes/cosmospy-protobuf/src/sentinel_protobuf/google/api/auth.proto
2026-01-28 21:43:06,537 - INFO:Compiling proto file: /home/freqnik/git/MathNodes/cosmospy-protobuf/src/sentinel_protobuf/google/api/httpbody.proto
2026-01-28 21:43:06,593 - INFO:Compiling proto file: /home/freqnik/git/MathNodes/cosmospy-protobuf/src/sentinel_protobuf/google/api/logging.proto
2026-01-28 21:43:06,657 - INFO:Compiling proto file: /home/freqnik/git/MathNodes/cosmospy-protobuf/src/sentinel_protobuf/google/api/control.proto
2026-01-28 21:43:06,727 - INFO:Compiling proto file: /home/freqnik/git/MathNodes/cosmospy-protobuf/src/sentinel_protobuf/google/api/backend.proto
2026-01-28 21:43:06,787 - INFO:Compiling proto and grpc file: /home/freqnik/git/MathNodes/cosmospy-protobuf/src/sentinel_protobuf/google/api/service.proto
2026-01-28 21:43:06,861 - INFO:Compiling proto file: /home/freqnik/git/MathNodes/cosmospy-protobuf/src/sentinel_protobuf/google/api/launch_stage.proto
2026-01-28 21:43:06,920 - INFO:Compiling proto file: /home/freqnik/git/MathNodes/cosmospy-protobuf/src/sentinel_protobuf/google/api/context.proto
2026-01-28 21:43:06,979 - INFO:Compiling proto file: /home/freqnik/git/MathNodes/cosmospy-protobuf/src/sentinel_protobuf/google/api/visibility.proto
2026-01-28 21:43:07,043 - INFO:Compiling proto file: /home/freqnik/git/MathNodes/cosmospy-protobuf/src/sentinel_protobuf/google/api/log.proto
2026-01-28 21:43:07,101 - INFO:Compiling proto file: /home/freqnik/git/MathNodes/cosmospy-protobuf/src/sentinel_protobuf/google/api/routing.proto
2026-01-28 21:43:07,164 - INFO:Compiling proto file: /home/freqnik/git/MathNodes/cosmospy-protobuf/src/sentinel_protobuf/google/api/field_behavior.proto
2026-01-28 21:43:07,227 - INFO:Compiling proto file: /home/freqnik/git/MathNodes/cosmospy-protobuf/src/sentinel_protobuf/google/api/expr/conformance/v1alpha1/conformance_service.proto
2026-01-28 21:43:07,295 - INFO:Compiling proto file: /home/freqnik/git/MathNodes/cosmospy-protobuf/src/sentinel_protobuf/google/api/expr/v1alpha1/eval.proto
2026-01-28 21:43:07,358 - INFO:Compiling proto file: /home/freqnik/git/MathNodes/cosmospy-protobuf/src/sentinel_protobuf/google/api/expr/v1alpha1/syntax.proto
2026-01-28 21:43:07,417 - INFO:Compiling proto file: /home/freqnik/git/MathNodes/cosmospy-protobuf/src/sentinel_protobuf/google/api/expr/v1alpha1/checked.proto
2026-01-28 21:43:07,478 - INFO:Compiling proto file: /home/freqnik/git/MathNodes/cosmospy-protobuf/src/sentinel_protobuf/google/api/expr/v1alpha1/value.proto
2026-01-28 21:43:07,539 - INFO:Compiling proto file: /home/freqnik/git/MathNodes/cosmospy-protobuf/src/sentinel_protobuf/google/api/expr/v1alpha1/explain.proto
2026-01-28 21:43:07,601 - INFO:Compiling proto file: /home/freqnik/git/MathNodes/cosmospy-protobuf/src/sentinel_protobuf/google/api/expr/v1beta1/eval.proto
2026-01-28 21:43:07,669 - INFO:Compiling proto file: /home/freqnik/git/MathNodes/cosmospy-protobuf/src/sentinel_protobuf/google/api/expr/v1beta1/source.proto
2026-01-28 21:43:07,734 - INFO:Compiling proto file: /home/freqnik/git/MathNodes/cosmospy-protobuf/src/sentinel_protobuf/google/api/expr/v1beta1/expr.proto
2026-01-28 21:43:07,791 - INFO:Compiling proto file: /home/freqnik/git/MathNodes/cosmospy-protobuf/src/sentinel_protobuf/google/api/expr/v1beta1/decl.proto
2026-01-28 21:43:07,854 - INFO:Compiling proto file: /home/freqnik/git/MathNodes/cosmospy-protobuf/src/sentinel_protobuf/google/api/expr/v1beta1/value.proto
2026-01-28 21:43:07,922 - INFO:Compiling proto file: /home/freqnik/git/MathNodes/cosmospy-protobuf/src/sentinel_protobuf/google/api/serviceusage/v1/resources.proto
2026-01-28 21:43:07,996 - INFO:Compiling proto file: /home/freqnik/git/MathNodes/cosmospy-protobuf/src/sentinel_protobuf/google/api/serviceusage/v1/serviceusage.proto
2026-01-28 21:43:08,083 - INFO:Compiling proto file: /home/freqnik/git/MathNodes/cosmospy-protobuf/src/sentinel_protobuf/google/api/serviceusage/v1beta1/resources.proto
2026-01-28 21:43:08,152 - INFO:Compiling proto file: /home/freqnik/git/MathNodes/cosmospy-protobuf/src/sentinel_protobuf/google/api/serviceusage/v1beta1/serviceusage.proto
google/api/serviceusage/v1beta1/serviceusage.proto:21:1: warning: Import google/api/field_behavior.proto is unused.
google/api/serviceusage/v1beta1/serviceusage.proto:24:1: warning: Import google/protobuf/empty.proto is unused.
2026-01-28 21:43:08,234 - INFO:Compiling proto file: /home/freqnik/git/MathNodes/cosmospy-protobuf/src/sentinel_protobuf/google/api/servicemanagement/v1/resources.proto
2026-01-28 21:43:08,309 - INFO:Compiling proto file: /home/freqnik/git/MathNodes/cosmospy-protobuf/src/sentinel_protobuf/google/api/servicemanagement/v1/servicemanager.proto
google/api/servicemanagement/v1/servicemanager.proto:26:1: warning: Import google/protobuf/empty.proto is unused.
2026-01-28 21:43:08,395 - INFO:Compiling proto file: /home/freqnik/git/MathNodes/cosmospy-protobuf/src/sentinel_protobuf/google/api/servicecontrol/v2/service_controller.proto
2026-01-28 21:43:08,465 - INFO:Compiling proto file: /home/freqnik/git/MathNodes/cosmospy-protobuf/src/sentinel_protobuf/google/api/servicecontrol/v1/service_controller.proto
google/logging/type/log_severity.proto: File not found.
google/api/servicecontrol/v1/log_entry.proto:20:1: Import "google/logging/type/log_severity.proto" was not found or had errors.
google/api/servicecontrol/v1/log_entry.proto:45:3: "google.logging.type.LogSeverity" is not defined.
google/api/servicecontrol/v1/operation.proto:19:1: Import "google/api/servicecontrol/v1/log_entry.proto" was not found or had errors.
google/api/servicecontrol/v1/operation.proto:116:12: "LogEntry" is not defined.
google/api/servicecontrol/v1/service_controller.proto:22:1: Import "google/api/servicecontrol/v1/operation.proto" was not found or had errors.
google/api/servicecontrol/v1/service_controller.proto:103:3: "Operation" is not defined.
google/api/servicecontrol/v1/service_controller.proto:214:12: "Operation" is not defined.
2026-01-28 21:43:08,535 - INFO:Compiling proto file: /home/freqnik/git/MathNodes/cosmospy-protobuf/src/sentinel_protobuf/google/api/servicecontrol/v1/metric_value.proto
2026-01-28 21:43:08,600 - INFO:Compiling proto file: /home/freqnik/git/MathNodes/cosmospy-protobuf/src/sentinel_protobuf/google/api/servicecontrol/v1/distribution.proto
2026-01-28 21:43:08,662 - INFO:Compiling proto file: /home/freqnik/git/MathNodes/cosmospy-protobuf/src/sentinel_protobuf/google/api/servicecontrol/v1/http_request.proto
2026-01-28 21:43:08,727 - INFO:Compiling proto file: /home/freqnik/git/MathNodes/cosmospy-protobuf/src/sentinel_protobuf/google/api/servicecontrol/v1/quota_controller.proto
2026-01-28 21:43:08,795 - INFO:Compiling proto file: /home/freqnik/git/MathNodes/cosmospy-protobuf/src/sentinel_protobuf/google/api/servicecontrol/v1/log_entry.proto
google/logging/type/log_severity.proto: File not found.
google/api/servicecontrol/v1/log_entry.proto:20:1: Import "google/logging/type/log_severity.proto" was not found or had errors.
google/api/servicecontrol/v1/log_entry.proto:45:3: "google.logging.type.LogSeverity" is not defined.
2026-01-28 21:43:08,859 - INFO:Compiling proto file: /home/freqnik/git/MathNodes/cosmospy-protobuf/src/sentinel_protobuf/google/api/servicecontrol/v1/check_error.proto
2026-01-28 21:43:08,916 - INFO:Compiling proto file: /home/freqnik/git/MathNodes/cosmospy-protobuf/src/sentinel_protobuf/google/api/servicecontrol/v1/operation.proto
google/logging/type/log_severity.proto: File not found.
google/api/servicecontrol/v1/log_entry.proto:20:1: Import "google/logging/type/log_severity.proto" was not found or had errors.
google/api/servicecontrol/v1/log_entry.proto:45:3: "google.logging.type.LogSeverity" is not defined.
google/api/servicecontrol/v1/operation.proto:19:1: Import "google/api/servicecontrol/v1/log_entry.proto" was not found or had errors.
google/api/servicecontrol/v1/operation.proto:116:12: "LogEntry" is not defined.
2026-01-28 21:43:08,976 - INFO:Compiling proto file: /home/freqnik/git/MathNodes/cosmospy-protobuf/src/sentinel_protobuf/google/api/cloudquotas/v1/cloudquotas.proto
2026-01-28 21:43:09,057 - INFO:Compiling proto file: /home/freqnik/git/MathNodes/cosmospy-protobuf/src/sentinel_protobuf/google/api/cloudquotas/v1/resources.proto
2026-01-28 21:43:09,129 - INFO:Compiling proto file: /home/freqnik/git/MathNodes/cosmospy-protobuf/src/sentinel_protobuf/google/api/cloudquotas/v1beta/cloudquotas.proto
2026-01-28 21:43:09,196 - INFO:Compiling proto file: /home/freqnik/git/MathNodes/cosmospy-protobuf/src/sentinel_protobuf/google/api/cloudquotas/v1beta/resources.proto
2026-01-28 21:43:09,261 - INFO:Compiling proto file: /home/freqnik/git/MathNodes/cosmospy-protobuf/src/sentinel_protobuf/google/api/cloudquotas/v1beta/quota_adjuster_settings.proto
2026-01-28 21:43:09,324 - INFO:Compiling proto file: /home/freqnik/git/MathNodes/cosmospy-protobuf/src/sentinel_protobuf/google/api/apikeys/v2/resources.proto
2026-01-28 21:43:09,384 - INFO:Compiling proto file: /home/freqnik/git/MathNodes/cosmospy-protobuf/src/sentinel_protobuf/google/api/apikeys/v2/apikeys.proto
google/api/apikeys/v2/apikeys.proto:25:1: warning: Import google/protobuf/empty.proto is unused.
2026-01-28 21:43:09,450 - INFO:Fixing file at: /home/freqnik/git/MathNodes/cosmospy-protobuf/src/sentinel_protobuf/cosmos/gov/module/v1/module.proto
2026-01-28 21:43:09,684 - INFO:Fixed imports for module.proto
2026-01-28 21:43:09,684 - INFO:Fixing file at: /home/freqnik/git/MathNodes/cosmospy-protobuf/src/sentinel_protobuf/cosmos/gov/v1/query.proto
2026-01-28 21:43:09,954 - INFO:Fixed imports for query.proto
2026-01-28 21:43:09,954 - INFO:Fixing file at: /home/freqnik/git/MathNodes/cosmospy-protobuf/src/sentinel_protobuf/cosmos/gov/v1/genesis.proto
2026-01-28 21:43:10,205 - INFO:Fixed imports for genesis.proto
2026-01-28 21:43:10,205 - INFO:Fixing file at: /home/freqnik/git/MathNodes/cosmospy-protobuf/src/sentinel_protobuf/cosmos/gov/v1/tx.proto
2026-01-28 21:43:10,469 - INFO:Fixed imports for tx.proto
2026-01-28 21:43:10,469 - INFO:Fixing file at: /home/freqnik/git/MathNodes/cosmospy-protobuf/src/sentinel_protobuf/cosmos/gov/v1/gov.proto
2026-01-28 21:43:10,730 - INFO:Fixed imports for gov.proto
2026-01-28 21:43:10,732 - INFO:Fixing file at: /home/freqnik/git/MathNodes/cosmospy-protobuf/src/sentinel_protobuf/cosmos/gov/v1beta1/query.proto
2026-01-28 21:43:11,024 - INFO:Fixed imports for query.proto
2026-01-28 21:43:11,024 - INFO:Fixing file at: /home/freqnik/git/MathNodes/cosmospy-protobuf/src/sentinel_protobuf/cosmos/gov/v1beta1/genesis.proto
2026-01-28 21:43:11,274 - INFO:Fixed imports for genesis.proto
2026-01-28 21:43:11,274 - INFO:Fixing file at: /home/freqnik/git/MathNodes/cosmospy-protobuf/src/sentinel_protobuf/cosmos/gov/v1beta1/tx.proto
2026-01-28 21:43:11,530 - INFO:Fixed imports for tx.proto
2026-01-28 21:43:11,530 - INFO:Fixing file at: /home/freqnik/git/MathNodes/cosmospy-protobuf/src/sentinel_protobuf/cosmos/gov/v1beta1/gov.proto
2026-01-28 21:43:11,801 - INFO:Fixed imports for gov.proto
2026-01-28 21:43:11,801 - INFO:Fixing file at: /home/freqnik/git/MathNodes/cosmospy-protobuf/src/sentinel_protobuf/cosmos/auth/module/v1/module.proto
2026-01-28 21:43:12,033 - INFO:Fixed imports for module.proto
2026-01-28 21:43:12,033 - INFO:Fixing file at: /home/freqnik/git/MathNodes/cosmospy-protobuf/src/sentinel_protobuf/cosmos/auth/v1beta1/query.proto
2026-01-28 21:43:12,314 - INFO:Fixed imports for query.proto
2026-01-28 21:43:12,314 - INFO:Fixing file at: /home/freqnik/git/MathNodes/cosmospy-protobuf/src/sentinel_protobuf/cosmos/auth/v1beta1/genesis.proto
2026-01-28 21:43:12,572 - INFO:Fixed imports for genesis.proto
2026-01-28 21:43:12,572 - INFO:Fixing file at: /home/freqnik/git/MathNodes/cosmospy-protobuf/src/sentinel_protobuf/cosmos/auth/v1beta1/tx.proto
2026-01-28 21:43:12,829 - INFO:Fixed imports for tx.proto
2026-01-28 21:43:12,829 - INFO:Fixing file at: /home/freqnik/git/MathNodes/cosmospy-protobuf/src/sentinel_protobuf/cosmos/auth/v1beta1/auth.proto
2026-01-28 21:43:13,086 - INFO:Fixed imports for auth.proto
2026-01-28 21:43:13,086 - INFO:Fixing file at: /home/freqnik/git/MathNodes/cosmospy-protobuf/src/sentinel_protobuf/cosmos/authz/module/v1/module.proto
2026-01-28 21:43:13,339 - INFO:Fixed imports for module.proto
2026-01-28 21:43:13,340 - INFO:Fixing file at: /home/freqnik/git/MathNodes/cosmospy-protobuf/src/sentinel_protobuf/cosmos/authz/v1beta1/query.proto
2026-01-28 21:43:13,609 - INFO:Fixed imports for query.proto
2026-01-28 21:43:13,609 - INFO:Fixing file at: /home/freqnik/git/MathNodes/cosmospy-protobuf/src/sentinel_protobuf/cosmos/authz/v1beta1/event.proto
2026-01-28 21:43:13,855 - INFO:Fixed imports for event.proto
2026-01-28 21:43:13,855 - INFO:Fixing file at: /home/freqnik/git/MathNodes/cosmospy-protobuf/src/sentinel_protobuf/cosmos/authz/v1beta1/genesis.proto
2026-01-28 21:43:14,118 - INFO:Fixed imports for genesis.proto
2026-01-28 21:43:14,119 - INFO:Fixing file at: /home/freqnik/git/MathNodes/cosmospy-protobuf/src/sentinel_protobuf/cosmos/authz/v1beta1/tx.proto
2026-01-28 21:43:14,386 - INFO:Fixed imports for tx.proto
2026-01-28 21:43:14,386 - INFO:Fixing file at: /home/freqnik/git/MathNodes/cosmospy-protobuf/src/sentinel_protobuf/cosmos/authz/v1beta1/authz.proto
2026-01-28 21:43:14,643 - INFO:Fixed imports for authz.proto
2026-01-28 21:43:14,644 - INFO:Fixing file at: /home/freqnik/git/MathNodes/cosmospy-protobuf/src/sentinel_protobuf/cosmos/slashing/module/v1/module.proto
2026-01-28 21:43:14,892 - INFO:Fixed imports for module.proto
2026-01-28 21:43:14,893 - INFO:Fixing file at: /home/freqnik/git/MathNodes/cosmospy-protobuf/src/sentinel_protobuf/cosmos/slashing/v1beta1/query.proto
2026-01-28 21:43:15,178 - INFO:Fixed imports for query.proto
2026-01-28 21:43:15,178 - INFO:Fixing file at: /home/freqnik/git/MathNodes/cosmospy-protobuf/src/sentinel_protobuf/cosmos/slashing/v1beta1/slashing.proto
2026-01-28 21:43:15,431 - INFO:Fixed imports for slashing.proto
2026-01-28 21:43:15,431 - INFO:Fixing file at: /home/freqnik/git/MathNodes/cosmospy-protobuf/src/sentinel_protobuf/cosmos/slashing/v1beta1/genesis.proto
2026-01-28 21:43:15,706 - INFO:Fixed imports for genesis.proto
2026-01-28 21:43:15,706 - INFO:Fixing file at: /home/freqnik/git/MathNodes/cosmospy-protobuf/src/sentinel_protobuf/cosmos/slashing/v1beta1/tx.proto
2026-01-28 21:43:15,950 - INFO:Fixed imports for tx.proto
2026-01-28 21:43:15,950 - INFO:Fixing file at: /home/freqnik/git/MathNodes/cosmospy-protobuf/src/sentinel_protobuf/cosmos/staking/module/v1/module.proto
2026-01-28 21:43:16,199 - INFO:Fixed imports for module.proto
2026-01-28 21:43:16,200 - INFO:Fixing file at: /home/freqnik/git/MathNodes/cosmospy-protobuf/src/sentinel_protobuf/cosmos/staking/v1beta1/query.proto
2026-01-28 21:43:16,583 - INFO:Fixed imports for query.proto
2026-01-28 21:43:16,583 - INFO:Fixing file at: /home/freqnik/git/MathNodes/cosmospy-protobuf/src/sentinel_protobuf/cosmos/staking/v1beta1/genesis.proto
2026-01-28 21:43:16,958 - INFO:Fixed imports for genesis.proto
2026-01-28 21:43:16,958 - INFO:Fixing file at: /home/freqnik/git/MathNodes/cosmospy-protobuf/src/sentinel_protobuf/cosmos/staking/v1beta1/tx.proto
2026-01-28 21:43:17,338 - INFO:Fixed imports for tx.proto
2026-01-28 21:43:17,339 - INFO:Fixing file at: /home/freqnik/git/MathNodes/cosmospy-protobuf/src/sentinel_protobuf/cosmos/staking/v1beta1/authz.proto
2026-01-28 21:43:17,598 - INFO:Fixed imports for authz.proto
2026-01-28 21:43:17,598 - INFO:Fixing file at: /home/freqnik/git/MathNodes/cosmospy-protobuf/src/sentinel_protobuf/cosmos/staking/v1beta1/staking.proto
2026-01-28 21:43:17,955 - INFO:Fixed imports for staking.proto
2026-01-28 21:43:17,955 - INFO:Fixing file at: /home/freqnik/git/MathNodes/cosmospy-protobuf/src/sentinel_protobuf/cosmos/bank/module/v1/module.proto
2026-01-28 21:43:18,186 - INFO:Fixed imports for module.proto
2026-01-28 21:43:18,187 - INFO:Fixing file at: /home/freqnik/git/MathNodes/cosmospy-protobuf/src/sentinel_protobuf/cosmos/bank/v1beta1/query.proto
2026-01-28 21:43:18,474 - INFO:Fixed imports for query.proto
2026-01-28 21:43:18,474 - INFO:Fixing file at: /home/freqnik/git/MathNodes/cosmospy-protobuf/src/sentinel_protobuf/cosmos/bank/v1beta1/genesis.proto
2026-01-28 21:43:18,726 - INFO:Fixed imports for genesis.proto
2026-01-28 21:43:18,727 - INFO:Fixing file at: /home/freqnik/git/MathNodes/cosmospy-protobuf/src/sentinel_protobuf/cosmos/bank/v1beta1/tx.proto
2026-01-28 21:43:18,987 - INFO:Fixed imports for tx.proto
2026-01-28 21:43:18,987 - INFO:Fixing file at: /home/freqnik/git/MathNodes/cosmospy-protobuf/src/sentinel_protobuf/cosmos/bank/v1beta1/bank.proto
2026-01-28 21:43:19,246 - INFO:Fixed imports for bank.proto
2026-01-28 21:43:19,246 - INFO:Fixing file at: /home/freqnik/git/MathNodes/cosmospy-protobuf/src/sentinel_protobuf/cosmos/bank/v1beta1/authz.proto
2026-01-28 21:43:19,500 - INFO:Fixed imports for authz.proto
2026-01-28 21:43:19,500 - INFO:Fixing file at: /home/freqnik/git/MathNodes/cosmospy-protobuf/src/sentinel_protobuf/cosmos/msg/v1/msg.proto
2026-01-28 21:43:19,723 - INFO:Fixed imports for msg.proto
2026-01-28 21:43:19,723 - INFO:Fixing file at: /home/freqnik/git/MathNodes/cosmospy-protobuf/src/sentinel_protobuf/cosmos/autocli/v1/query.proto
2026-01-28 21:43:19,959 - INFO:Fixed imports for query.proto
2026-01-28 21:43:19,960 - INFO:Fixing file at: /home/freqnik/git/MathNodes/cosmospy-protobuf/src/sentinel_protobuf/cosmos/autocli/v1/options.proto
2026-01-28 21:43:20,188 - INFO:Fixed imports for options.proto
2026-01-28 21:43:20,189 - INFO:Fixing file at: /home/freqnik/git/MathNodes/cosmospy-protobuf/src/sentinel_protobuf/cosmos/mint/module/v1/module.proto
2026-01-28 21:43:20,422 - INFO:Fixed imports for module.proto
2026-01-28 21:43:20,422 - INFO:Fixing file at: /home/freqnik/git/MathNodes/cosmospy-protobuf/src/sentinel_protobuf/cosmos/mint/v1beta1/query.proto
2026-01-28 21:43:20,688 - INFO:Fixed imports for query.proto
2026-01-28 21:43:20,688 - INFO:Fixing file at: /home/freqnik/git/MathNodes/cosmospy-protobuf/src/sentinel_protobuf/cosmos/mint/v1beta1/genesis.proto
2026-01-28 21:43:20,935 - INFO:Fixed imports for genesis.proto
2026-01-28 21:43:20,935 - INFO:Fixing file at: /home/freqnik/git/MathNodes/cosmospy-protobuf/src/sentinel_protobuf/cosmos/mint/v1beta1/tx.proto
2026-01-28 21:43:21,173 - INFO:Fixed imports for tx.proto
2026-01-28 21:43:21,173 - INFO:Fixing file at: /home/freqnik/git/MathNodes/cosmospy-protobuf/src/sentinel_protobuf/cosmos/mint/v1beta1/mint.proto
2026-01-28 21:43:21,408 - INFO:Fixed imports for mint.proto
2026-01-28 21:43:21,408 - INFO:Fixing file at: /home/freqnik/git/MathNodes/cosmospy-protobuf/src/sentinel_protobuf/cosmos/base/store/v1beta1/listening.proto
2026-01-28 21:43:21,709 - INFO:Fixed imports for listening.proto
2026-01-28 21:43:21,710 - INFO:Fixing file at: /home/freqnik/git/MathNodes/cosmospy-protobuf/src/sentinel_protobuf/cosmos/base/store/v1beta1/commit_info.proto
2026-01-28 21:43:21,904 - INFO:Fixed imports for commit_info.proto
2026-01-28 21:43:21,904 - INFO:Fixing file at: /home/freqnik/git/MathNodes/cosmospy-protobuf/src/sentinel_protobuf/cosmos/base/tendermint/v1beta1/query.proto
2026-01-28 21:43:22,192 - INFO:Fixed imports for query.proto
2026-01-28 21:43:22,192 - INFO:Fixing file at: /home/freqnik/git/MathNodes/cosmospy-protobuf/src/sentinel_protobuf/cosmos/base/tendermint/v1beta1/types.proto
2026-01-28 21:43:22,459 - INFO:Fixed imports for types.proto
2026-01-28 21:43:22,460 - INFO:Fixing file at: /home/freqnik/git/MathNodes/cosmospy-protobuf/src/sentinel_protobuf/cosmos/base/snapshots/v1beta1/snapshot.proto
2026-01-28 21:43:22,697 - INFO:Fixed imports for snapshot.proto
2026-01-28 21:43:22,697 - INFO:Fixing file at: /home/freqnik/git/MathNodes/cosmospy-protobuf/src/sentinel_protobuf/cosmos/base/abci/v1beta1/abci.proto
2026-01-28 21:43:23,005 - INFO:Fixed imports for abci.proto
2026-01-28 21:43:23,005 - INFO:Fixing file at: /home/freqnik/git/MathNodes/cosmospy-protobuf/src/sentinel_protobuf/cosmos/base/reflection/v1beta1/reflection.proto
2026-01-28 21:43:23,186 - INFO:Fixed imports for reflection.proto
2026-01-28 21:43:23,187 - INFO:Fixing file at: /home/freqnik/git/MathNodes/cosmospy-protobuf/src/sentinel_protobuf/cosmos/base/reflection/v2alpha1/reflection.proto
2026-01-28 21:43:23,361 - INFO:Fixed imports for reflection.proto
2026-01-28 21:43:23,361 - INFO:Fixing file at: /home/freqnik/git/MathNodes/cosmospy-protobuf/src/sentinel_protobuf/cosmos/base/node/v1beta1/query.proto
2026-01-28 21:43:23,538 - INFO:Fixed imports for query.proto
2026-01-28 21:43:23,538 - INFO:Fixing file at: /home/freqnik/git/MathNodes/cosmospy-protobuf/src/sentinel_protobuf/cosmos/base/kv/v1beta1/kv.proto
2026-01-28 21:43:23,710 - INFO:Fixed imports for kv.proto
2026-01-28 21:43:23,710 - INFO:Fixing file at: /home/freqnik/git/MathNodes/cosmospy-protobuf/src/sentinel_protobuf/cosmos/base/v1beta1/coin.proto
2026-01-28 21:43:23,941 - INFO:Fixed imports for coin.proto
2026-01-28 21:43:23,942 - INFO:Fixing file at: /home/freqnik/git/MathNodes/cosmospy-protobuf/src/sentinel_protobuf/cosmos/base/query/v1beta1/pagination.proto
2026-01-28 21:43:24,160 - INFO:Fixed imports for pagination.proto
2026-01-28 21:43:24,160 - INFO:Fixing file at: /home/freqnik/git/MathNodes/cosmospy-protobuf/src/sentinel_protobuf/cosmos/app/v1alpha1/query.proto
2026-01-28 21:43:24,401 - INFO:Fixed imports for query.proto
2026-01-28 21:43:24,402 - INFO:Fixing file at: /home/freqnik/git/MathNodes/cosmospy-protobuf/src/sentinel_protobuf/cosmos/app/v1alpha1/config.proto
2026-01-28 21:43:24,636 - INFO:Fixed imports for config.proto
2026-01-28 21:43:24,636 - INFO:Fixing file at: /home/freqnik/git/MathNodes/cosmospy-protobuf/src/sentinel_protobuf/cosmos/app/v1alpha1/module.proto
2026-01-28 21:43:24,883 - INFO:Fixed imports for module.proto
2026-01-28 21:43:24,884 - INFO:Fixing file at: /home/freqnik/git/MathNodes/cosmospy-protobuf/src/sentinel_protobuf/cosmos/app/runtime/v1alpha1/module.proto
2026-01-28 21:43:25,124 - INFO:Fixed imports for module.proto
2026-01-28 21:43:25,124 - INFO:Fixing file at: /home/freqnik/git/MathNodes/cosmospy-protobuf/src/sentinel_protobuf/cosmos/upgrade/module/v1/module.proto
2026-01-28 21:43:25,352 - INFO:Fixed imports for module.proto
2026-01-28 21:43:25,353 - INFO:Fixing file at: /home/freqnik/git/MathNodes/cosmospy-protobuf/src/sentinel_protobuf/cosmos/upgrade/v1beta1/query.proto
2026-01-28 21:43:25,609 - INFO:Fixed imports for query.proto
2026-01-28 21:43:25,609 - INFO:Fixing file at: /home/freqnik/git/MathNodes/cosmospy-protobuf/src/sentinel_protobuf/cosmos/upgrade/v1beta1/tx.proto
2026-01-28 21:43:25,874 - INFO:Fixed imports for tx.proto
2026-01-28 21:43:25,874 - INFO:Fixing file at: /home/freqnik/git/MathNodes/cosmospy-protobuf/src/sentinel_protobuf/cosmos/upgrade/v1beta1/upgrade.proto
2026-01-28 21:43:26,121 - INFO:Fixed imports for upgrade.proto
2026-01-28 21:43:26,121 - INFO:Fixing file at: /home/freqnik/git/MathNodes/cosmospy-protobuf/src/sentinel_protobuf/cosmos/reflection/v1/reflection.proto
2026-01-28 21:43:26,354 - INFO:Fixed imports for reflection.proto
2026-01-28 21:43:26,355 - INFO:Fixing file at: /home/freqnik/git/MathNodes/cosmospy-protobuf/src/sentinel_protobuf/cosmos/nft/module/v1/module.proto
2026-01-28 21:43:26,598 - INFO:Fixed imports for module.proto
2026-01-28 21:43:26,598 - INFO:Fixing file at: /home/freqnik/git/MathNodes/cosmospy-protobuf/src/sentinel_protobuf/cosmos/nft/v1beta1/query.proto
2026-01-28 21:43:26,824 - INFO:Fixed imports for query.proto
2026-01-28 21:43:26,824 - INFO:Fixing file at: /home/freqnik/git/MathNodes/cosmospy-protobuf/src/sentinel_protobuf/cosmos/nft/v1beta1/event.proto
2026-01-28 21:43:27,047 - INFO:Fixed imports for event.proto
2026-01-28 21:43:27,047 - INFO:Fixing file at: /home/freqnik/git/MathNodes/cosmospy-protobuf/src/sentinel_protobuf/cosmos/nft/v1beta1/genesis.proto
2026-01-28 21:43:27,276 - INFO:Fixed imports for genesis.proto
2026-01-28 21:43:27,276 - INFO:Fixing file at: /home/freqnik/git/MathNodes/cosmospy-protobuf/src/sentinel_protobuf/cosmos/nft/v1beta1/tx.proto
2026-01-28 21:43:27,498 - INFO:Fixed imports for tx.proto
2026-01-28 21:43:27,498 - INFO:Fixing file at: /home/freqnik/git/MathNodes/cosmospy-protobuf/src/sentinel_protobuf/cosmos/nft/v1beta1/nft.proto
2026-01-28 21:43:27,728 - INFO:Fixed imports for nft.proto
2026-01-28 21:43:27,728 - INFO:Fixing file at: /home/freqnik/git/MathNodes/cosmospy-protobuf/src/sentinel_protobuf/cosmos/orm/module/v1alpha1/module.proto
2026-01-28 21:43:27,954 - INFO:Fixed imports for module.proto
2026-01-28 21:43:27,955 - INFO:Fixing file at: /home/freqnik/git/MathNodes/cosmospy-protobuf/src/sentinel_protobuf/cosmos/orm/v1/orm.proto
2026-01-28 21:43:28,175 - INFO:Fixed imports for orm.proto
2026-01-28 21:43:28,175 - INFO:Fixing file at: /home/freqnik/git/MathNodes/cosmospy-protobuf/src/sentinel_protobuf/cosmos/orm/v1alpha1/schema.proto
2026-01-28 21:43:28,404 - INFO:Fixed imports for schema.proto
2026-01-28 21:43:28,404 - INFO:Fixing file at: /home/freqnik/git/MathNodes/cosmospy-protobuf/src/sentinel_protobuf/cosmos/orm/query/v1alpha1/query.proto
2026-01-28 21:43:28,638 - INFO:Fixed imports for query.proto
2026-01-28 21:43:28,638 - INFO:Fixing file at: /home/freqnik/git/MathNodes/cosmospy-protobuf/src/sentinel_protobuf/cosmos/feegrant/module/v1/module.proto
2026-01-28 21:43:28,872 - INFO:Fixed imports for module.proto
2026-01-28 21:43:28,873 - INFO:Fixing file at: /home/freqnik/git/MathNodes/cosmospy-protobuf/src/sentinel_protobuf/cosmos/feegrant/v1beta1/query.proto
2026-01-28 21:43:29,136 - INFO:Fixed imports for query.proto
2026-01-28 21:43:29,136 - INFO:Fixing file at: /home/freqnik/git/MathNodes/cosmospy-protobuf/src/sentinel_protobuf/cosmos/feegrant/v1beta1/genesis.proto
2026-01-28 21:43:29,393 - INFO:Fixed imports for genesis.proto
2026-01-28 21:43:29,393 - INFO:Fixing file at: /home/freqnik/git/MathNodes/cosmospy-protobuf/src/sentinel_protobuf/cosmos/feegrant/v1beta1/tx.proto
2026-01-28 21:43:29,639 - INFO:Fixed imports for tx.proto
2026-01-28 21:43:29,640 - INFO:Fixing file at: /home/freqnik/git/MathNodes/cosmospy-protobuf/src/sentinel_protobuf/cosmos/feegrant/v1beta1/feegrant.proto
2026-01-28 21:43:29,892 - INFO:Fixed imports for feegrant.proto
2026-01-28 21:43:29,893 - INFO:Fixing file at: /home/freqnik/git/MathNodes/cosmospy-protobuf/src/sentinel_protobuf/cosmos/evidence/module/v1/module.proto
2026-01-28 21:43:30,138 - INFO:Fixed imports for module.proto
2026-01-28 21:43:30,138 - INFO:Fixing file at: /home/freqnik/git/MathNodes/cosmospy-protobuf/src/sentinel_protobuf/cosmos/evidence/v1beta1/query.proto
2026-01-28 21:43:30,393 - INFO:Fixed imports for query.proto
2026-01-28 21:43:30,393 - INFO:Fixing file at: /home/freqnik/git/MathNodes/cosmospy-protobuf/src/sentinel_protobuf/cosmos/evidence/v1beta1/genesis.proto
2026-01-28 21:43:30,628 - INFO:Fixed imports for genesis.proto
2026-01-28 21:43:30,628 - INFO:Fixing file at: /home/freqnik/git/MathNodes/cosmospy-protobuf/src/sentinel_protobuf/cosmos/evidence/v1beta1/tx.proto
2026-01-28 21:43:30,865 - INFO:Fixed imports for tx.proto
2026-01-28 21:43:30,865 - INFO:Fixing file at: /home/freqnik/git/MathNodes/cosmospy-protobuf/src/sentinel_protobuf/cosmos/evidence/v1beta1/evidence.proto
2026-01-28 21:43:31,112 - INFO:Fixed imports for evidence.proto
2026-01-28 21:43:31,112 - INFO:Fixing file at: /home/freqnik/git/MathNodes/cosmospy-protobuf/src/sentinel_protobuf/cosmos/crypto/keyring/v1/record.proto
2026-01-28 21:43:31,363 - INFO:Fixed imports for record.proto
2026-01-28 21:43:31,363 - INFO:Fixing file at: /home/freqnik/git/MathNodes/cosmospy-protobuf/src/sentinel_protobuf/cosmos/crypto/secp256r1/keys.proto
2026-01-28 21:43:31,597 - INFO:Fixed imports for keys.proto
2026-01-28 21:43:31,597 - INFO:Fixing file at: /home/freqnik/git/MathNodes/cosmospy-protobuf/src/sentinel_protobuf/cosmos/crypto/hd/v1/hd.proto
2026-01-28 21:43:31,836 - INFO:Fixed imports for hd.proto
2026-01-28 21:43:31,836 - INFO:Fixing file at: /home/freqnik/git/MathNodes/cosmospy-protobuf/src/sentinel_protobuf/cosmos/crypto/ed25519/keys.proto
2026-01-28 21:43:32,072 - INFO:Fixed imports for keys.proto
2026-01-28 21:43:32,072 - INFO:Fixing file at: /home/freqnik/git/MathNodes/cosmospy-protobuf/src/sentinel_protobuf/cosmos/crypto/secp256k1/keys.proto
2026-01-28 21:43:32,302 - INFO:Fixed imports for keys.proto
2026-01-28 21:43:32,302 - INFO:Fixing file at: /home/freqnik/git/MathNodes/cosmospy-protobuf/src/sentinel_protobuf/cosmos/crypto/multisig/keys.proto
2026-01-28 21:43:32,536 - INFO:Fixed imports for keys.proto
2026-01-28 21:43:32,536 - INFO:Fixing file at: /home/freqnik/git/MathNodes/cosmospy-protobuf/src/sentinel_protobuf/cosmos/crypto/multisig/v1beta1/multisig.proto
2026-01-28 21:43:32,780 - INFO:Fixed imports for multisig.proto
2026-01-28 21:43:32,780 - INFO:Fixing file at: /home/freqnik/git/MathNodes/cosmospy-protobuf/src/sentinel_protobuf/cosmos/params/module/v1/module.proto
2026-01-28 21:43:33,023 - INFO:Fixed imports for module.proto
2026-01-28 21:43:33,023 - INFO:Fixing file at: /home/freqnik/git/MathNodes/cosmospy-protobuf/src/sentinel_protobuf/cosmos/params/v1beta1/query.proto
2026-01-28 21:43:33,293 - INFO:Fixed imports for query.proto
2026-01-28 21:43:33,293 - INFO:Fixing file at: /home/freqnik/git/MathNodes/cosmospy-protobuf/src/sentinel_protobuf/cosmos/params/v1beta1/params.proto
2026-01-28 21:43:33,549 - INFO:Fixed imports for params.proto
2026-01-28 21:43:33,549 - INFO:Fixing file at: /home/freqnik/git/MathNodes/cosmospy-protobuf/src/sentinel_protobuf/cosmos/distribution/module/v1/module.proto
2026-01-28 21:43:33,780 - INFO:Fixed imports for module.proto
2026-01-28 21:43:33,780 - INFO:Fixing file at: /home/freqnik/git/MathNodes/cosmospy-protobuf/src/sentinel_protobuf/cosmos/distribution/v1beta1/query.proto
2026-01-28 21:43:34,066 - INFO:Fixed imports for query.proto
2026-01-28 21:43:34,066 - INFO:Fixing file at: /home/freqnik/git/MathNodes/cosmospy-protobuf/src/sentinel_protobuf/cosmos/distribution/v1beta1/distribution.proto
2026-01-28 21:43:34,320 - INFO:Fixed imports for distribution.proto
2026-01-28 21:43:34,320 - INFO:Fixing file at: /home/freqnik/git/MathNodes/cosmospy-protobuf/src/sentinel_protobuf/cosmos/distribution/v1beta1/genesis.proto
2026-01-28 21:43:34,593 - INFO:Fixed imports for genesis.proto
2026-01-28 21:43:34,593 - INFO:Fixing file at: /home/freqnik/git/MathNodes/cosmospy-protobuf/src/sentinel_protobuf/cosmos/distribution/v1beta1/tx.proto
2026-01-28 21:43:34,855 - INFO:Fixed imports for tx.proto
2026-01-28 21:43:34,855 - INFO:Fixing file at: /home/freqnik/git/MathNodes/cosmospy-protobuf/src/sentinel_protobuf/cosmos/genutil/module/v1/module.proto
2026-01-28 21:43:35,101 - INFO:Fixed imports for module.proto
2026-01-28 21:43:35,102 - INFO:Fixing file at: /home/freqnik/git/MathNodes/cosmospy-protobuf/src/sentinel_protobuf/cosmos/genutil/v1beta1/genesis.proto
2026-01-28 21:43:35,341 - INFO:Fixed imports for genesis.proto
2026-01-28 21:43:35,341 - INFO:Fixing file at: /home/freqnik/git/MathNodes/cosmospy-protobuf/src/sentinel_protobuf/cosmos/vesting/module/v1/module.proto
2026-01-28 21:43:35,566 - INFO:Fixed imports for module.proto
2026-01-28 21:43:35,566 - INFO:Fixing file at: /home/freqnik/git/MathNodes/cosmospy-protobuf/src/sentinel_protobuf/cosmos/vesting/v1beta1/vesting.proto
2026-01-28 21:43:35,816 - INFO:Fixed imports for vesting.proto
2026-01-28 21:43:35,816 - INFO:Fixing file at: /home/freqnik/git/MathNodes/cosmospy-protobuf/src/sentinel_protobuf/cosmos/vesting/v1beta1/tx.proto
2026-01-28 21:43:36,082 - INFO:Fixed imports for tx.proto
2026-01-28 21:43:36,082 - INFO:Fixing file at: /home/freqnik/git/MathNodes/cosmospy-protobuf/src/sentinel_protobuf/cosmos/group/module/v1/module.proto
2026-01-28 21:43:36,323 - INFO:Fixed imports for module.proto
2026-01-28 21:43:36,323 - INFO:Fixing file at: /home/freqnik/git/MathNodes/cosmospy-protobuf/src/sentinel_protobuf/cosmos/group/v1/query.proto
2026-01-28 21:43:36,607 - INFO:Fixed imports for query.proto
2026-01-28 21:43:36,608 - INFO:Fixing file at: /home/freqnik/git/MathNodes/cosmospy-protobuf/src/sentinel_protobuf/cosmos/group/v1/types.proto
2026-01-28 21:43:36,858 - INFO:Fixed imports for types.proto
2026-01-28 21:43:36,858 - INFO:Fixing file at: /home/freqnik/git/MathNodes/cosmospy-protobuf/src/sentinel_protobuf/cosmos/group/v1/genesis.proto
2026-01-28 21:43:37,106 - INFO:Fixed imports for genesis.proto
2026-01-28 21:43:37,106 - INFO:Fixing file at: /home/freqnik/git/MathNodes/cosmospy-protobuf/src/sentinel_protobuf/cosmos/group/v1/tx.proto
2026-01-28 21:43:37,385 - INFO:Fixed imports for tx.proto
2026-01-28 21:43:37,385 - INFO:Fixing file at: /home/freqnik/git/MathNodes/cosmospy-protobuf/src/sentinel_protobuf/cosmos/group/v1/events.proto
2026-01-28 21:43:37,637 - INFO:Fixed imports for events.proto
2026-01-28 21:43:37,637 - INFO:Fixing file at: /home/freqnik/git/MathNodes/cosmospy-protobuf/src/sentinel_protobuf/cosmos/query/v1/query.proto
2026-01-28 21:43:37,877 - INFO:Fixed imports for query.proto
2026-01-28 21:43:37,878 - INFO:Fixing file at: /home/freqnik/git/MathNodes/cosmospy-protobuf/src/sentinel_protobuf/cosmos/capability/module/v1/module.proto
2026-01-28 21:43:38,110 - INFO:Fixed imports for module.proto
2026-01-28 21:43:38,111 - INFO:Fixing file at: /home/freqnik/git/MathNodes/cosmospy-protobuf/src/sentinel_protobuf/cosmos/capability/v1beta1/genesis.proto
2026-01-28 21:43:38,351 - INFO:Fixed imports for genesis.proto
2026-01-28 21:43:38,352 - INFO:Fixing file at: /home/freqnik/git/MathNodes/cosmospy-protobuf/src/sentinel_protobuf/cosmos/capability/v1beta1/capability.proto
2026-01-28 21:43:38,582 - INFO:Fixed imports for capability.proto
2026-01-28 21:43:38,582 - INFO:Fixing file at: /home/freqnik/git/MathNodes/cosmospy-protobuf/src/sentinel_protobuf/cosmos/consensus/module/v1/module.proto
2026-01-28 21:43:38,803 - INFO:Fixed imports for module.proto
2026-01-28 21:43:38,804 - INFO:Fixing file at: /home/freqnik/git/MathNodes/cosmospy-protobuf/src/sentinel_protobuf/cosmos/consensus/v1/query.proto
2026-01-28 21:43:39,051 - INFO:Fixed imports for query.proto
2026-01-28 21:43:39,052 - INFO:Fixing file at: /home/freqnik/git/MathNodes/cosmospy-protobuf/src/sentinel_protobuf/cosmos/consensus/v1/tx.proto
2026-01-28 21:43:39,303 - INFO:Fixed imports for tx.proto
2026-01-28 21:43:39,303 - INFO:Fixing file at: /home/freqnik/git/MathNodes/cosmospy-protobuf/src/sentinel_protobuf/cosmos/crisis/module/v1/module.proto
2026-01-28 21:43:39,536 - INFO:Fixed imports for module.proto
2026-01-28 21:43:39,537 - INFO:Fixing file at: /home/freqnik/git/MathNodes/cosmospy-protobuf/src/sentinel_protobuf/cosmos/crisis/v1beta1/genesis.proto
2026-01-28 21:43:39,769 - INFO:Fixed imports for genesis.proto
2026-01-28 21:43:39,769 - INFO:Fixing file at: /home/freqnik/git/MathNodes/cosmospy-protobuf/src/sentinel_protobuf/cosmos/crisis/v1beta1/tx.proto
2026-01-28 21:43:40,011 - INFO:Fixed imports for tx.proto
2026-01-28 21:43:40,011 - INFO:Fixing file at: /home/freqnik/git/MathNodes/cosmospy-protobuf/src/sentinel_protobuf/cosmos/tx/config/v1/config.proto
2026-01-28 21:43:40,228 - INFO:Fixed imports for config.proto
2026-01-28 21:43:40,228 - INFO:Fixing file at: /home/freqnik/git/MathNodes/cosmospy-protobuf/src/sentinel_protobuf/cosmos/tx/signing/v1beta1/signing.proto
2026-01-28 21:43:40,459 - INFO:Fixed imports for signing.proto
2026-01-28 21:43:40,459 - INFO:Fixing file at: /home/freqnik/git/MathNodes/cosmospy-protobuf/src/sentinel_protobuf/cosmos/tx/v1beta1/tx.proto
2026-01-28 21:43:40,708 - INFO:Fixed imports for tx.proto
2026-01-28 21:43:40,708 - INFO:Fixing file at: /home/freqnik/git/MathNodes/cosmospy-protobuf/src/sentinel_protobuf/cosmos/tx/v1beta1/service.proto
2026-01-28 21:43:41,064 - INFO:Fixed imports for service.proto
2026-01-28 21:43:41,065 - INFO:Fixing file at: /home/freqnik/git/MathNodes/cosmospy-protobuf/src/sentinel_protobuf/sentinel/types/v1/status.proto
2026-01-28 21:43:41,290 - INFO:Fixed imports for status.proto
2026-01-28 21:43:41,290 - INFO:Fixing file at: /home/freqnik/git/MathNodes/cosmospy-protobuf/src/sentinel_protobuf/sentinel/types/v1/renewal.proto
2026-01-28 21:43:41,518 - INFO:Fixed imports for renewal.proto
2026-01-28 21:43:41,519 - INFO:Fixing file at: /home/freqnik/git/MathNodes/cosmospy-protobuf/src/sentinel_protobuf/sentinel/types/v1/bandwidth.proto
2026-01-28 21:43:41,750 - INFO:Fixed imports for bandwidth.proto
2026-01-28 21:43:41,751 - INFO:Fixing file at: /home/freqnik/git/MathNodes/cosmospy-protobuf/src/sentinel_protobuf/sentinel/types/v1/price.proto
2026-01-28 21:43:41,975 - INFO:Fixed imports for price.proto
2026-01-28 21:43:41,976 - INFO:Fixing file at: /home/freqnik/git/MathNodes/cosmospy-protobuf/src/sentinel_protobuf/sentinel/vpn/v1/genesis.proto
2026-01-28 21:43:42,299 - INFO:Fixed imports for genesis.proto
2026-01-28 21:43:42,299 - INFO:Fixing file at: /home/freqnik/git/MathNodes/cosmospy-protobuf/src/sentinel_protobuf/sentinel/provider/v2/provider.proto
2026-01-28 21:43:42,534 - INFO:Fixed imports for provider.proto
2026-01-28 21:43:42,535 - INFO:Fixing file at: /home/freqnik/git/MathNodes/cosmospy-protobuf/src/sentinel_protobuf/sentinel/provider/v2/genesis.proto
2026-01-28 21:43:42,798 - INFO:Fixed imports for genesis.proto
2026-01-28 21:43:42,798 - INFO:Fixing file at: /home/freqnik/git/MathNodes/cosmospy-protobuf/src/sentinel_protobuf/sentinel/provider/v2/events.proto
2026-01-28 21:43:43,028 - INFO:Fixed imports for events.proto
2026-01-28 21:43:43,029 - INFO:Fixing file at: /home/freqnik/git/MathNodes/cosmospy-protobuf/src/sentinel_protobuf/sentinel/provider/v2/msg.proto
2026-01-28 21:43:43,257 - INFO:Fixed imports for msg.proto
2026-01-28 21:43:43,257 - INFO:Fixing file at: /home/freqnik/git/MathNodes/cosmospy-protobuf/src/sentinel_protobuf/sentinel/provider/v2/querier.proto
2026-01-28 21:43:43,521 - INFO:Fixed imports for querier.proto
2026-01-28 21:43:43,521 - INFO:Fixing file at: /home/freqnik/git/MathNodes/cosmospy-protobuf/src/sentinel_protobuf/sentinel/provider/v2/params.proto
2026-01-28 21:43:43,778 - INFO:Fixed imports for params.proto
2026-01-28 21:43:43,779 - INFO:Fixing file at: /home/freqnik/git/MathNodes/cosmospy-protobuf/src/sentinel_protobuf/sentinel/provider/v1/provider.proto
2026-01-28 21:43:44,012 - INFO:Fixed imports for provider.proto
2026-01-28 21:43:44,013 - INFO:Fixing file at: /home/freqnik/git/MathNodes/cosmospy-protobuf/src/sentinel_protobuf/sentinel/provider/v1/genesis.proto
2026-01-28 21:43:44,254 - INFO:Fixed imports for genesis.proto
2026-01-28 21:43:44,254 - INFO:Fixing file at: /home/freqnik/git/MathNodes/cosmospy-protobuf/src/sentinel_protobuf/sentinel/provider/v1/events.proto
2026-01-28 21:43:44,489 - INFO:Fixed imports for events.proto
2026-01-28 21:43:44,489 - INFO:Fixing file at: /home/freqnik/git/MathNodes/cosmospy-protobuf/src/sentinel_protobuf/sentinel/provider/v1/msg.proto
2026-01-28 21:43:44,729 - INFO:Fixed imports for msg.proto
2026-01-28 21:43:44,729 - INFO:Fixing file at: /home/freqnik/git/MathNodes/cosmospy-protobuf/src/sentinel_protobuf/sentinel/provider/v1/querier.proto
2026-01-28 21:43:44,982 - INFO:Fixed imports for querier.proto
2026-01-28 21:43:44,982 - INFO:Fixing file at: /home/freqnik/git/MathNodes/cosmospy-protobuf/src/sentinel_protobuf/sentinel/provider/v1/params.proto
2026-01-28 21:43:45,216 - INFO:Fixed imports for params.proto
2026-01-28 21:43:45,216 - INFO:Fixing file at: /home/freqnik/git/MathNodes/cosmospy-protobuf/src/sentinel_protobuf/sentinel/provider/v3/genesis.proto
2026-01-28 21:43:45,456 - INFO:Fixed imports for genesis.proto
2026-01-28 21:43:45,456 - INFO:Fixing file at: /home/freqnik/git/MathNodes/cosmospy-protobuf/src/sentinel_protobuf/sentinel/provider/v3/events.proto
2026-01-28 21:43:45,683 - INFO:Fixed imports for events.proto
2026-01-28 21:43:45,683 - INFO:Fixing file at: /home/freqnik/git/MathNodes/cosmospy-protobuf/src/sentinel_protobuf/sentinel/provider/v3/msg.proto
2026-01-28 21:43:45,932 - INFO:Fixed imports for msg.proto
2026-01-28 21:43:45,932 - INFO:Fixing file at: /home/freqnik/git/MathNodes/cosmospy-protobuf/src/sentinel_protobuf/sentinel/provider/v3/querier.proto
2026-01-28 21:43:46,182 - INFO:Fixed imports for querier.proto
2026-01-28 21:43:46,182 - INFO:Fixing file at: /home/freqnik/git/MathNodes/cosmospy-protobuf/src/sentinel_protobuf/sentinel/provider/v3/params.proto
2026-01-28 21:43:46,421 - INFO:Fixed imports for params.proto
2026-01-28 21:43:46,421 - INFO:Fixing file at: /home/freqnik/git/MathNodes/cosmospy-protobuf/src/sentinel_protobuf/sentinel/mint/v1/genesis.proto
2026-01-28 21:43:46,654 - INFO:Fixed imports for genesis.proto
2026-01-28 21:43:46,654 - INFO:Fixing file at: /home/freqnik/git/MathNodes/cosmospy-protobuf/src/sentinel_protobuf/sentinel/mint/v1/inflation.proto
2026-01-28 21:43:46,894 - INFO:Fixed imports for inflation.proto
2026-01-28 21:43:46,894 - INFO:Fixing file at: /home/freqnik/git/MathNodes/cosmospy-protobuf/src/sentinel_protobuf/sentinel/subscription/v2/payout.proto
2026-01-28 21:43:47,138 - INFO:Fixed imports for payout.proto
2026-01-28 21:43:47,139 - INFO:Fixing file at: /home/freqnik/git/MathNodes/cosmospy-protobuf/src/sentinel_protobuf/sentinel/subscription/v2/allocation.proto
2026-01-28 21:43:47,367 - INFO:Fixed imports for allocation.proto
2026-01-28 21:43:47,367 - INFO:Fixing file at: /home/freqnik/git/MathNodes/cosmospy-protobuf/src/sentinel_protobuf/sentinel/subscription/v2/subscription.proto
2026-01-28 21:43:47,626 - INFO:Fixed imports for subscription.proto
2026-01-28 21:43:47,626 - INFO:Fixing file at: /home/freqnik/git/MathNodes/cosmospy-protobuf/src/sentinel_protobuf/sentinel/subscription/v2/genesis.proto
2026-01-28 21:43:47,864 - INFO:Fixed imports for genesis.proto
2026-01-28 21:43:47,864 - INFO:Fixing file at: /home/freqnik/git/MathNodes/cosmospy-protobuf/src/sentinel_protobuf/sentinel/subscription/v2/events.proto
2026-01-28 21:43:48,108 - INFO:Fixed imports for events.proto
2026-01-28 21:43:48,108 - INFO:Fixing file at: /home/freqnik/git/MathNodes/cosmospy-protobuf/src/sentinel_protobuf/sentinel/subscription/v2/msg.proto
2026-01-28 21:43:48,336 - INFO:Fixed imports for msg.proto
2026-01-28 21:43:48,337 - INFO:Fixing file at: /home/freqnik/git/MathNodes/cosmospy-protobuf/src/sentinel_protobuf/sentinel/subscription/v2/querier.proto
2026-01-28 21:43:48,626 - INFO:Fixed imports for querier.proto
2026-01-28 21:43:48,626 - INFO:Fixing file at: /home/freqnik/git/MathNodes/cosmospy-protobuf/src/sentinel_protobuf/sentinel/subscription/v2/params.proto
2026-01-28 21:43:48,858 - INFO:Fixed imports for params.proto
2026-01-28 21:43:48,858 - INFO:Fixing file at: /home/freqnik/git/MathNodes/cosmospy-protobuf/src/sentinel_protobuf/sentinel/subscription/v1/subscription.proto
2026-01-28 21:43:49,099 - INFO:Fixed imports for subscription.proto
2026-01-28 21:43:49,099 - INFO:Fixing file at: /home/freqnik/git/MathNodes/cosmospy-protobuf/src/sentinel_protobuf/sentinel/subscription/v1/genesis.proto
2026-01-28 21:43:49,355 - INFO:Fixed imports for genesis.proto
2026-01-28 21:43:49,355 - INFO:Fixing file at: /home/freqnik/git/MathNodes/cosmospy-protobuf/src/sentinel_protobuf/sentinel/subscription/v1/quota.proto
2026-01-28 21:43:49,594 - INFO:Fixed imports for quota.proto
2026-01-28 21:43:49,594 - INFO:Fixing file at: /home/freqnik/git/MathNodes/cosmospy-protobuf/src/sentinel_protobuf/sentinel/subscription/v1/events.proto
2026-01-28 21:43:49,807 - INFO:Fixed imports for events.proto
2026-01-28 21:43:49,807 - INFO:Fixing file at: /home/freqnik/git/MathNodes/cosmospy-protobuf/src/sentinel_protobuf/sentinel/subscription/v1/msg.proto
2026-01-28 21:43:50,045 - INFO:Fixed imports for msg.proto
2026-01-28 21:43:50,045 - INFO:Fixing file at: /home/freqnik/git/MathNodes/cosmospy-protobuf/src/sentinel_protobuf/sentinel/subscription/v1/querier.proto
2026-01-28 21:43:50,319 - INFO:Fixed imports for querier.proto
2026-01-28 21:43:50,319 - INFO:Fixing file at: /home/freqnik/git/MathNodes/cosmospy-protobuf/src/sentinel_protobuf/sentinel/subscription/v1/params.proto
2026-01-28 21:43:50,561 - INFO:Fixed imports for params.proto
2026-01-28 21:43:50,562 - INFO:Fixing file at: /home/freqnik/git/MathNodes/cosmospy-protobuf/src/sentinel_protobuf/sentinel/subscription/v3/subscription.proto
2026-01-28 21:43:50,804 - INFO:Fixed imports for subscription.proto
2026-01-28 21:43:50,805 - INFO:Fixing file at: /home/freqnik/git/MathNodes/cosmospy-protobuf/src/sentinel_protobuf/sentinel/subscription/v3/genesis.proto
2026-01-28 21:43:51,056 - INFO:Fixed imports for genesis.proto
2026-01-28 21:43:51,056 - INFO:Fixing file at: /home/freqnik/git/MathNodes/cosmospy-protobuf/src/sentinel_protobuf/sentinel/subscription/v3/events.proto
2026-01-28 21:43:51,285 - INFO:Fixed imports for events.proto
2026-01-28 21:43:51,286 - INFO:Fixing file at: /home/freqnik/git/MathNodes/cosmospy-protobuf/src/sentinel_protobuf/sentinel/subscription/v3/msg.proto
2026-01-28 21:43:51,541 - INFO:Fixed imports for msg.proto
2026-01-28 21:43:51,541 - INFO:Fixing file at: /home/freqnik/git/MathNodes/cosmospy-protobuf/src/sentinel_protobuf/sentinel/subscription/v3/session.proto
2026-01-28 21:43:51,767 - INFO:Fixed imports for session.proto
2026-01-28 21:43:51,767 - INFO:Fixing file at: /home/freqnik/git/MathNodes/cosmospy-protobuf/src/sentinel_protobuf/sentinel/subscription/v3/querier.proto
2026-01-28 21:43:52,028 - INFO:Fixed imports for querier.proto
2026-01-28 21:43:52,028 - INFO:Fixing file at: /home/freqnik/git/MathNodes/cosmospy-protobuf/src/sentinel_protobuf/sentinel/subscription/v3/params.proto
2026-01-28 21:43:52,256 - INFO:Fixed imports for params.proto
2026-01-28 21:43:52,256 - INFO:Fixing file at: /home/freqnik/git/MathNodes/cosmospy-protobuf/src/sentinel_protobuf/sentinel/lease/v1/genesis.proto
2026-01-28 21:43:52,495 - INFO:Fixed imports for genesis.proto
2026-01-28 21:43:52,496 - INFO:Fixing file at: /home/freqnik/git/MathNodes/cosmospy-protobuf/src/sentinel_protobuf/sentinel/lease/v1/lease.proto
2026-01-28 21:43:52,733 - INFO:Fixed imports for lease.proto
2026-01-28 21:43:52,733 - INFO:Fixing file at: /home/freqnik/git/MathNodes/cosmospy-protobuf/src/sentinel_protobuf/sentinel/lease/v1/events.proto
2026-01-28 21:43:52,963 - INFO:Fixed imports for events.proto
2026-01-28 21:43:52,963 - INFO:Fixing file at: /home/freqnik/git/MathNodes/cosmospy-protobuf/src/sentinel_protobuf/sentinel/lease/v1/msg.proto
2026-01-28 21:43:53,212 - INFO:Fixed imports for msg.proto
2026-01-28 21:43:53,213 - INFO:Fixing file at: /home/freqnik/git/MathNodes/cosmospy-protobuf/src/sentinel_protobuf/sentinel/lease/v1/querier.proto
2026-01-28 21:43:53,486 - INFO:Fixed imports for querier.proto
2026-01-28 21:43:53,487 - INFO:Fixing file at: /home/freqnik/git/MathNodes/cosmospy-protobuf/src/sentinel_protobuf/sentinel/lease/v1/params.proto
2026-01-28 21:43:53,694 - INFO:Fixed imports for params.proto
2026-01-28 21:43:53,695 - INFO:Fixing file at: /home/freqnik/git/MathNodes/cosmospy-protobuf/src/sentinel_protobuf/sentinel/plan/v2/genesis.proto
2026-01-28 21:43:53,945 - INFO:Fixed imports for genesis.proto
2026-01-28 21:43:53,945 - INFO:Fixing file at: /home/freqnik/git/MathNodes/cosmospy-protobuf/src/sentinel_protobuf/sentinel/plan/v2/plan.proto
2026-01-28 21:43:54,182 - INFO:Fixed imports for plan.proto
2026-01-28 21:43:54,182 - INFO:Fixing file at: /home/freqnik/git/MathNodes/cosmospy-protobuf/src/sentinel_protobuf/sentinel/plan/v2/events.proto
2026-01-28 21:43:54,409 - INFO:Fixed imports for events.proto
2026-01-28 21:43:54,409 - INFO:Fixing file at: /home/freqnik/git/MathNodes/cosmospy-protobuf/src/sentinel_protobuf/sentinel/plan/v2/msg.proto
2026-01-28 21:43:54,646 - INFO:Fixed imports for msg.proto
2026-01-28 21:43:54,647 - INFO:Fixing file at: /home/freqnik/git/MathNodes/cosmospy-protobuf/src/sentinel_protobuf/sentinel/plan/v2/querier.proto
2026-01-28 21:43:54,896 - INFO:Fixed imports for querier.proto
2026-01-28 21:43:54,897 - INFO:Fixing file at: /home/freqnik/git/MathNodes/cosmospy-protobuf/src/sentinel_protobuf/sentinel/plan/v1/genesis.proto
2026-01-28 21:43:55,134 - INFO:Fixed imports for genesis.proto
2026-01-28 21:43:55,134 - INFO:Fixing file at: /home/freqnik/git/MathNodes/cosmospy-protobuf/src/sentinel_protobuf/sentinel/plan/v1/plan.proto
2026-01-28 21:43:55,371 - INFO:Fixed imports for plan.proto
2026-01-28 21:43:55,372 - INFO:Fixing file at: /home/freqnik/git/MathNodes/cosmospy-protobuf/src/sentinel_protobuf/sentinel/plan/v1/events.proto
2026-01-28 21:43:55,611 - INFO:Fixed imports for events.proto
2026-01-28 21:43:55,611 - INFO:Fixing file at: /home/freqnik/git/MathNodes/cosmospy-protobuf/src/sentinel_protobuf/sentinel/plan/v1/msg.proto
2026-01-28 21:43:55,852 - INFO:Fixed imports for msg.proto
2026-01-28 21:43:55,852 - INFO:Fixing file at: /home/freqnik/git/MathNodes/cosmospy-protobuf/src/sentinel_protobuf/sentinel/plan/v1/querier.proto
2026-01-28 21:43:56,107 - INFO:Fixed imports for querier.proto
2026-01-28 21:43:56,107 - INFO:Fixing file at: /home/freqnik/git/MathNodes/cosmospy-protobuf/src/sentinel_protobuf/sentinel/plan/v1/params.proto
2026-01-28 21:43:56,323 - INFO:Fixed imports for params.proto
2026-01-28 21:43:56,323 - INFO:Fixing file at: /home/freqnik/git/MathNodes/cosmospy-protobuf/src/sentinel_protobuf/sentinel/plan/v3/genesis.proto
2026-01-28 21:43:56,556 - INFO:Fixed imports for genesis.proto
2026-01-28 21:43:56,556 - INFO:Fixing file at: /home/freqnik/git/MathNodes/cosmospy-protobuf/src/sentinel_protobuf/sentinel/plan/v3/plan.proto
2026-01-28 21:43:56,786 - INFO:Fixed imports for plan.proto
2026-01-28 21:43:56,787 - INFO:Fixing file at: /home/freqnik/git/MathNodes/cosmospy-protobuf/src/sentinel_protobuf/sentinel/plan/v3/events.proto
2026-01-28 21:43:57,018 - INFO:Fixed imports for events.proto
2026-01-28 21:43:57,018 - INFO:Fixing file at: /home/freqnik/git/MathNodes/cosmospy-protobuf/src/sentinel_protobuf/sentinel/plan/v3/msg.proto
2026-01-28 21:43:57,265 - INFO:Fixed imports for msg.proto
2026-01-28 21:43:57,266 - INFO:Fixing file at: /home/freqnik/git/MathNodes/cosmospy-protobuf/src/sentinel_protobuf/sentinel/plan/v3/querier.proto
2026-01-28 21:43:57,511 - INFO:Fixed imports for querier.proto
2026-01-28 21:43:57,512 - INFO:Fixing file at: /home/freqnik/git/MathNodes/cosmospy-protobuf/src/sentinel_protobuf/sentinel/node/v2/node.proto
2026-01-28 21:43:57,749 - INFO:Fixed imports for node.proto
2026-01-28 21:43:57,749 - INFO:Fixing file at: /home/freqnik/git/MathNodes/cosmospy-protobuf/src/sentinel_protobuf/sentinel/node/v2/genesis.proto
2026-01-28 21:43:57,997 - INFO:Fixed imports for genesis.proto
2026-01-28 21:43:57,997 - INFO:Fixing file at: /home/freqnik/git/MathNodes/cosmospy-protobuf/src/sentinel_protobuf/sentinel/node/v2/events.proto
2026-01-28 21:43:58,235 - INFO:Fixed imports for events.proto
2026-01-28 21:43:58,235 - INFO:Fixing file at: /home/freqnik/git/MathNodes/cosmospy-protobuf/src/sentinel_protobuf/sentinel/node/v2/msg.proto
2026-01-28 21:43:58,482 - INFO:Fixed imports for msg.proto
2026-01-28 21:43:58,483 - INFO:Fixing file at: /home/freqnik/git/MathNodes/cosmospy-protobuf/src/sentinel_protobuf/sentinel/node/v2/querier.proto
2026-01-28 21:43:58,761 - INFO:Fixed imports for querier.proto
2026-01-28 21:43:58,762 - INFO:Fixing file at: /home/freqnik/git/MathNodes/cosmospy-protobuf/src/sentinel_protobuf/sentinel/node/v2/params.proto
2026-01-28 21:43:59,010 - INFO:Fixed imports for params.proto
2026-01-28 21:43:59,011 - INFO:Fixing file at: /home/freqnik/git/MathNodes/cosmospy-protobuf/src/sentinel_protobuf/sentinel/node/v1/node.proto
2026-01-28 21:43:59,260 - INFO:Fixed imports for node.proto
2026-01-28 21:43:59,260 - INFO:Fixing file at: /home/freqnik/git/MathNodes/cosmospy-protobuf/src/sentinel_protobuf/sentinel/node/v1/genesis.proto
2026-01-28 21:43:59,508 - INFO:Fixed imports for genesis.proto
2026-01-28 21:43:59,508 - INFO:Fixing file at: /home/freqnik/git/MathNodes/cosmospy-protobuf/src/sentinel_protobuf/sentinel/node/v1/events.proto
2026-01-28 21:43:59,749 - INFO:Fixed imports for events.proto
2026-01-28 21:43:59,749 - INFO:Fixing file at: /home/freqnik/git/MathNodes/cosmospy-protobuf/src/sentinel_protobuf/sentinel/node/v1/msg.proto
2026-01-28 21:43:59,993 - INFO:Fixed imports for msg.proto
2026-01-28 21:43:59,993 - INFO:Fixing file at: /home/freqnik/git/MathNodes/cosmospy-protobuf/src/sentinel_protobuf/sentinel/node/v1/querier.proto
2026-01-28 21:44:00,262 - INFO:Fixed imports for querier.proto
2026-01-28 21:44:00,262 - INFO:Fixing file at: /home/freqnik/git/MathNodes/cosmospy-protobuf/src/sentinel_protobuf/sentinel/node/v1/params.proto
2026-01-28 21:44:00,505 - INFO:Fixed imports for params.proto
2026-01-28 21:44:00,505 - INFO:Fixing file at: /home/freqnik/git/MathNodes/cosmospy-protobuf/src/sentinel_protobuf/sentinel/node/v3/node.proto
2026-01-28 21:44:00,745 - INFO:Fixed imports for node.proto
2026-01-28 21:44:00,745 - INFO:Fixing file at: /home/freqnik/git/MathNodes/cosmospy-protobuf/src/sentinel_protobuf/sentinel/node/v3/genesis.proto
2026-01-28 21:44:01,014 - INFO:Fixed imports for genesis.proto
2026-01-28 21:44:01,015 - INFO:Fixing file at: /home/freqnik/git/MathNodes/cosmospy-protobuf/src/sentinel_protobuf/sentinel/node/v3/events.proto
2026-01-28 21:44:01,263 - INFO:Fixed imports for events.proto
2026-01-28 21:44:01,263 - INFO:Fixing file at: /home/freqnik/git/MathNodes/cosmospy-protobuf/src/sentinel_protobuf/sentinel/node/v3/msg.proto
2026-01-28 21:44:01,523 - INFO:Fixed imports for msg.proto
2026-01-28 21:44:01,523 - INFO:Fixing file at: /home/freqnik/git/MathNodes/cosmospy-protobuf/src/sentinel_protobuf/sentinel/node/v3/session.proto
2026-01-28 21:44:01,772 - INFO:Fixed imports for session.proto
2026-01-28 21:44:01,772 - INFO:Fixing file at: /home/freqnik/git/MathNodes/cosmospy-protobuf/src/sentinel_protobuf/sentinel/node/v3/querier.proto
2026-01-28 21:44:02,067 - INFO:Fixed imports for querier.proto
2026-01-28 21:44:02,067 - INFO:Fixing file at: /home/freqnik/git/MathNodes/cosmospy-protobuf/src/sentinel_protobuf/sentinel/node/v3/params.proto
2026-01-28 21:44:02,305 - INFO:Fixed imports for params.proto
2026-01-28 21:44:02,305 - INFO:Fixing file at: /home/freqnik/git/MathNodes/cosmospy-protobuf/src/sentinel_protobuf/sentinel/oracle/v1/genesis.proto
osmosis/poolmanager/v1beta1/query.proto: File not found.
osmosis/protorev/v1beta1/query.proto: File not found.
sentinel/oracle/v1/asset.proto:5:1: Import "osmosis/poolmanager/v1beta1/query.proto" was not found or had errors.
sentinel/oracle/v1/asset.proto:6:1: Import "osmosis/protorev/v1beta1/query.proto" was not found or had errors.
sentinel/oracle/v1/asset.proto:15:3: "osmosis.protorev.v1beta1.QueryGetProtoRevPoolRequest" is not defined.
sentinel/oracle/v1/asset.proto:16:3: "osmosis.poolmanager.v1beta1.SpotPriceRequest" is not defined.
sentinel/oracle/v1/genesis.proto:5:1: Import "sentinel/oracle/v1/asset.proto" was not found or had errors.
sentinel/oracle/v1/genesis.proto:13:12: "sentinel.oracle.v1.Asset" is not defined.
Traceback (most recent call last):
  File "/usr/lib/python3.10/runpy.py", line 196, in _run_module_as_main
    return _run_code(code, main_globals, None,
  File "/usr/lib/python3.10/runpy.py", line 86, in _run_code
    exec(code, run_globals)
  File "/home/freqnik/.local/lib/python3.10/site-packages/protoletariat/__main__.py", line 172, in <module>
    main()
  File "/usr/lib/python3/dist-packages/click/core.py", line 1157, in __call__
    return self.main(*args, **kwargs)
  File "/usr/lib/python3/dist-packages/click/core.py", line 1078, in main
    rv = self.invoke(ctx)
  File "/usr/lib/python3/dist-packages/click/core.py", line 1688, in invoke
    return _process_result(sub_ctx.command.invoke(sub_ctx))
  File "/usr/lib/python3/dist-packages/click/core.py", line 1434, in invoke
    return ctx.invoke(self.callback, **ctx.params)
  File "/usr/lib/python3/dist-packages/click/core.py", line 783, in invoke
    return __callback(*args, **kwargs)
  File "/usr/lib/python3/dist-packages/click/decorators.py", line 33, in new_func
    return f(get_current_context(), *args, **kwargs)
  File "/home/freqnik/.local/lib/python3.10/site-packages/protoletariat/__main__.py", line 141, in protoc
    Protoc(
  File "/home/freqnik/.local/lib/python3.10/site-packages/protoletariat/fdsetgen.py", line 71, in fix_imports
    fdset = FileDescriptorSet.FromString(self.generate_file_descriptor_set_bytes())
  File "/home/freqnik/.local/lib/python3.10/site-packages/protoletariat/fdsetgen.py", line 166, in generate_file_descriptor_set_bytes
    subprocess.run(args, check=True)  # noqa: S603
  File "/usr/lib/python3.10/subprocess.py", line 526, in run
    raise CalledProcessError(retcode, process.args,
subprocess.CalledProcessError: Command '['protoc', '--include_imports', '--descriptor_set_out=/tmp/tmpfbkv9fzz', '--proto_path=/home/freqnik/git/MathNodes/cosmospy-protobuf/src/sentinel_protobuf', '/home/freqnik/git/MathNodes/cosmospy-protobuf/src/sentinel_protobuf/sentinel/oracle/v1/genesis.proto']' returned non-zero exit status 1.
2026-01-28 21:44:02,466 - INFO:Fixed imports for genesis.proto
2026-01-28 21:44:02,466 - INFO:Fixing file at: /home/freqnik/git/MathNodes/cosmospy-protobuf/src/sentinel_protobuf/sentinel/oracle/v1/events.proto
2026-01-28 21:44:02,696 - INFO:Fixed imports for events.proto
2026-01-28 21:44:02,696 - INFO:Fixing file at: /home/freqnik/git/MathNodes/cosmospy-protobuf/src/sentinel_protobuf/sentinel/oracle/v1/msg.proto
osmosis/poolmanager/v1beta1/query.proto: File not found.
osmosis/protorev/v1beta1/query.proto: File not found.
sentinel/oracle/v1/msg.proto:5:1: Import "osmosis/poolmanager/v1beta1/query.proto" was not found or had errors.
sentinel/oracle/v1/msg.proto:6:1: Import "osmosis/protorev/v1beta1/query.proto" was not found or had errors.
sentinel/oracle/v1/msg.proto:17:3: "osmosis.protorev.v1beta1.QueryGetProtoRevPoolRequest" is not defined.
sentinel/oracle/v1/msg.proto:18:3: "osmosis.poolmanager.v1beta1.SpotPriceRequest" is not defined.
sentinel/oracle/v1/msg.proto:30:3: "osmosis.protorev.v1beta1.QueryGetProtoRevPoolRequest" is not defined.
sentinel/oracle/v1/msg.proto:31:3: "osmosis.poolmanager.v1beta1.SpotPriceRequest" is not defined.
Traceback (most recent call last):
  File "/usr/lib/python3.10/runpy.py", line 196, in _run_module_as_main
    return _run_code(code, main_globals, None,
  File "/usr/lib/python3.10/runpy.py", line 86, in _run_code
    exec(code, run_globals)
  File "/home/freqnik/.local/lib/python3.10/site-packages/protoletariat/__main__.py", line 172, in <module>
    main()
  File "/usr/lib/python3/dist-packages/click/core.py", line 1157, in __call__
    return self.main(*args, **kwargs)
  File "/usr/lib/python3/dist-packages/click/core.py", line 1078, in main
    rv = self.invoke(ctx)
  File "/usr/lib/python3/dist-packages/click/core.py", line 1688, in invoke
    return _process_result(sub_ctx.command.invoke(sub_ctx))
  File "/usr/lib/python3/dist-packages/click/core.py", line 1434, in invoke
    return ctx.invoke(self.callback, **ctx.params)
  File "/usr/lib/python3/dist-packages/click/core.py", line 783, in invoke
    return __callback(*args, **kwargs)
  File "/usr/lib/python3/dist-packages/click/decorators.py", line 33, in new_func
    return f(get_current_context(), *args, **kwargs)
  File "/home/freqnik/.local/lib/python3.10/site-packages/protoletariat/__main__.py", line 141, in protoc
    Protoc(
  File "/home/freqnik/.local/lib/python3.10/site-packages/protoletariat/fdsetgen.py", line 71, in fix_imports
    fdset = FileDescriptorSet.FromString(self.generate_file_descriptor_set_bytes())
  File "/home/freqnik/.local/lib/python3.10/site-packages/protoletariat/fdsetgen.py", line 166, in generate_file_descriptor_set_bytes
    subprocess.run(args, check=True)  # noqa: S603
  File "/usr/lib/python3.10/subprocess.py", line 526, in run
    raise CalledProcessError(retcode, process.args,
subprocess.CalledProcessError: Command '['protoc', '--include_imports', '--descriptor_set_out=/tmp/tmpd2ur8bp8', '--proto_path=/home/freqnik/git/MathNodes/cosmospy-protobuf/src/sentinel_protobuf', '/home/freqnik/git/MathNodes/cosmospy-protobuf/src/sentinel_protobuf/sentinel/oracle/v1/msg.proto']' returned non-zero exit status 1.
2026-01-28 21:44:02,852 - INFO:Fixed imports for msg.proto
2026-01-28 21:44:02,853 - INFO:Fixing file at: /home/freqnik/git/MathNodes/cosmospy-protobuf/src/sentinel_protobuf/sentinel/oracle/v1/querier.proto
osmosis/poolmanager/v1beta1/query.proto: File not found.
osmosis/protorev/v1beta1/query.proto: File not found.
sentinel/oracle/v1/asset.proto:5:1: Import "osmosis/poolmanager/v1beta1/query.proto" was not found or had errors.
sentinel/oracle/v1/asset.proto:6:1: Import "osmosis/protorev/v1beta1/query.proto" was not found or had errors.
sentinel/oracle/v1/asset.proto:15:3: "osmosis.protorev.v1beta1.QueryGetProtoRevPoolRequest" is not defined.
sentinel/oracle/v1/asset.proto:16:3: "osmosis.poolmanager.v1beta1.SpotPriceRequest" is not defined.
sentinel/oracle/v1/querier.proto:8:1: Import "sentinel/oracle/v1/asset.proto" was not found or had errors.
sentinel/oracle/v1/querier.proto:26:12: "sentinel.oracle.v1.Asset" is not defined.
sentinel/oracle/v1/querier.proto:31:3: "sentinel.oracle.v1.Asset" is not defined.
Traceback (most recent call last):
  File "/usr/lib/python3.10/runpy.py", line 196, in _run_module_as_main
    return _run_code(code, main_globals, None,
  File "/usr/lib/python3.10/runpy.py", line 86, in _run_code
    exec(code, run_globals)
  File "/home/freqnik/.local/lib/python3.10/site-packages/protoletariat/__main__.py", line 172, in <module>
    main()
  File "/usr/lib/python3/dist-packages/click/core.py", line 1157, in __call__
    return self.main(*args, **kwargs)
  File "/usr/lib/python3/dist-packages/click/core.py", line 1078, in main
    rv = self.invoke(ctx)
  File "/usr/lib/python3/dist-packages/click/core.py", line 1688, in invoke
    return _process_result(sub_ctx.command.invoke(sub_ctx))
  File "/usr/lib/python3/dist-packages/click/core.py", line 1434, in invoke
    return ctx.invoke(self.callback, **ctx.params)
  File "/usr/lib/python3/dist-packages/click/core.py", line 783, in invoke
    return __callback(*args, **kwargs)
  File "/usr/lib/python3/dist-packages/click/decorators.py", line 33, in new_func
    return f(get_current_context(), *args, **kwargs)
  File "/home/freqnik/.local/lib/python3.10/site-packages/protoletariat/__main__.py", line 141, in protoc
    Protoc(
  File "/home/freqnik/.local/lib/python3.10/site-packages/protoletariat/fdsetgen.py", line 71, in fix_imports
    fdset = FileDescriptorSet.FromString(self.generate_file_descriptor_set_bytes())
  File "/home/freqnik/.local/lib/python3.10/site-packages/protoletariat/fdsetgen.py", line 166, in generate_file_descriptor_set_bytes
    subprocess.run(args, check=True)  # noqa: S603
  File "/usr/lib/python3.10/subprocess.py", line 526, in run
    raise CalledProcessError(retcode, process.args,
subprocess.CalledProcessError: Command '['protoc', '--include_imports', '--descriptor_set_out=/tmp/tmpebo1lq_6', '--proto_path=/home/freqnik/git/MathNodes/cosmospy-protobuf/src/sentinel_protobuf', '/home/freqnik/git/MathNodes/cosmospy-protobuf/src/sentinel_protobuf/sentinel/oracle/v1/querier.proto']' returned non-zero exit status 1.
2026-01-28 21:44:03,004 - INFO:Fixed imports for querier.proto
2026-01-28 21:44:03,004 - INFO:Fixing file at: /home/freqnik/git/MathNodes/cosmospy-protobuf/src/sentinel_protobuf/sentinel/oracle/v1/params.proto
2026-01-28 21:44:03,249 - INFO:Fixed imports for params.proto
2026-01-28 21:44:03,249 - INFO:Fixing file at: /home/freqnik/git/MathNodes/cosmospy-protobuf/src/sentinel_protobuf/sentinel/oracle/v1/asset.proto
osmosis/poolmanager/v1beta1/query.proto: File not found.
osmosis/protorev/v1beta1/query.proto: File not found.
sentinel/oracle/v1/asset.proto:5:1: Import "osmosis/poolmanager/v1beta1/query.proto" was not found or had errors.
sentinel/oracle/v1/asset.proto:6:1: Import "osmosis/protorev/v1beta1/query.proto" was not found or had errors.
sentinel/oracle/v1/asset.proto:15:3: "osmosis.protorev.v1beta1.QueryGetProtoRevPoolRequest" is not defined.
sentinel/oracle/v1/asset.proto:16:3: "osmosis.poolmanager.v1beta1.SpotPriceRequest" is not defined.
Traceback (most recent call last):
  File "/usr/lib/python3.10/runpy.py", line 196, in _run_module_as_main
    return _run_code(code, main_globals, None,
  File "/usr/lib/python3.10/runpy.py", line 86, in _run_code
    exec(code, run_globals)
  File "/home/freqnik/.local/lib/python3.10/site-packages/protoletariat/__main__.py", line 172, in <module>
    main()
  File "/usr/lib/python3/dist-packages/click/core.py", line 1157, in __call__
    return self.main(*args, **kwargs)
  File "/usr/lib/python3/dist-packages/click/core.py", line 1078, in main
    rv = self.invoke(ctx)
  File "/usr/lib/python3/dist-packages/click/core.py", line 1688, in invoke
    return _process_result(sub_ctx.command.invoke(sub_ctx))
  File "/usr/lib/python3/dist-packages/click/core.py", line 1434, in invoke
    return ctx.invoke(self.callback, **ctx.params)
  File "/usr/lib/python3/dist-packages/click/core.py", line 783, in invoke
    return __callback(*args, **kwargs)
  File "/usr/lib/python3/dist-packages/click/decorators.py", line 33, in new_func
    return f(get_current_context(), *args, **kwargs)
  File "/home/freqnik/.local/lib/python3.10/site-packages/protoletariat/__main__.py", line 141, in protoc
    Protoc(
  File "/home/freqnik/.local/lib/python3.10/site-packages/protoletariat/fdsetgen.py", line 71, in fix_imports
    fdset = FileDescriptorSet.FromString(self.generate_file_descriptor_set_bytes())
  File "/home/freqnik/.local/lib/python3.10/site-packages/protoletariat/fdsetgen.py", line 166, in generate_file_descriptor_set_bytes
    subprocess.run(args, check=True)  # noqa: S603
  File "/usr/lib/python3.10/subprocess.py", line 526, in run
    raise CalledProcessError(retcode, process.args,
subprocess.CalledProcessError: Command '['protoc', '--include_imports', '--descriptor_set_out=/tmp/tmphk3cbczu', '--proto_path=/home/freqnik/git/MathNodes/cosmospy-protobuf/src/sentinel_protobuf', '/home/freqnik/git/MathNodes/cosmospy-protobuf/src/sentinel_protobuf/sentinel/oracle/v1/asset.proto']' returned non-zero exit status 1.
2026-01-28 21:44:03,404 - INFO:Fixed imports for asset.proto
2026-01-28 21:44:03,404 - INFO:Fixing file at: /home/freqnik/git/MathNodes/cosmospy-protobuf/src/sentinel_protobuf/sentinel/swap/v1/genesis.proto
2026-01-28 21:44:03,652 - INFO:Fixed imports for genesis.proto
2026-01-28 21:44:03,653 - INFO:Fixing file at: /home/freqnik/git/MathNodes/cosmospy-protobuf/src/sentinel_protobuf/sentinel/swap/v1/events.proto
2026-01-28 21:44:03,891 - INFO:Fixed imports for events.proto
2026-01-28 21:44:03,891 - INFO:Fixing file at: /home/freqnik/git/MathNodes/cosmospy-protobuf/src/sentinel_protobuf/sentinel/swap/v1/msg.proto
2026-01-28 21:44:04,130 - INFO:Fixed imports for msg.proto
2026-01-28 21:44:04,130 - INFO:Fixing file at: /home/freqnik/git/MathNodes/cosmospy-protobuf/src/sentinel_protobuf/sentinel/swap/v1/querier.proto
2026-01-28 21:44:04,362 - INFO:Fixed imports for querier.proto
2026-01-28 21:44:04,362 - INFO:Fixing file at: /home/freqnik/git/MathNodes/cosmospy-protobuf/src/sentinel_protobuf/sentinel/swap/v1/params.proto
2026-01-28 21:44:04,545 - INFO:Fixed imports for params.proto
2026-01-28 21:44:04,546 - INFO:Fixing file at: /home/freqnik/git/MathNodes/cosmospy-protobuf/src/sentinel_protobuf/sentinel/swap/v1/swap.proto
2026-01-28 21:44:04,784 - INFO:Fixed imports for swap.proto
2026-01-28 21:44:04,784 - INFO:Fixing file at: /home/freqnik/git/MathNodes/cosmospy-protobuf/src/sentinel_protobuf/sentinel/session/v2/proof.proto
2026-01-28 21:44:05,055 - INFO:Fixed imports for proof.proto
2026-01-28 21:44:05,055 - INFO:Fixing file at: /home/freqnik/git/MathNodes/cosmospy-protobuf/src/sentinel_protobuf/sentinel/session/v2/genesis.proto
2026-01-28 21:44:05,333 - INFO:Fixed imports for genesis.proto
2026-01-28 21:44:05,333 - INFO:Fixing file at: /home/freqnik/git/MathNodes/cosmospy-protobuf/src/sentinel_protobuf/sentinel/session/v2/events.proto
2026-01-28 21:44:05,589 - INFO:Fixed imports for events.proto
2026-01-28 21:44:05,589 - INFO:Fixing file at: /home/freqnik/git/MathNodes/cosmospy-protobuf/src/sentinel_protobuf/sentinel/session/v2/msg.proto
2026-01-28 21:44:05,849 - INFO:Fixed imports for msg.proto
2026-01-28 21:44:05,849 - INFO:Fixing file at: /home/freqnik/git/MathNodes/cosmospy-protobuf/src/sentinel_protobuf/sentinel/session/v2/session.proto
2026-01-28 21:44:06,107 - INFO:Fixed imports for session.proto
2026-01-28 21:44:06,107 - INFO:Fixing file at: /home/freqnik/git/MathNodes/cosmospy-protobuf/src/sentinel_protobuf/sentinel/session/v2/querier.proto
2026-01-28 21:44:06,387 - INFO:Fixed imports for querier.proto
2026-01-28 21:44:06,387 - INFO:Fixing file at: /home/freqnik/git/MathNodes/cosmospy-protobuf/src/sentinel_protobuf/sentinel/session/v2/params.proto
2026-01-28 21:44:06,632 - INFO:Fixed imports for params.proto
2026-01-28 21:44:06,633 - INFO:Fixing file at: /home/freqnik/git/MathNodes/cosmospy-protobuf/src/sentinel_protobuf/sentinel/session/v1/proof.proto
2026-01-28 21:44:06,913 - INFO:Fixed imports for proof.proto
2026-01-28 21:44:06,913 - INFO:Fixing file at: /home/freqnik/git/MathNodes/cosmospy-protobuf/src/sentinel_protobuf/sentinel/session/v1/genesis.proto
2026-01-28 21:44:07,164 - INFO:Fixed imports for genesis.proto
2026-01-28 21:44:07,164 - INFO:Fixing file at: /home/freqnik/git/MathNodes/cosmospy-protobuf/src/sentinel_protobuf/sentinel/session/v1/events.proto
2026-01-28 21:44:07,423 - INFO:Fixed imports for events.proto
2026-01-28 21:44:07,423 - INFO:Fixing file at: /home/freqnik/git/MathNodes/cosmospy-protobuf/src/sentinel_protobuf/sentinel/session/v1/msg.proto
2026-01-28 21:44:07,667 - INFO:Fixed imports for msg.proto
2026-01-28 21:44:07,667 - INFO:Fixing file at: /home/freqnik/git/MathNodes/cosmospy-protobuf/src/sentinel_protobuf/sentinel/session/v1/session.proto
2026-01-28 21:44:07,910 - INFO:Fixed imports for session.proto
2026-01-28 21:44:07,912 - INFO:Fixing file at: /home/freqnik/git/MathNodes/cosmospy-protobuf/src/sentinel_protobuf/sentinel/session/v1/querier.proto
2026-01-28 21:44:08,178 - INFO:Fixed imports for querier.proto
2026-01-28 21:44:08,178 - INFO:Fixing file at: /home/freqnik/git/MathNodes/cosmospy-protobuf/src/sentinel_protobuf/sentinel/session/v1/params.proto
2026-01-28 21:44:08,422 - INFO:Fixed imports for params.proto
2026-01-28 21:44:08,423 - INFO:Fixing file at: /home/freqnik/git/MathNodes/cosmospy-protobuf/src/sentinel_protobuf/sentinel/session/v3/proof.proto
2026-01-28 21:44:08,660 - INFO:Fixed imports for proof.proto
2026-01-28 21:44:08,660 - INFO:Fixing file at: /home/freqnik/git/MathNodes/cosmospy-protobuf/src/sentinel_protobuf/sentinel/session/v3/genesis.proto
2026-01-28 21:44:08,908 - INFO:Fixed imports for genesis.proto
2026-01-28 21:44:08,909 - INFO:Fixing file at: /home/freqnik/git/MathNodes/cosmospy-protobuf/src/sentinel_protobuf/sentinel/session/v3/events.proto
2026-01-28 21:44:09,161 - INFO:Fixed imports for events.proto
2026-01-28 21:44:09,161 - INFO:Fixing file at: /home/freqnik/git/MathNodes/cosmospy-protobuf/src/sentinel_protobuf/sentinel/session/v3/msg.proto
2026-01-28 21:44:09,401 - INFO:Fixed imports for msg.proto
2026-01-28 21:44:09,401 - INFO:Fixing file at: /home/freqnik/git/MathNodes/cosmospy-protobuf/src/sentinel_protobuf/sentinel/session/v3/session.proto
2026-01-28 21:44:09,635 - INFO:Fixed imports for session.proto
2026-01-28 21:44:09,635 - INFO:Fixing file at: /home/freqnik/git/MathNodes/cosmospy-protobuf/src/sentinel_protobuf/sentinel/session/v3/querier.proto
2026-01-28 21:44:09,891 - INFO:Fixed imports for querier.proto
2026-01-28 21:44:09,891 - INFO:Fixing file at: /home/freqnik/git/MathNodes/cosmospy-protobuf/src/sentinel_protobuf/sentinel/session/v3/params.proto
2026-01-28 21:44:10,124 - INFO:Fixed imports for params.proto
2026-01-28 21:44:10,124 - INFO:Fixing file at: /home/freqnik/git/MathNodes/cosmospy-protobuf/src/sentinel_protobuf/sentinel/deposit/v2/events.proto
2026-01-28 21:44:10,354 - INFO:Fixed imports for events.proto
2026-01-28 21:44:10,354 - INFO:Fixing file at: /home/freqnik/git/MathNodes/cosmospy-protobuf/src/sentinel_protobuf/sentinel/deposit/v1/deposit.proto
2026-01-28 21:44:10,593 - INFO:Fixed imports for deposit.proto
2026-01-28 21:44:10,593 - INFO:Fixing file at: /home/freqnik/git/MathNodes/cosmospy-protobuf/src/sentinel_protobuf/sentinel/deposit/v1/genesis.proto
2026-01-28 21:44:10,835 - INFO:Fixed imports for genesis.proto
2026-01-28 21:44:10,836 - INFO:Fixing file at: /home/freqnik/git/MathNodes/cosmospy-protobuf/src/sentinel_protobuf/sentinel/deposit/v1/events.proto
2026-01-28 21:44:11,070 - INFO:Fixed imports for events.proto
2026-01-28 21:44:11,071 - INFO:Fixing file at: /home/freqnik/git/MathNodes/cosmospy-protobuf/src/sentinel_protobuf/sentinel/deposit/v1/querier.proto
2026-01-28 21:44:11,332 - INFO:Fixed imports for querier.proto
2026-01-28 21:44:11,332 - INFO:Fixing file at: /home/freqnik/git/MathNodes/cosmospy-protobuf/src/sentinel_protobuf/cosmos_proto/cosmos.proto
2026-01-28 21:44:11,555 - INFO:Fixed imports for cosmos.proto
2026-01-28 21:44:11,555 - INFO:Fixing file at: /home/freqnik/git/MathNodes/cosmospy-protobuf/src/sentinel_protobuf/amino/amino.proto
2026-01-28 21:44:11,780 - INFO:Fixed imports for amino.proto
2026-01-28 21:44:11,780 - INFO:Fixing file at: /home/freqnik/git/MathNodes/cosmospy-protobuf/src/sentinel_protobuf/tendermint/types/types.proto
2026-01-28 21:44:12,050 - INFO:Fixed imports for types.proto
2026-01-28 21:44:12,051 - INFO:Fixing file at: /home/freqnik/git/MathNodes/cosmospy-protobuf/src/sentinel_protobuf/tendermint/types/events.proto
2026-01-28 21:44:12,271 - INFO:Fixed imports for events.proto
2026-01-28 21:44:12,271 - INFO:Fixing file at: /home/freqnik/git/MathNodes/cosmospy-protobuf/src/sentinel_protobuf/tendermint/types/validator.proto
2026-01-28 21:44:12,515 - INFO:Fixed imports for validator.proto
2026-01-28 21:44:12,515 - INFO:Fixing file at: /home/freqnik/git/MathNodes/cosmospy-protobuf/src/sentinel_protobuf/tendermint/types/block.proto
2026-01-28 21:44:12,779 - INFO:Fixed imports for block.proto
2026-01-28 21:44:12,779 - INFO:Fixing file at: /home/freqnik/git/MathNodes/cosmospy-protobuf/src/sentinel_protobuf/tendermint/types/params.proto
2026-01-28 21:44:13,010 - INFO:Fixed imports for params.proto
2026-01-28 21:44:13,010 - INFO:Fixing file at: /home/freqnik/git/MathNodes/cosmospy-protobuf/src/sentinel_protobuf/tendermint/types/evidence.proto
2026-01-28 21:44:13,284 - INFO:Fixed imports for evidence.proto
2026-01-28 21:44:13,284 - INFO:Fixing file at: /home/freqnik/git/MathNodes/cosmospy-protobuf/src/sentinel_protobuf/tendermint/types/canonical.proto
2026-01-28 21:44:13,558 - INFO:Fixed imports for canonical.proto
2026-01-28 21:44:13,558 - INFO:Fixing file at: /home/freqnik/git/MathNodes/cosmospy-protobuf/src/sentinel_protobuf/tendermint/rpc/grpc/types.proto
2026-01-28 21:44:13,849 - INFO:Fixed imports for types.proto
2026-01-28 21:44:13,849 - INFO:Fixing file at: /home/freqnik/git/MathNodes/cosmospy-protobuf/src/sentinel_protobuf/tendermint/store/types.proto
2026-01-28 21:44:14,061 - INFO:Fixed imports for types.proto
2026-01-28 21:44:14,061 - INFO:Fixing file at: /home/freqnik/git/MathNodes/cosmospy-protobuf/src/sentinel_protobuf/tendermint/libs/bits/types.proto
2026-01-28 21:44:14,282 - INFO:Fixed imports for types.proto
2026-01-28 21:44:14,282 - INFO:Fixing file at: /home/freqnik/git/MathNodes/cosmospy-protobuf/src/sentinel_protobuf/tendermint/abci/types.proto
2026-01-28 21:44:14,582 - INFO:Fixed imports for types.proto
2026-01-28 21:44:14,582 - INFO:Fixing file at: /home/freqnik/git/MathNodes/cosmospy-protobuf/src/sentinel_protobuf/tendermint/version/types.proto
2026-01-28 21:44:14,814 - INFO:Fixed imports for types.proto
2026-01-28 21:44:14,814 - INFO:Fixing file at: /home/freqnik/git/MathNodes/cosmospy-protobuf/src/sentinel_protobuf/tendermint/statesync/types.proto
2026-01-28 21:44:15,037 - INFO:Fixed imports for types.proto
2026-01-28 21:44:15,037 - INFO:Fixing file at: /home/freqnik/git/MathNodes/cosmospy-protobuf/src/sentinel_protobuf/tendermint/blocksync/types.proto
2026-01-28 21:44:15,303 - INFO:Fixed imports for types.proto
2026-01-28 21:44:15,303 - INFO:Fixing file at: /home/freqnik/git/MathNodes/cosmospy-protobuf/src/sentinel_protobuf/tendermint/p2p/pex.proto
2026-01-28 21:44:15,553 - INFO:Fixed imports for pex.proto
2026-01-28 21:44:15,554 - INFO:Fixing file at: /home/freqnik/git/MathNodes/cosmospy-protobuf/src/sentinel_protobuf/tendermint/p2p/types.proto
2026-01-28 21:44:15,796 - INFO:Fixed imports for types.proto
2026-01-28 21:44:15,796 - INFO:Fixing file at: /home/freqnik/git/MathNodes/cosmospy-protobuf/src/sentinel_protobuf/tendermint/p2p/conn.proto
2026-01-28 21:44:16,031 - INFO:Fixed imports for conn.proto
2026-01-28 21:44:16,031 - INFO:Fixing file at: /home/freqnik/git/MathNodes/cosmospy-protobuf/src/sentinel_protobuf/tendermint/crypto/proof.proto
2026-01-28 21:44:16,276 - INFO:Fixed imports for proof.proto
2026-01-28 21:44:16,276 - INFO:Fixing file at: /home/freqnik/git/MathNodes/cosmospy-protobuf/src/sentinel_protobuf/tendermint/crypto/keys.proto
2026-01-28 21:44:16,509 - INFO:Fixed imports for keys.proto
2026-01-28 21:44:16,509 - INFO:Fixing file at: /home/freqnik/git/MathNodes/cosmospy-protobuf/src/sentinel_protobuf/tendermint/state/types.proto
2026-01-28 21:44:16,823 - INFO:Fixed imports for types.proto
2026-01-28 21:44:16,823 - INFO:Fixing file at: /home/freqnik/git/MathNodes/cosmospy-protobuf/src/sentinel_protobuf/tendermint/mempool/types.proto
2026-01-28 21:44:17,048 - INFO:Fixed imports for types.proto
2026-01-28 21:44:17,048 - INFO:Fixing file at: /home/freqnik/git/MathNodes/cosmospy-protobuf/src/sentinel_protobuf/tendermint/privval/types.proto
2026-01-28 21:44:17,316 - INFO:Fixed imports for types.proto
2026-01-28 21:44:17,316 - INFO:Fixing file at: /home/freqnik/git/MathNodes/cosmospy-protobuf/src/sentinel_protobuf/tendermint/consensus/types.proto
2026-01-28 21:44:17,601 - INFO:Fixed imports for types.proto
2026-01-28 21:44:17,601 - INFO:Fixing file at: /home/freqnik/git/MathNodes/cosmospy-protobuf/src/sentinel_protobuf/tendermint/consensus/wal.proto
2026-01-28 21:44:17,890 - INFO:Fixed imports for wal.proto
2026-01-28 21:44:17,891 - INFO:Fixing file at: /home/freqnik/git/MathNodes/cosmospy-protobuf/src/sentinel_protobuf/gogoproto/gogo.proto
2026-01-28 21:44:18,122 - INFO:Fixed imports for gogo.proto
2026-01-28 21:44:18,123 - INFO:Fixing file at: /home/freqnik/git/MathNodes/cosmospy-protobuf/src/sentinel_protobuf/ibc/core/types/v1/genesis.proto
cosmos/ics23/v1/proofs.proto: File not found.
ibc/core/commitment/v1/commitment.proto:8:1: Import "cosmos/ics23/v1/proofs.proto" was not found or had errors.
ibc/core/commitment/v1/commitment.proto:40:12: "cosmos.ics23.v1.CommitmentProof" is not defined.
ibc/core/connection/v1/connection.proto:8:1: Import "ibc/core/commitment/v1/commitment.proto" was not found or had errors.
ibc/core/connection/v1/connection.proto:80:3: "ibc.core.commitment.v1.MerklePrefix" is not defined.
ibc/core/connection/v1/genesis.proto:8:1: Import "ibc/core/connection/v1/connection.proto" was not found or had errors.
ibc/core/connection/v1/genesis.proto:12:12: "IdentifiedConnection" is not defined.
ibc/core/connection/v1/genesis.proto:13:12: "ConnectionPaths" is not defined.
ibc/core/connection/v1/genesis.proto:17:3: "Params" is not defined.
ibc/core/types/v1/genesis.proto:9:1: Import "ibc/core/connection/v1/genesis.proto" was not found or had errors.
ibc/core/types/v1/genesis.proto:18:3: "ibc.core.connection.v1.GenesisState" is not defined.
Traceback (most recent call last):
  File "/usr/lib/python3.10/runpy.py", line 196, in _run_module_as_main
    return _run_code(code, main_globals, None,
  File "/usr/lib/python3.10/runpy.py", line 86, in _run_code
    exec(code, run_globals)
  File "/home/freqnik/.local/lib/python3.10/site-packages/protoletariat/__main__.py", line 172, in <module>
    main()
  File "/usr/lib/python3/dist-packages/click/core.py", line 1157, in __call__
    return self.main(*args, **kwargs)
  File "/usr/lib/python3/dist-packages/click/core.py", line 1078, in main
    rv = self.invoke(ctx)
  File "/usr/lib/python3/dist-packages/click/core.py", line 1688, in invoke
    return _process_result(sub_ctx.command.invoke(sub_ctx))
  File "/usr/lib/python3/dist-packages/click/core.py", line 1434, in invoke
    return ctx.invoke(self.callback, **ctx.params)
  File "/usr/lib/python3/dist-packages/click/core.py", line 783, in invoke
    return __callback(*args, **kwargs)
  File "/usr/lib/python3/dist-packages/click/decorators.py", line 33, in new_func
    return f(get_current_context(), *args, **kwargs)
  File "/home/freqnik/.local/lib/python3.10/site-packages/protoletariat/__main__.py", line 141, in protoc
    Protoc(
  File "/home/freqnik/.local/lib/python3.10/site-packages/protoletariat/fdsetgen.py", line 71, in fix_imports
    fdset = FileDescriptorSet.FromString(self.generate_file_descriptor_set_bytes())
  File "/home/freqnik/.local/lib/python3.10/site-packages/protoletariat/fdsetgen.py", line 166, in generate_file_descriptor_set_bytes
    subprocess.run(args, check=True)  # noqa: S603
  File "/usr/lib/python3.10/subprocess.py", line 526, in run
    raise CalledProcessError(retcode, process.args,
subprocess.CalledProcessError: Command '['protoc', '--include_imports', '--descriptor_set_out=/tmp/tmp1a_0w_wr', '--proto_path=/home/freqnik/git/MathNodes/cosmospy-protobuf/src/sentinel_protobuf', '/home/freqnik/git/MathNodes/cosmospy-protobuf/src/sentinel_protobuf/ibc/core/types/v1/genesis.proto']' returned non-zero exit status 1.
2026-01-28 21:44:18,273 - INFO:Fixed imports for genesis.proto
2026-01-28 21:44:18,273 - INFO:Fixing file at: /home/freqnik/git/MathNodes/cosmospy-protobuf/src/sentinel_protobuf/ibc/core/commitment/v1/commitment.proto
cosmos/ics23/v1/proofs.proto: File not found.
ibc/core/commitment/v1/commitment.proto:8:1: Import "cosmos/ics23/v1/proofs.proto" was not found or had errors.
ibc/core/commitment/v1/commitment.proto:40:12: "cosmos.ics23.v1.CommitmentProof" is not defined.
Traceback (most recent call last):
  File "/usr/lib/python3.10/runpy.py", line 196, in _run_module_as_main
    return _run_code(code, main_globals, None,
  File "/usr/lib/python3.10/runpy.py", line 86, in _run_code
    exec(code, run_globals)
  File "/home/freqnik/.local/lib/python3.10/site-packages/protoletariat/__main__.py", line 172, in <module>
    main()
  File "/usr/lib/python3/dist-packages/click/core.py", line 1157, in __call__
    return self.main(*args, **kwargs)
  File "/usr/lib/python3/dist-packages/click/core.py", line 1078, in main
    rv = self.invoke(ctx)
  File "/usr/lib/python3/dist-packages/click/core.py", line 1688, in invoke
    return _process_result(sub_ctx.command.invoke(sub_ctx))
  File "/usr/lib/python3/dist-packages/click/core.py", line 1434, in invoke
    return ctx.invoke(self.callback, **ctx.params)
  File "/usr/lib/python3/dist-packages/click/core.py", line 783, in invoke
    return __callback(*args, **kwargs)
  File "/usr/lib/python3/dist-packages/click/decorators.py", line 33, in new_func
    return f(get_current_context(), *args, **kwargs)
  File "/home/freqnik/.local/lib/python3.10/site-packages/protoletariat/__main__.py", line 141, in protoc
    Protoc(
  File "/home/freqnik/.local/lib/python3.10/site-packages/protoletariat/fdsetgen.py", line 71, in fix_imports
    fdset = FileDescriptorSet.FromString(self.generate_file_descriptor_set_bytes())
  File "/home/freqnik/.local/lib/python3.10/site-packages/protoletariat/fdsetgen.py", line 166, in generate_file_descriptor_set_bytes
    subprocess.run(args, check=True)  # noqa: S603
  File "/usr/lib/python3.10/subprocess.py", line 526, in run
    raise CalledProcessError(retcode, process.args,
subprocess.CalledProcessError: Command '['protoc', '--include_imports', '--descriptor_set_out=/tmp/tmp1qc2dfh3', '--proto_path=/home/freqnik/git/MathNodes/cosmospy-protobuf/src/sentinel_protobuf', '/home/freqnik/git/MathNodes/cosmospy-protobuf/src/sentinel_protobuf/ibc/core/commitment/v1/commitment.proto']' returned non-zero exit status 1.
2026-01-28 21:44:18,421 - INFO:Fixed imports for commitment.proto
2026-01-28 21:44:18,421 - INFO:Fixing file at: /home/freqnik/git/MathNodes/cosmospy-protobuf/src/sentinel_protobuf/ibc/core/connection/v1/query.proto
cosmos/ics23/v1/proofs.proto: File not found.
ibc/core/commitment/v1/commitment.proto:8:1: Import "cosmos/ics23/v1/proofs.proto" was not found or had errors.
ibc/core/commitment/v1/commitment.proto:40:12: "cosmos.ics23.v1.CommitmentProof" is not defined.
ibc/core/connection/v1/connection.proto:8:1: Import "ibc/core/commitment/v1/commitment.proto" was not found or had errors.
ibc/core/connection/v1/connection.proto:80:3: "ibc.core.commitment.v1.MerklePrefix" is not defined.
ibc/core/connection/v1/query.proto:10:1: Import "ibc/core/connection/v1/connection.proto" was not found or had errors.
ibc/core/connection/v1/query.proto:63:3: "ibc.core.connection.v1.ConnectionEnd" is not defined.
ibc/core/connection/v1/query.proto:80:12: "ibc.core.connection.v1.IdentifiedConnection" is not defined.
ibc/core/connection/v1/query.proto:151:3: "Params" is not defined.
Traceback (most recent call last):
  File "/usr/lib/python3.10/runpy.py", line 196, in _run_module_as_main
    return _run_code(code, main_globals, None,
  File "/usr/lib/python3.10/runpy.py", line 86, in _run_code
    exec(code, run_globals)
  File "/home/freqnik/.local/lib/python3.10/site-packages/protoletariat/__main__.py", line 172, in <module>
    main()
  File "/usr/lib/python3/dist-packages/click/core.py", line 1157, in __call__
    return self.main(*args, **kwargs)
  File "/usr/lib/python3/dist-packages/click/core.py", line 1078, in main
    rv = self.invoke(ctx)
  File "/usr/lib/python3/dist-packages/click/core.py", line 1688, in invoke
    return _process_result(sub_ctx.command.invoke(sub_ctx))
  File "/usr/lib/python3/dist-packages/click/core.py", line 1434, in invoke
    return ctx.invoke(self.callback, **ctx.params)
  File "/usr/lib/python3/dist-packages/click/core.py", line 783, in invoke
    return __callback(*args, **kwargs)
  File "/usr/lib/python3/dist-packages/click/decorators.py", line 33, in new_func
    return f(get_current_context(), *args, **kwargs)
  File "/home/freqnik/.local/lib/python3.10/site-packages/protoletariat/__main__.py", line 141, in protoc
    Protoc(
  File "/home/freqnik/.local/lib/python3.10/site-packages/protoletariat/fdsetgen.py", line 71, in fix_imports
    fdset = FileDescriptorSet.FromString(self.generate_file_descriptor_set_bytes())
  File "/home/freqnik/.local/lib/python3.10/site-packages/protoletariat/fdsetgen.py", line 166, in generate_file_descriptor_set_bytes
    subprocess.run(args, check=True)  # noqa: S603
  File "/usr/lib/python3.10/subprocess.py", line 526, in run
    raise CalledProcessError(retcode, process.args,
subprocess.CalledProcessError: Command '['protoc', '--include_imports', '--descriptor_set_out=/tmp/tmp61auyvj9', '--proto_path=/home/freqnik/git/MathNodes/cosmospy-protobuf/src/sentinel_protobuf', '/home/freqnik/git/MathNodes/cosmospy-protobuf/src/sentinel_protobuf/ibc/core/connection/v1/query.proto']' returned non-zero exit status 1.
2026-01-28 21:44:18,572 - INFO:Fixed imports for query.proto
2026-01-28 21:44:18,572 - INFO:Fixing file at: /home/freqnik/git/MathNodes/cosmospy-protobuf/src/sentinel_protobuf/ibc/core/connection/v1/genesis.proto
cosmos/ics23/v1/proofs.proto: File not found.
ibc/core/commitment/v1/commitment.proto:8:1: Import "cosmos/ics23/v1/proofs.proto" was not found or had errors.
ibc/core/commitment/v1/commitment.proto:40:12: "cosmos.ics23.v1.CommitmentProof" is not defined.
ibc/core/connection/v1/connection.proto:8:1: Import "ibc/core/commitment/v1/commitment.proto" was not found or had errors.
ibc/core/connection/v1/connection.proto:80:3: "ibc.core.commitment.v1.MerklePrefix" is not defined.
ibc/core/connection/v1/genesis.proto:8:1: Import "ibc/core/connection/v1/connection.proto" was not found or had errors.
ibc/core/connection/v1/genesis.proto:12:12: "IdentifiedConnection" is not defined.
ibc/core/connection/v1/genesis.proto:13:12: "ConnectionPaths" is not defined.
ibc/core/connection/v1/genesis.proto:17:3: "Params" is not defined.
Traceback (most recent call last):
  File "/usr/lib/python3.10/runpy.py", line 196, in _run_module_as_main
    return _run_code(code, main_globals, None,
  File "/usr/lib/python3.10/runpy.py", line 86, in _run_code
    exec(code, run_globals)
  File "/home/freqnik/.local/lib/python3.10/site-packages/protoletariat/__main__.py", line 172, in <module>
    main()
  File "/usr/lib/python3/dist-packages/click/core.py", line 1157, in __call__
    return self.main(*args, **kwargs)
  File "/usr/lib/python3/dist-packages/click/core.py", line 1078, in main
    rv = self.invoke(ctx)
  File "/usr/lib/python3/dist-packages/click/core.py", line 1688, in invoke
    return _process_result(sub_ctx.command.invoke(sub_ctx))
  File "/usr/lib/python3/dist-packages/click/core.py", line 1434, in invoke
    return ctx.invoke(self.callback, **ctx.params)
  File "/usr/lib/python3/dist-packages/click/core.py", line 783, in invoke
    return __callback(*args, **kwargs)
  File "/usr/lib/python3/dist-packages/click/decorators.py", line 33, in new_func
    return f(get_current_context(), *args, **kwargs)
  File "/home/freqnik/.local/lib/python3.10/site-packages/protoletariat/__main__.py", line 141, in protoc
    Protoc(
  File "/home/freqnik/.local/lib/python3.10/site-packages/protoletariat/fdsetgen.py", line 71, in fix_imports
    fdset = FileDescriptorSet.FromString(self.generate_file_descriptor_set_bytes())
  File "/home/freqnik/.local/lib/python3.10/site-packages/protoletariat/fdsetgen.py", line 166, in generate_file_descriptor_set_bytes
    subprocess.run(args, check=True)  # noqa: S603
  File "/usr/lib/python3.10/subprocess.py", line 526, in run
    raise CalledProcessError(retcode, process.args,
subprocess.CalledProcessError: Command '['protoc', '--include_imports', '--descriptor_set_out=/tmp/tmpesm2wgb7', '--proto_path=/home/freqnik/git/MathNodes/cosmospy-protobuf/src/sentinel_protobuf', '/home/freqnik/git/MathNodes/cosmospy-protobuf/src/sentinel_protobuf/ibc/core/connection/v1/genesis.proto']' returned non-zero exit status 1.
2026-01-28 21:44:18,727 - INFO:Fixed imports for genesis.proto
2026-01-28 21:44:18,727 - INFO:Fixing file at: /home/freqnik/git/MathNodes/cosmospy-protobuf/src/sentinel_protobuf/ibc/core/connection/v1/tx.proto
cosmos/ics23/v1/proofs.proto: File not found.
ibc/core/commitment/v1/commitment.proto:8:1: Import "cosmos/ics23/v1/proofs.proto" was not found or had errors.
ibc/core/commitment/v1/commitment.proto:40:12: "cosmos.ics23.v1.CommitmentProof" is not defined.
ibc/core/connection/v1/connection.proto:8:1: Import "ibc/core/commitment/v1/commitment.proto" was not found or had errors.
ibc/core/connection/v1/connection.proto:80:3: "ibc.core.commitment.v1.MerklePrefix" is not defined.
ibc/core/connection/v1/tx.proto:10:1: Import "ibc/core/connection/v1/connection.proto" was not found or had errors.
ibc/core/connection/v1/tx.proto:35:3: "Counterparty" is not defined.
ibc/core/connection/v1/tx.proto:36:3: "Version" is not defined.
ibc/core/connection/v1/tx.proto:55:3: "Counterparty" is not defined.
ibc/core/connection/v1/tx.proto:57:12: "Version" is not defined.
ibc/core/connection/v1/tx.proto:85:3: "Version" is not defined.
Traceback (most recent call last):
  File "/usr/lib/python3.10/runpy.py", line 196, in _run_module_as_main
    return _run_code(code, main_globals, None,
  File "/usr/lib/python3.10/runpy.py", line 86, in _run_code
    exec(code, run_globals)
  File "/home/freqnik/.local/lib/python3.10/site-packages/protoletariat/__main__.py", line 172, in <module>
    main()
  File "/usr/lib/python3/dist-packages/click/core.py", line 1157, in __call__
    return self.main(*args, **kwargs)
  File "/usr/lib/python3/dist-packages/click/core.py", line 1078, in main
    rv = self.invoke(ctx)
  File "/usr/lib/python3/dist-packages/click/core.py", line 1688, in invoke
    return _process_result(sub_ctx.command.invoke(sub_ctx))
  File "/usr/lib/python3/dist-packages/click/core.py", line 1434, in invoke
    return ctx.invoke(self.callback, **ctx.params)
  File "/usr/lib/python3/dist-packages/click/core.py", line 783, in invoke
    return __callback(*args, **kwargs)
  File "/usr/lib/python3/dist-packages/click/decorators.py", line 33, in new_func
    return f(get_current_context(), *args, **kwargs)
  File "/home/freqnik/.local/lib/python3.10/site-packages/protoletariat/__main__.py", line 141, in protoc
    Protoc(
  File "/home/freqnik/.local/lib/python3.10/site-packages/protoletariat/fdsetgen.py", line 71, in fix_imports
    fdset = FileDescriptorSet.FromString(self.generate_file_descriptor_set_bytes())
  File "/home/freqnik/.local/lib/python3.10/site-packages/protoletariat/fdsetgen.py", line 166, in generate_file_descriptor_set_bytes
    subprocess.run(args, check=True)  # noqa: S603
  File "/usr/lib/python3.10/subprocess.py", line 526, in run
    raise CalledProcessError(retcode, process.args,
subprocess.CalledProcessError: Command '['protoc', '--include_imports', '--descriptor_set_out=/tmp/tmpapx58bkp', '--proto_path=/home/freqnik/git/MathNodes/cosmospy-protobuf/src/sentinel_protobuf', '/home/freqnik/git/MathNodes/cosmospy-protobuf/src/sentinel_protobuf/ibc/core/connection/v1/tx.proto']' returned non-zero exit status 1.
2026-01-28 21:44:18,884 - INFO:Fixed imports for tx.proto
2026-01-28 21:44:18,885 - INFO:Fixing file at: /home/freqnik/git/MathNodes/cosmospy-protobuf/src/sentinel_protobuf/ibc/core/connection/v1/connection.proto
cosmos/ics23/v1/proofs.proto: File not found.
ibc/core/commitment/v1/commitment.proto:8:1: Import "cosmos/ics23/v1/proofs.proto" was not found or had errors.
ibc/core/commitment/v1/commitment.proto:40:12: "cosmos.ics23.v1.CommitmentProof" is not defined.
ibc/core/connection/v1/connection.proto:8:1: Import "ibc/core/commitment/v1/commitment.proto" was not found or had errors.
ibc/core/connection/v1/connection.proto:80:3: "ibc.core.commitment.v1.MerklePrefix" is not defined.
Traceback (most recent call last):
  File "/usr/lib/python3.10/runpy.py", line 196, in _run_module_as_main
    return _run_code(code, main_globals, None,
  File "/usr/lib/python3.10/runpy.py", line 86, in _run_code
    exec(code, run_globals)
  File "/home/freqnik/.local/lib/python3.10/site-packages/protoletariat/__main__.py", line 172, in <module>
    main()
  File "/usr/lib/python3/dist-packages/click/core.py", line 1157, in __call__
    return self.main(*args, **kwargs)
  File "/usr/lib/python3/dist-packages/click/core.py", line 1078, in main
    rv = self.invoke(ctx)
  File "/usr/lib/python3/dist-packages/click/core.py", line 1688, in invoke
    return _process_result(sub_ctx.command.invoke(sub_ctx))
  File "/usr/lib/python3/dist-packages/click/core.py", line 1434, in invoke
    return ctx.invoke(self.callback, **ctx.params)
  File "/usr/lib/python3/dist-packages/click/core.py", line 783, in invoke
    return __callback(*args, **kwargs)
  File "/usr/lib/python3/dist-packages/click/decorators.py", line 33, in new_func
    return f(get_current_context(), *args, **kwargs)
  File "/home/freqnik/.local/lib/python3.10/site-packages/protoletariat/__main__.py", line 141, in protoc
    Protoc(
  File "/home/freqnik/.local/lib/python3.10/site-packages/protoletariat/fdsetgen.py", line 71, in fix_imports
    fdset = FileDescriptorSet.FromString(self.generate_file_descriptor_set_bytes())
  File "/home/freqnik/.local/lib/python3.10/site-packages/protoletariat/fdsetgen.py", line 166, in generate_file_descriptor_set_bytes
    subprocess.run(args, check=True)  # noqa: S603
  File "/usr/lib/python3.10/subprocess.py", line 526, in run
    raise CalledProcessError(retcode, process.args,
subprocess.CalledProcessError: Command '['protoc', '--include_imports', '--descriptor_set_out=/tmp/tmpjr_i7mwo', '--proto_path=/home/freqnik/git/MathNodes/cosmospy-protobuf/src/sentinel_protobuf', '/home/freqnik/git/MathNodes/cosmospy-protobuf/src/sentinel_protobuf/ibc/core/connection/v1/connection.proto']' returned non-zero exit status 1.
2026-01-28 21:44:19,039 - INFO:Fixed imports for connection.proto
2026-01-28 21:44:19,039 - INFO:Fixing file at: /home/freqnik/git/MathNodes/cosmospy-protobuf/src/sentinel_protobuf/ibc/core/channel/v1/query.proto
2026-01-28 21:44:19,333 - INFO:Fixed imports for query.proto
2026-01-28 21:44:19,333 - INFO:Fixing file at: /home/freqnik/git/MathNodes/cosmospy-protobuf/src/sentinel_protobuf/ibc/core/channel/v1/channel.proto
2026-01-28 21:44:19,584 - INFO:Fixed imports for channel.proto
2026-01-28 21:44:19,584 - INFO:Fixing file at: /home/freqnik/git/MathNodes/cosmospy-protobuf/src/sentinel_protobuf/ibc/core/channel/v1/genesis.proto
2026-01-28 21:44:19,845 - INFO:Fixed imports for genesis.proto
2026-01-28 21:44:19,846 - INFO:Fixing file at: /home/freqnik/git/MathNodes/cosmospy-protobuf/src/sentinel_protobuf/ibc/core/channel/v1/tx.proto
2026-01-28 21:44:20,121 - INFO:Fixed imports for tx.proto
2026-01-28 21:44:20,121 - INFO:Fixing file at: /home/freqnik/git/MathNodes/cosmospy-protobuf/src/sentinel_protobuf/ibc/core/client/v1/query.proto
2026-01-28 21:44:20,398 - INFO:Fixed imports for query.proto
2026-01-28 21:44:20,399 - INFO:Fixing file at: /home/freqnik/git/MathNodes/cosmospy-protobuf/src/sentinel_protobuf/ibc/core/client/v1/genesis.proto
2026-01-28 21:44:20,653 - INFO:Fixed imports for genesis.proto
2026-01-28 21:44:20,655 - INFO:Fixing file at: /home/freqnik/git/MathNodes/cosmospy-protobuf/src/sentinel_protobuf/ibc/core/client/v1/tx.proto
2026-01-28 21:44:20,894 - INFO:Fixed imports for tx.proto
2026-01-28 21:44:20,894 - INFO:Fixing file at: /home/freqnik/git/MathNodes/cosmospy-protobuf/src/sentinel_protobuf/ibc/core/client/v1/client.proto
2026-01-28 21:44:21,146 - INFO:Fixed imports for client.proto
2026-01-28 21:44:21,146 - INFO:Fixing file at: /home/freqnik/git/MathNodes/cosmospy-protobuf/src/sentinel_protobuf/ibc/lightclients/tendermint/v1/tendermint.proto
cosmos/ics23/v1/proofs.proto: File not found.
ibc/core/commitment/v1/commitment.proto:8:1: Import "cosmos/ics23/v1/proofs.proto" was not found or had errors.
ibc/core/commitment/v1/commitment.proto:40:12: "cosmos.ics23.v1.CommitmentProof" is not defined.
ibc/lightclients/tendermint/v1/tendermint.proto:9:1: Import "cosmos/ics23/v1/proofs.proto" was not found or had errors.
ibc/lightclients/tendermint/v1/tendermint.proto:13:1: Import "ibc/core/commitment/v1/commitment.proto" was not found or had errors.
ibc/lightclients/tendermint/v1/tendermint.proto:44:12: "cosmos.ics23.v1.ProofSpec" is not defined.
ibc/lightclients/tendermint/v1/tendermint.proto:70:3: "ibc.core.commitment.v1.MerkleRoot" is not defined.
Traceback (most recent call last):
  File "/usr/lib/python3.10/runpy.py", line 196, in _run_module_as_main
    return _run_code(code, main_globals, None,
  File "/usr/lib/python3.10/runpy.py", line 86, in _run_code
    exec(code, run_globals)
  File "/home/freqnik/.local/lib/python3.10/site-packages/protoletariat/__main__.py", line 172, in <module>
    main()
  File "/usr/lib/python3/dist-packages/click/core.py", line 1157, in __call__
    return self.main(*args, **kwargs)
  File "/usr/lib/python3/dist-packages/click/core.py", line 1078, in main
    rv = self.invoke(ctx)
  File "/usr/lib/python3/dist-packages/click/core.py", line 1688, in invoke
    return _process_result(sub_ctx.command.invoke(sub_ctx))
  File "/usr/lib/python3/dist-packages/click/core.py", line 1434, in invoke
    return ctx.invoke(self.callback, **ctx.params)
  File "/usr/lib/python3/dist-packages/click/core.py", line 783, in invoke
    return __callback(*args, **kwargs)
  File "/usr/lib/python3/dist-packages/click/decorators.py", line 33, in new_func
    return f(get_current_context(), *args, **kwargs)
  File "/home/freqnik/.local/lib/python3.10/site-packages/protoletariat/__main__.py", line 141, in protoc
    Protoc(
  File "/home/freqnik/.local/lib/python3.10/site-packages/protoletariat/fdsetgen.py", line 71, in fix_imports
    fdset = FileDescriptorSet.FromString(self.generate_file_descriptor_set_bytes())
  File "/home/freqnik/.local/lib/python3.10/site-packages/protoletariat/fdsetgen.py", line 166, in generate_file_descriptor_set_bytes
    subprocess.run(args, check=True)  # noqa: S603
  File "/usr/lib/python3.10/subprocess.py", line 526, in run
    raise CalledProcessError(retcode, process.args,
subprocess.CalledProcessError: Command '['protoc', '--include_imports', '--descriptor_set_out=/tmp/tmp3v0ss039', '--proto_path=/home/freqnik/git/MathNodes/cosmospy-protobuf/src/sentinel_protobuf', '/home/freqnik/git/MathNodes/cosmospy-protobuf/src/sentinel_protobuf/ibc/lightclients/tendermint/v1/tendermint.proto']' returned non-zero exit status 1.
2026-01-28 21:44:21,306 - INFO:Fixed imports for tendermint.proto
2026-01-28 21:44:21,306 - INFO:Fixing file at: /home/freqnik/git/MathNodes/cosmospy-protobuf/src/sentinel_protobuf/ibc/lightclients/solomachine/v2/solomachine.proto
cosmos/ics23/v1/proofs.proto: File not found.
ibc/core/commitment/v1/commitment.proto:8:1: Import "cosmos/ics23/v1/proofs.proto" was not found or had errors.
ibc/core/commitment/v1/commitment.proto:40:12: "cosmos.ics23.v1.CommitmentProof" is not defined.
ibc/core/connection/v1/connection.proto:8:1: Import "ibc/core/commitment/v1/commitment.proto" was not found or had errors.
ibc/core/connection/v1/connection.proto:80:3: "ibc.core.commitment.v1.MerklePrefix" is not defined.
ibc/lightclients/solomachine/v2/solomachine.proto:7:1: Import "ibc/core/connection/v1/connection.proto" was not found or had errors.
ibc/lightclients/solomachine/v2/solomachine.proto:152:3: "ibc.core.connection.v1.ConnectionEnd" is not defined.
Traceback (most recent call last):
  File "/usr/lib/python3.10/runpy.py", line 196, in _run_module_as_main
    return _run_code(code, main_globals, None,
  File "/usr/lib/python3.10/runpy.py", line 86, in _run_code
    exec(code, run_globals)
  File "/home/freqnik/.local/lib/python3.10/site-packages/protoletariat/__main__.py", line 172, in <module>
    main()
  File "/usr/lib/python3/dist-packages/click/core.py", line 1157, in __call__
    return self.main(*args, **kwargs)
  File "/usr/lib/python3/dist-packages/click/core.py", line 1078, in main
    rv = self.invoke(ctx)
  File "/usr/lib/python3/dist-packages/click/core.py", line 1688, in invoke
    return _process_result(sub_ctx.command.invoke(sub_ctx))
  File "/usr/lib/python3/dist-packages/click/core.py", line 1434, in invoke
    return ctx.invoke(self.callback, **ctx.params)
  File "/usr/lib/python3/dist-packages/click/core.py", line 783, in invoke
    return __callback(*args, **kwargs)
  File "/usr/lib/python3/dist-packages/click/decorators.py", line 33, in new_func
    return f(get_current_context(), *args, **kwargs)
  File "/home/freqnik/.local/lib/python3.10/site-packages/protoletariat/__main__.py", line 141, in protoc
    Protoc(
  File "/home/freqnik/.local/lib/python3.10/site-packages/protoletariat/fdsetgen.py", line 71, in fix_imports
    fdset = FileDescriptorSet.FromString(self.generate_file_descriptor_set_bytes())
  File "/home/freqnik/.local/lib/python3.10/site-packages/protoletariat/fdsetgen.py", line 166, in generate_file_descriptor_set_bytes
    subprocess.run(args, check=True)  # noqa: S603
  File "/usr/lib/python3.10/subprocess.py", line 526, in run
    raise CalledProcessError(retcode, process.args,
subprocess.CalledProcessError: Command '['protoc', '--include_imports', '--descriptor_set_out=/tmp/tmpxd_m4eko', '--proto_path=/home/freqnik/git/MathNodes/cosmospy-protobuf/src/sentinel_protobuf', '/home/freqnik/git/MathNodes/cosmospy-protobuf/src/sentinel_protobuf/ibc/lightclients/solomachine/v2/solomachine.proto']' returned non-zero exit status 1.
2026-01-28 21:44:21,452 - INFO:Fixed imports for solomachine.proto
2026-01-28 21:44:21,452 - INFO:Fixing file at: /home/freqnik/git/MathNodes/cosmospy-protobuf/src/sentinel_protobuf/ibc/lightclients/solomachine/v3/solomachine.proto
2026-01-28 21:44:21,689 - INFO:Fixed imports for solomachine.proto
2026-01-28 21:44:21,690 - INFO:Fixing file at: /home/freqnik/git/MathNodes/cosmospy-protobuf/src/sentinel_protobuf/ibc/lightclients/localhost/v2/localhost.proto
2026-01-28 21:44:21,944 - INFO:Fixed imports for localhost.proto
2026-01-28 21:44:21,945 - INFO:Fixing file at: /home/freqnik/git/MathNodes/cosmospy-protobuf/src/sentinel_protobuf/ibc/applications/interchain_accounts/host/v1/query.proto
2026-01-28 21:44:22,195 - INFO:Fixed imports for query.proto
2026-01-28 21:44:22,195 - INFO:Fixing file at: /home/freqnik/git/MathNodes/cosmospy-protobuf/src/sentinel_protobuf/ibc/applications/interchain_accounts/host/v1/tx.proto
2026-01-28 21:44:22,442 - INFO:Fixed imports for tx.proto
2026-01-28 21:44:22,443 - INFO:Fixing file at: /home/freqnik/git/MathNodes/cosmospy-protobuf/src/sentinel_protobuf/ibc/applications/interchain_accounts/host/v1/host.proto
2026-01-28 21:44:22,697 - INFO:Fixed imports for host.proto
2026-01-28 21:44:22,697 - INFO:Fixing file at: /home/freqnik/git/MathNodes/cosmospy-protobuf/src/sentinel_protobuf/ibc/applications/interchain_accounts/v1/metadata.proto
2026-01-28 21:44:22,949 - INFO:Fixed imports for metadata.proto
2026-01-28 21:44:22,949 - INFO:Fixing file at: /home/freqnik/git/MathNodes/cosmospy-protobuf/src/sentinel_protobuf/ibc/applications/interchain_accounts/v1/account.proto
2026-01-28 21:44:23,187 - INFO:Fixed imports for account.proto
2026-01-28 21:44:23,187 - INFO:Fixing file at: /home/freqnik/git/MathNodes/cosmospy-protobuf/src/sentinel_protobuf/ibc/applications/interchain_accounts/v1/packet.proto
2026-01-28 21:44:23,410 - INFO:Fixed imports for packet.proto
2026-01-28 21:44:23,410 - INFO:Fixing file at: /home/freqnik/git/MathNodes/cosmospy-protobuf/src/sentinel_protobuf/ibc/applications/interchain_accounts/controller/v1/query.proto
2026-01-28 21:44:23,642 - INFO:Fixed imports for query.proto
2026-01-28 21:44:23,642 - INFO:Fixing file at: /home/freqnik/git/MathNodes/cosmospy-protobuf/src/sentinel_protobuf/ibc/applications/interchain_accounts/controller/v1/tx.proto
2026-01-28 21:44:23,905 - INFO:Fixed imports for tx.proto
2026-01-28 21:44:23,905 - INFO:Fixing file at: /home/freqnik/git/MathNodes/cosmospy-protobuf/src/sentinel_protobuf/ibc/applications/interchain_accounts/controller/v1/controller.proto
2026-01-28 21:44:24,134 - INFO:Fixed imports for controller.proto
2026-01-28 21:44:24,134 - INFO:Fixing file at: /home/freqnik/git/MathNodes/cosmospy-protobuf/src/sentinel_protobuf/ibc/applications/interchain_accounts/genesis/v1/genesis.proto
2026-01-28 21:44:24,372 - INFO:Fixed imports for genesis.proto
2026-01-28 21:44:24,372 - INFO:Fixing file at: /home/freqnik/git/MathNodes/cosmospy-protobuf/src/sentinel_protobuf/ibc/applications/transfer/v2/packet.proto
2026-01-28 21:44:24,590 - INFO:Fixed imports for packet.proto
2026-01-28 21:44:24,590 - INFO:Fixing file at: /home/freqnik/git/MathNodes/cosmospy-protobuf/src/sentinel_protobuf/ibc/applications/transfer/v1/query.proto
2026-01-28 21:44:24,857 - INFO:Fixed imports for query.proto
2026-01-28 21:44:24,857 - INFO:Fixing file at: /home/freqnik/git/MathNodes/cosmospy-protobuf/src/sentinel_protobuf/ibc/applications/transfer/v1/genesis.proto
2026-01-28 21:44:25,127 - INFO:Fixed imports for genesis.proto
2026-01-28 21:44:25,127 - INFO:Fixing file at: /home/freqnik/git/MathNodes/cosmospy-protobuf/src/sentinel_protobuf/ibc/applications/transfer/v1/tx.proto
2026-01-28 21:44:25,380 - INFO:Fixed imports for tx.proto
2026-01-28 21:44:25,380 - INFO:Fixing file at: /home/freqnik/git/MathNodes/cosmospy-protobuf/src/sentinel_protobuf/ibc/applications/transfer/v1/authz.proto
2026-01-28 21:44:25,614 - INFO:Fixed imports for authz.proto
2026-01-28 21:44:25,615 - INFO:Fixing file at: /home/freqnik/git/MathNodes/cosmospy-protobuf/src/sentinel_protobuf/ibc/applications/transfer/v1/transfer.proto
2026-01-28 21:44:25,837 - INFO:Fixed imports for transfer.proto
2026-01-28 21:44:25,838 - INFO:Fixing file at: /home/freqnik/git/MathNodes/cosmospy-protobuf/src/sentinel_protobuf/ibc/applications/fee/v1/metadata.proto
2026-01-28 21:44:26,090 - INFO:Fixed imports for metadata.proto
2026-01-28 21:44:26,090 - INFO:Fixing file at: /home/freqnik/git/MathNodes/cosmospy-protobuf/src/sentinel_protobuf/ibc/applications/fee/v1/query.proto
2026-01-28 21:44:26,435 - INFO:Fixed imports for query.proto
2026-01-28 21:44:26,436 - INFO:Fixing file at: /home/freqnik/git/MathNodes/cosmospy-protobuf/src/sentinel_protobuf/ibc/applications/fee/v1/genesis.proto
2026-01-28 21:44:26,720 - INFO:Fixed imports for genesis.proto
2026-01-28 21:44:26,720 - INFO:Fixing file at: /home/freqnik/git/MathNodes/cosmospy-protobuf/src/sentinel_protobuf/ibc/applications/fee/v1/tx.proto
2026-01-28 21:44:26,990 - INFO:Fixed imports for tx.proto
2026-01-28 21:44:26,990 - INFO:Fixing file at: /home/freqnik/git/MathNodes/cosmospy-protobuf/src/sentinel_protobuf/ibc/applications/fee/v1/fee.proto
2026-01-28 21:44:27,264 - INFO:Fixed imports for fee.proto
2026-01-28 21:44:27,264 - INFO:Fixing file at: /home/freqnik/git/MathNodes/cosmospy-protobuf/src/sentinel_protobuf/ibc/applications/fee/v1/ack.proto
2026-01-28 21:44:27,504 - INFO:Fixed imports for ack.proto
2026-01-28 21:44:27,504 - INFO:Fixing file at: /home/freqnik/git/MathNodes/cosmospy-protobuf/src/sentinel_protobuf/google/type/quaternion.proto
2026-01-28 21:44:27,752 - INFO:Fixed imports for quaternion.proto
2026-01-28 21:44:27,752 - INFO:Fixing file at: /home/freqnik/git/MathNodes/cosmospy-protobuf/src/sentinel_protobuf/google/type/decimal.proto
2026-01-28 21:44:28,006 - INFO:Fixed imports for decimal.proto
2026-01-28 21:44:28,007 - INFO:Fixing file at: /home/freqnik/git/MathNodes/cosmospy-protobuf/src/sentinel_protobuf/google/type/money.proto
2026-01-28 21:44:28,238 - INFO:Fixed imports for money.proto
2026-01-28 21:44:28,240 - INFO:Fixing file at: /home/freqnik/git/MathNodes/cosmospy-protobuf/src/sentinel_protobuf/google/type/localized_text.proto
2026-01-28 21:44:28,470 - INFO:Fixed imports for localized_text.proto
2026-01-28 21:44:28,470 - INFO:Fixing file at: /home/freqnik/git/MathNodes/cosmospy-protobuf/src/sentinel_protobuf/google/type/postal_address.proto
2026-01-28 21:44:28,703 - INFO:Fixed imports for postal_address.proto
2026-01-28 21:44:28,703 - INFO:Fixing file at: /home/freqnik/git/MathNodes/cosmospy-protobuf/src/sentinel_protobuf/google/type/phone_number.proto
2026-01-28 21:44:28,943 - INFO:Fixed imports for phone_number.proto
2026-01-28 21:44:28,943 - INFO:Fixing file at: /home/freqnik/git/MathNodes/cosmospy-protobuf/src/sentinel_protobuf/google/type/interval.proto
2026-01-28 21:44:29,178 - INFO:Fixed imports for interval.proto
2026-01-28 21:44:29,178 - INFO:Fixing file at: /home/freqnik/git/MathNodes/cosmospy-protobuf/src/sentinel_protobuf/google/type/expr.proto
2026-01-28 21:44:29,425 - INFO:Fixed imports for expr.proto
2026-01-28 21:44:29,426 - INFO:Fixing file at: /home/freqnik/git/MathNodes/cosmospy-protobuf/src/sentinel_protobuf/google/type/calendar_period.proto
2026-01-28 21:44:29,657 - INFO:Fixed imports for calendar_period.proto
2026-01-28 21:44:29,657 - INFO:Fixing file at: /home/freqnik/git/MathNodes/cosmospy-protobuf/src/sentinel_protobuf/google/type/date.proto
2026-01-28 21:44:29,887 - INFO:Fixed imports for date.proto
2026-01-28 21:44:29,887 - INFO:Fixing file at: /home/freqnik/git/MathNodes/cosmospy-protobuf/src/sentinel_protobuf/google/type/color.proto
2026-01-28 21:44:30,114 - INFO:Fixed imports for color.proto
2026-01-28 21:44:30,114 - INFO:Fixing file at: /home/freqnik/git/MathNodes/cosmospy-protobuf/src/sentinel_protobuf/google/type/dayofweek.proto
2026-01-28 21:44:30,347 - INFO:Fixed imports for dayofweek.proto
2026-01-28 21:44:30,347 - INFO:Fixing file at: /home/freqnik/git/MathNodes/cosmospy-protobuf/src/sentinel_protobuf/google/type/timeofday.proto
2026-01-28 21:44:30,573 - INFO:Fixed imports for timeofday.proto
2026-01-28 21:44:30,573 - INFO:Fixing file at: /home/freqnik/git/MathNodes/cosmospy-protobuf/src/sentinel_protobuf/google/type/latlng.proto
2026-01-28 21:44:30,796 - INFO:Fixed imports for latlng.proto
2026-01-28 21:44:30,797 - INFO:Fixing file at: /home/freqnik/git/MathNodes/cosmospy-protobuf/src/sentinel_protobuf/google/type/datetime.proto
2026-01-28 21:44:31,017 - INFO:Fixed imports for datetime.proto
2026-01-28 21:44:31,017 - INFO:Fixing file at: /home/freqnik/git/MathNodes/cosmospy-protobuf/src/sentinel_protobuf/google/type/month.proto
2026-01-28 21:44:31,246 - INFO:Fixed imports for month.proto
2026-01-28 21:44:31,247 - INFO:Fixing file at: /home/freqnik/git/MathNodes/cosmospy-protobuf/src/sentinel_protobuf/google/type/fraction.proto
2026-01-28 21:44:31,474 - INFO:Fixed imports for fraction.proto
2026-01-28 21:44:31,474 - INFO:Fixing file at: /home/freqnik/git/MathNodes/cosmospy-protobuf/src/sentinel_protobuf/google/rpc/code.proto
2026-01-28 21:44:31,698 - INFO:Fixed imports for code.proto
2026-01-28 21:44:31,699 - INFO:Fixing file at: /home/freqnik/git/MathNodes/cosmospy-protobuf/src/sentinel_protobuf/google/rpc/status.proto
2026-01-28 21:44:31,933 - INFO:Fixed imports for status.proto
2026-01-28 21:44:31,933 - INFO:Fixing file at: /home/freqnik/git/MathNodes/cosmospy-protobuf/src/sentinel_protobuf/google/rpc/error_details.proto
2026-01-28 21:44:32,179 - INFO:Fixed imports for error_details.proto
2026-01-28 21:44:32,179 - INFO:Fixing file at: /home/freqnik/git/MathNodes/cosmospy-protobuf/src/sentinel_protobuf/google/rpc/http.proto
2026-01-28 21:44:32,382 - INFO:Fixed imports for http.proto
2026-01-28 21:44:32,382 - INFO:Fixing file at: /home/freqnik/git/MathNodes/cosmospy-protobuf/src/sentinel_protobuf/google/rpc/context/audit_context.proto
2026-01-28 21:44:32,553 - INFO:Fixed imports for audit_context.proto
2026-01-28 21:44:32,554 - INFO:Fixing file at: /home/freqnik/git/MathNodes/cosmospy-protobuf/src/sentinel_protobuf/google/rpc/context/attribute_context.proto
2026-01-28 21:44:32,795 - INFO:Fixed imports for attribute_context.proto
2026-01-28 21:44:32,795 - INFO:Fixing file at: /home/freqnik/git/MathNodes/cosmospy-protobuf/src/sentinel_protobuf/google/security/safebrowsingohttpgateway/v1/sb_ohttp_gateway.proto
2026-01-28 21:44:33,060 - INFO:Fixed imports for sb_ohttp_gateway.proto
2026-01-28 21:44:33,060 - INFO:Fixing file at: /home/freqnik/git/MathNodes/cosmospy-protobuf/src/sentinel_protobuf/google/security/safebrowsing/v5/safebrowsing.proto
2026-01-28 21:44:33,327 - INFO:Fixed imports for safebrowsing.proto
2026-01-28 21:44:33,327 - INFO:Fixing file at: /home/freqnik/git/MathNodes/cosmospy-protobuf/src/sentinel_protobuf/google/security/safebrowsing/v5alpha1/safebrowsing.proto
2026-01-28 21:44:33,593 - INFO:Fixed imports for safebrowsing.proto
2026-01-28 21:44:33,594 - INFO:Fixing file at: /home/freqnik/git/MathNodes/cosmospy-protobuf/src/sentinel_protobuf/google/longrunning/operations.proto
2026-01-28 21:44:33,850 - INFO:Fixed imports for operations.proto
2026-01-28 21:44:33,850 - INFO:Fixing file at: /home/freqnik/git/MathNodes/cosmospy-protobuf/src/sentinel_protobuf/google/api/annotations.proto
2026-01-28 21:44:34,081 - INFO:Fixed imports for annotations.proto
2026-01-28 21:44:34,081 - INFO:Fixing file at: /home/freqnik/git/MathNodes/cosmospy-protobuf/src/sentinel_protobuf/google/api/billing.proto
2026-01-28 21:44:34,300 - INFO:Fixed imports for billing.proto
2026-01-28 21:44:34,300 - INFO:Fixing file at: /home/freqnik/git/MathNodes/cosmospy-protobuf/src/sentinel_protobuf/google/api/documentation.proto
2026-01-28 21:44:34,529 - INFO:Fixed imports for documentation.proto
2026-01-28 21:44:34,529 - INFO:Fixing file at: /home/freqnik/git/MathNodes/cosmospy-protobuf/src/sentinel_protobuf/google/api/config_change.proto
2026-01-28 21:44:34,762 - INFO:Fixed imports for config_change.proto
2026-01-28 21:44:34,762 - INFO:Fixing file at: /home/freqnik/git/MathNodes/cosmospy-protobuf/src/sentinel_protobuf/google/api/resource.proto
2026-01-28 21:44:34,992 - INFO:Fixed imports for resource.proto
2026-01-28 21:44:34,992 - INFO:Fixing file at: /home/freqnik/git/MathNodes/cosmospy-protobuf/src/sentinel_protobuf/google/api/monitoring.proto
2026-01-28 21:44:35,224 - INFO:Fixed imports for monitoring.proto
2026-01-28 21:44:35,224 - INFO:Fixing file at: /home/freqnik/git/MathNodes/cosmospy-protobuf/src/sentinel_protobuf/google/api/distribution.proto
2026-01-28 21:44:35,463 - INFO:Fixed imports for distribution.proto
2026-01-28 21:44:35,463 - INFO:Fixing file at: /home/freqnik/git/MathNodes/cosmospy-protobuf/src/sentinel_protobuf/google/api/monitored_resource.proto
2026-01-28 21:44:35,696 - INFO:Fixed imports for monitored_resource.proto
2026-01-28 21:44:35,696 - INFO:Fixing file at: /home/freqnik/git/MathNodes/cosmospy-protobuf/src/sentinel_protobuf/google/api/usage.proto
2026-01-28 21:44:35,932 - INFO:Fixed imports for usage.proto
2026-01-28 21:44:35,932 - INFO:Fixing file at: /home/freqnik/git/MathNodes/cosmospy-protobuf/src/sentinel_protobuf/google/api/consumer.proto
2026-01-28 21:44:36,160 - INFO:Fixed imports for consumer.proto
2026-01-28 21:44:36,160 - INFO:Fixing file at: /home/freqnik/git/MathNodes/cosmospy-protobuf/src/sentinel_protobuf/google/api/source_info.proto
2026-01-28 21:44:36,390 - INFO:Fixed imports for source_info.proto
2026-01-28 21:44:36,391 - INFO:Fixing file at: /home/freqnik/git/MathNodes/cosmospy-protobuf/src/sentinel_protobuf/google/api/system_parameter.proto
2026-01-28 21:44:36,621 - INFO:Fixed imports for system_parameter.proto
2026-01-28 21:44:36,621 - INFO:Fixing file at: /home/freqnik/git/MathNodes/cosmospy-protobuf/src/sentinel_protobuf/google/api/quota.proto
2026-01-28 21:44:36,851 - INFO:Fixed imports for quota.proto
2026-01-28 21:44:36,851 - INFO:Fixing file at: /home/freqnik/git/MathNodes/cosmospy-protobuf/src/sentinel_protobuf/google/api/endpoint.proto
2026-01-28 21:44:37,086 - INFO:Fixed imports for endpoint.proto
2026-01-28 21:44:37,087 - INFO:Fixing file at: /home/freqnik/git/MathNodes/cosmospy-protobuf/src/sentinel_protobuf/google/api/http.proto
2026-01-28 21:44:37,310 - INFO:Fixed imports for http.proto
2026-01-28 21:44:37,310 - INFO:Fixing file at: /home/freqnik/git/MathNodes/cosmospy-protobuf/src/sentinel_protobuf/google/api/policy.proto
2026-01-28 21:44:37,544 - INFO:Fixed imports for policy.proto
2026-01-28 21:44:37,544 - INFO:Fixing file at: /home/freqnik/git/MathNodes/cosmospy-protobuf/src/sentinel_protobuf/google/api/label.proto
2026-01-28 21:44:37,769 - INFO:Fixed imports for label.proto
2026-01-28 21:44:37,769 - INFO:Fixing file at: /home/freqnik/git/MathNodes/cosmospy-protobuf/src/sentinel_protobuf/google/api/error_reason.proto
2026-01-28 21:44:38,001 - INFO:Fixed imports for error_reason.proto
2026-01-28 21:44:38,002 - INFO:Fixing file at: /home/freqnik/git/MathNodes/cosmospy-protobuf/src/sentinel_protobuf/google/api/metric.proto
2026-01-28 21:44:38,241 - INFO:Fixed imports for metric.proto
2026-01-28 21:44:38,241 - INFO:Fixing file at: /home/freqnik/git/MathNodes/cosmospy-protobuf/src/sentinel_protobuf/google/api/field_info.proto
2026-01-28 21:44:38,474 - INFO:Fixed imports for field_info.proto
2026-01-28 21:44:38,475 - INFO:Fixing file at: /home/freqnik/git/MathNodes/cosmospy-protobuf/src/sentinel_protobuf/google/api/client.proto
2026-01-28 21:44:38,714 - INFO:Fixed imports for client.proto
2026-01-28 21:44:38,714 - INFO:Fixing file at: /home/freqnik/git/MathNodes/cosmospy-protobuf/src/sentinel_protobuf/google/api/auth.proto
2026-01-28 21:44:38,938 - INFO:Fixed imports for auth.proto
2026-01-28 21:44:38,938 - INFO:Fixing file at: /home/freqnik/git/MathNodes/cosmospy-protobuf/src/sentinel_protobuf/google/api/httpbody.proto
2026-01-28 21:44:39,163 - INFO:Fixed imports for httpbody.proto
2026-01-28 21:44:39,163 - INFO:Fixing file at: /home/freqnik/git/MathNodes/cosmospy-protobuf/src/sentinel_protobuf/google/api/logging.proto
2026-01-28 21:44:39,391 - INFO:Fixed imports for logging.proto
2026-01-28 21:44:39,391 - INFO:Fixing file at: /home/freqnik/git/MathNodes/cosmospy-protobuf/src/sentinel_protobuf/google/api/control.proto
2026-01-28 21:44:39,625 - INFO:Fixed imports for control.proto
2026-01-28 21:44:39,626 - INFO:Fixing file at: /home/freqnik/git/MathNodes/cosmospy-protobuf/src/sentinel_protobuf/google/api/backend.proto
2026-01-28 21:44:39,852 - INFO:Fixed imports for backend.proto
2026-01-28 21:44:39,852 - INFO:Fixing file at: /home/freqnik/git/MathNodes/cosmospy-protobuf/src/sentinel_protobuf/google/api/service.proto
2026-01-28 21:44:40,168 - INFO:Fixed imports for service.proto
2026-01-28 21:44:40,168 - INFO:Fixing file at: /home/freqnik/git/MathNodes/cosmospy-protobuf/src/sentinel_protobuf/google/api/launch_stage.proto
2026-01-28 21:44:40,393 - INFO:Fixed imports for launch_stage.proto
2026-01-28 21:44:40,393 - INFO:Fixing file at: /home/freqnik/git/MathNodes/cosmospy-protobuf/src/sentinel_protobuf/google/api/context.proto
2026-01-28 21:44:40,621 - INFO:Fixed imports for context.proto
2026-01-28 21:44:40,621 - INFO:Fixing file at: /home/freqnik/git/MathNodes/cosmospy-protobuf/src/sentinel_protobuf/google/api/visibility.proto
2026-01-28 21:44:40,865 - INFO:Fixed imports for visibility.proto
2026-01-28 21:44:40,865 - INFO:Fixing file at: /home/freqnik/git/MathNodes/cosmospy-protobuf/src/sentinel_protobuf/google/api/log.proto
2026-01-28 21:44:41,093 - INFO:Fixed imports for log.proto
2026-01-28 21:44:41,093 - INFO:Fixing file at: /home/freqnik/git/MathNodes/cosmospy-protobuf/src/sentinel_protobuf/google/api/routing.proto
2026-01-28 21:44:41,310 - INFO:Fixed imports for routing.proto
2026-01-28 21:44:41,310 - INFO:Fixing file at: /home/freqnik/git/MathNodes/cosmospy-protobuf/src/sentinel_protobuf/google/api/field_behavior.proto
2026-01-28 21:44:41,529 - INFO:Fixed imports for field_behavior.proto
2026-01-28 21:44:41,529 - INFO:Fixing file at: /home/freqnik/git/MathNodes/cosmospy-protobuf/src/sentinel_protobuf/google/api/expr/conformance/v1alpha1/conformance_service.proto
2026-01-28 21:44:41,816 - INFO:Fixed imports for conformance_service.proto
2026-01-28 21:44:41,816 - INFO:Fixing file at: /home/freqnik/git/MathNodes/cosmospy-protobuf/src/sentinel_protobuf/google/api/expr/v1alpha1/eval.proto
2026-01-28 21:44:42,053 - INFO:Fixed imports for eval.proto
2026-01-28 21:44:42,053 - INFO:Fixing file at: /home/freqnik/git/MathNodes/cosmospy-protobuf/src/sentinel_protobuf/google/api/expr/v1alpha1/syntax.proto
2026-01-28 21:44:42,289 - INFO:Fixed imports for syntax.proto
2026-01-28 21:44:42,289 - INFO:Fixing file at: /home/freqnik/git/MathNodes/cosmospy-protobuf/src/sentinel_protobuf/google/api/expr/v1alpha1/checked.proto
2026-01-28 21:44:42,533 - INFO:Fixed imports for checked.proto
2026-01-28 21:44:42,533 - INFO:Fixing file at: /home/freqnik/git/MathNodes/cosmospy-protobuf/src/sentinel_protobuf/google/api/expr/v1alpha1/value.proto
2026-01-28 21:44:42,760 - INFO:Fixed imports for value.proto
2026-01-28 21:44:42,760 - INFO:Fixing file at: /home/freqnik/git/MathNodes/cosmospy-protobuf/src/sentinel_protobuf/google/api/expr/v1alpha1/explain.proto
2026-01-28 21:44:42,990 - INFO:Fixed imports for explain.proto
2026-01-28 21:44:42,990 - INFO:Fixing file at: /home/freqnik/git/MathNodes/cosmospy-protobuf/src/sentinel_protobuf/google/api/expr/v1beta1/eval.proto
2026-01-28 21:44:43,229 - INFO:Fixed imports for eval.proto
2026-01-28 21:44:43,229 - INFO:Fixing file at: /home/freqnik/git/MathNodes/cosmospy-protobuf/src/sentinel_protobuf/google/api/expr/v1beta1/source.proto
2026-01-28 21:44:43,459 - INFO:Fixed imports for source.proto
2026-01-28 21:44:43,459 - INFO:Fixing file at: /home/freqnik/git/MathNodes/cosmospy-protobuf/src/sentinel_protobuf/google/api/expr/v1beta1/expr.proto
2026-01-28 21:44:43,693 - INFO:Fixed imports for expr.proto
2026-01-28 21:44:43,693 - INFO:Fixing file at: /home/freqnik/git/MathNodes/cosmospy-protobuf/src/sentinel_protobuf/google/api/expr/v1beta1/decl.proto
2026-01-28 21:44:43,929 - INFO:Fixed imports for decl.proto
2026-01-28 21:44:43,929 - INFO:Fixing file at: /home/freqnik/git/MathNodes/cosmospy-protobuf/src/sentinel_protobuf/google/api/expr/v1beta1/value.proto
2026-01-28 21:44:44,156 - INFO:Fixed imports for value.proto
2026-01-28 21:44:44,156 - INFO:Fixing file at: /home/freqnik/git/MathNodes/cosmospy-protobuf/src/sentinel_protobuf/google/api/serviceusage/v1/resources.proto
2026-01-28 21:44:44,419 - INFO:Fixed imports for resources.proto
2026-01-28 21:44:44,419 - INFO:Fixing file at: /home/freqnik/git/MathNodes/cosmospy-protobuf/src/sentinel_protobuf/google/api/serviceusage/v1/serviceusage.proto
2026-01-28 21:44:44,724 - INFO:Fixed imports for serviceusage.proto
2026-01-28 21:44:44,724 - INFO:Fixing file at: /home/freqnik/git/MathNodes/cosmospy-protobuf/src/sentinel_protobuf/google/api/serviceusage/v1beta1/resources.proto
2026-01-28 21:44:44,985 - INFO:Fixed imports for resources.proto
2026-01-28 21:44:44,985 - INFO:Fixing file at: /home/freqnik/git/MathNodes/cosmospy-protobuf/src/sentinel_protobuf/google/api/serviceusage/v1beta1/serviceusage.proto
google/api/serviceusage/v1beta1/serviceusage.proto:24:1: warning: Import google/protobuf/empty.proto is unused.
google/api/serviceusage/v1beta1/serviceusage.proto:21:1: warning: Import google/api/field_behavior.proto is unused.
2026-01-28 21:44:45,314 - INFO:Fixed imports for serviceusage.proto
2026-01-28 21:44:45,314 - INFO:Fixing file at: /home/freqnik/git/MathNodes/cosmospy-protobuf/src/sentinel_protobuf/google/api/servicemanagement/v1/resources.proto
2026-01-28 21:44:45,563 - INFO:Fixed imports for resources.proto
2026-01-28 21:44:45,564 - INFO:Fixing file at: /home/freqnik/git/MathNodes/cosmospy-protobuf/src/sentinel_protobuf/google/api/servicemanagement/v1/servicemanager.proto
google/api/servicemanagement/v1/servicemanager.proto:26:1: warning: Import google/protobuf/empty.proto is unused.
2026-01-28 21:44:45,934 - INFO:Fixed imports for servicemanager.proto
2026-01-28 21:44:45,935 - INFO:Fixing file at: /home/freqnik/git/MathNodes/cosmospy-protobuf/src/sentinel_protobuf/google/api/servicecontrol/v2/service_controller.proto
2026-01-28 21:44:46,206 - INFO:Fixed imports for service_controller.proto
2026-01-28 21:44:46,207 - INFO:Fixing file at: /home/freqnik/git/MathNodes/cosmospy-protobuf/src/sentinel_protobuf/google/api/servicecontrol/v1/service_controller.proto
google/logging/type/log_severity.proto: File not found.
google/api/servicecontrol/v1/log_entry.proto:20:1: Import "google/logging/type/log_severity.proto" was not found or had errors.
google/api/servicecontrol/v1/log_entry.proto:45:3: "google.logging.type.LogSeverity" is not defined.
google/api/servicecontrol/v1/operation.proto:19:1: Import "google/api/servicecontrol/v1/log_entry.proto" was not found or had errors.
google/api/servicecontrol/v1/operation.proto:116:12: "LogEntry" is not defined.
google/api/servicecontrol/v1/service_controller.proto:22:1: Import "google/api/servicecontrol/v1/operation.proto" was not found or had errors.
google/api/servicecontrol/v1/service_controller.proto:103:3: "Operation" is not defined.
google/api/servicecontrol/v1/service_controller.proto:214:12: "Operation" is not defined.
Traceback (most recent call last):
  File "/usr/lib/python3.10/runpy.py", line 196, in _run_module_as_main
    return _run_code(code, main_globals, None,
  File "/usr/lib/python3.10/runpy.py", line 86, in _run_code
    exec(code, run_globals)
  File "/home/freqnik/.local/lib/python3.10/site-packages/protoletariat/__main__.py", line 172, in <module>
    main()
  File "/usr/lib/python3/dist-packages/click/core.py", line 1157, in __call__
    return self.main(*args, **kwargs)
  File "/usr/lib/python3/dist-packages/click/core.py", line 1078, in main
    rv = self.invoke(ctx)
  File "/usr/lib/python3/dist-packages/click/core.py", line 1688, in invoke
    return _process_result(sub_ctx.command.invoke(sub_ctx))
  File "/usr/lib/python3/dist-packages/click/core.py", line 1434, in invoke
    return ctx.invoke(self.callback, **ctx.params)
  File "/usr/lib/python3/dist-packages/click/core.py", line 783, in invoke
    return __callback(*args, **kwargs)
  File "/usr/lib/python3/dist-packages/click/decorators.py", line 33, in new_func
    return f(get_current_context(), *args, **kwargs)
  File "/home/freqnik/.local/lib/python3.10/site-packages/protoletariat/__main__.py", line 141, in protoc
    Protoc(
  File "/home/freqnik/.local/lib/python3.10/site-packages/protoletariat/fdsetgen.py", line 71, in fix_imports
    fdset = FileDescriptorSet.FromString(self.generate_file_descriptor_set_bytes())
  File "/home/freqnik/.local/lib/python3.10/site-packages/protoletariat/fdsetgen.py", line 166, in generate_file_descriptor_set_bytes
    subprocess.run(args, check=True)  # noqa: S603
  File "/usr/lib/python3.10/subprocess.py", line 526, in run
    raise CalledProcessError(retcode, process.args,
subprocess.CalledProcessError: Command '['protoc', '--include_imports', '--descriptor_set_out=/tmp/tmp2xbo2_kv', '--proto_path=/home/freqnik/git/MathNodes/cosmospy-protobuf/src/sentinel_protobuf', '/home/freqnik/git/MathNodes/cosmospy-protobuf/src/sentinel_protobuf/google/api/servicecontrol/v1/service_controller.proto']' returned non-zero exit status 1.
2026-01-28 21:44:46,370 - INFO:Fixed imports for service_controller.proto
2026-01-28 21:44:46,370 - INFO:Fixing file at: /home/freqnik/git/MathNodes/cosmospy-protobuf/src/sentinel_protobuf/google/api/servicecontrol/v1/metric_value.proto
2026-01-28 21:44:46,604 - INFO:Fixed imports for metric_value.proto
2026-01-28 21:44:46,605 - INFO:Fixing file at: /home/freqnik/git/MathNodes/cosmospy-protobuf/src/sentinel_protobuf/google/api/servicecontrol/v1/distribution.proto
2026-01-28 21:44:46,837 - INFO:Fixed imports for distribution.proto
2026-01-28 21:44:46,838 - INFO:Fixing file at: /home/freqnik/git/MathNodes/cosmospy-protobuf/src/sentinel_protobuf/google/api/servicecontrol/v1/http_request.proto
2026-01-28 21:44:47,062 - INFO:Fixed imports for http_request.proto
2026-01-28 21:44:47,062 - INFO:Fixing file at: /home/freqnik/git/MathNodes/cosmospy-protobuf/src/sentinel_protobuf/google/api/servicecontrol/v1/quota_controller.proto
2026-01-28 21:44:47,339 - INFO:Fixed imports for quota_controller.proto
2026-01-28 21:44:47,339 - INFO:Fixing file at: /home/freqnik/git/MathNodes/cosmospy-protobuf/src/sentinel_protobuf/google/api/servicecontrol/v1/log_entry.proto
google/logging/type/log_severity.proto: File not found.
google/api/servicecontrol/v1/log_entry.proto:20:1: Import "google/logging/type/log_severity.proto" was not found or had errors.
google/api/servicecontrol/v1/log_entry.proto:45:3: "google.logging.type.LogSeverity" is not defined.
Traceback (most recent call last):
  File "/usr/lib/python3.10/runpy.py", line 196, in _run_module_as_main
    return _run_code(code, main_globals, None,
  File "/usr/lib/python3.10/runpy.py", line 86, in _run_code
    exec(code, run_globals)
  File "/home/freqnik/.local/lib/python3.10/site-packages/protoletariat/__main__.py", line 172, in <module>
    main()
  File "/usr/lib/python3/dist-packages/click/core.py", line 1157, in __call__
    return self.main(*args, **kwargs)
  File "/usr/lib/python3/dist-packages/click/core.py", line 1078, in main
    rv = self.invoke(ctx)
  File "/usr/lib/python3/dist-packages/click/core.py", line 1688, in invoke
    return _process_result(sub_ctx.command.invoke(sub_ctx))
  File "/usr/lib/python3/dist-packages/click/core.py", line 1434, in invoke
    return ctx.invoke(self.callback, **ctx.params)
  File "/usr/lib/python3/dist-packages/click/core.py", line 783, in invoke
    return __callback(*args, **kwargs)
  File "/usr/lib/python3/dist-packages/click/decorators.py", line 33, in new_func
    return f(get_current_context(), *args, **kwargs)
  File "/home/freqnik/.local/lib/python3.10/site-packages/protoletariat/__main__.py", line 141, in protoc
    Protoc(
  File "/home/freqnik/.local/lib/python3.10/site-packages/protoletariat/fdsetgen.py", line 71, in fix_imports
    fdset = FileDescriptorSet.FromString(self.generate_file_descriptor_set_bytes())
  File "/home/freqnik/.local/lib/python3.10/site-packages/protoletariat/fdsetgen.py", line 166, in generate_file_descriptor_set_bytes
    subprocess.run(args, check=True)  # noqa: S603
  File "/usr/lib/python3.10/subprocess.py", line 526, in run
    raise CalledProcessError(retcode, process.args,
subprocess.CalledProcessError: Command '['protoc', '--include_imports', '--descriptor_set_out=/tmp/tmp_3bb6fl5', '--proto_path=/home/freqnik/git/MathNodes/cosmospy-protobuf/src/sentinel_protobuf', '/home/freqnik/git/MathNodes/cosmospy-protobuf/src/sentinel_protobuf/google/api/servicecontrol/v1/log_entry.proto']' returned non-zero exit status 1.
2026-01-28 21:44:47,488 - INFO:Fixed imports for log_entry.proto
2026-01-28 21:44:47,488 - INFO:Fixing file at: /home/freqnik/git/MathNodes/cosmospy-protobuf/src/sentinel_protobuf/google/api/servicecontrol/v1/check_error.proto
2026-01-28 21:44:47,727 - INFO:Fixed imports for check_error.proto
2026-01-28 21:44:47,727 - INFO:Fixing file at: /home/freqnik/git/MathNodes/cosmospy-protobuf/src/sentinel_protobuf/google/api/servicecontrol/v1/operation.proto
google/logging/type/log_severity.proto: File not found.
google/api/servicecontrol/v1/log_entry.proto:20:1: Import "google/logging/type/log_severity.proto" was not found or had errors.
google/api/servicecontrol/v1/log_entry.proto:45:3: "google.logging.type.LogSeverity" is not defined.
google/api/servicecontrol/v1/operation.proto:19:1: Import "google/api/servicecontrol/v1/log_entry.proto" was not found or had errors.
google/api/servicecontrol/v1/operation.proto:116:12: "LogEntry" is not defined.
Traceback (most recent call last):
  File "/usr/lib/python3.10/runpy.py", line 196, in _run_module_as_main
    return _run_code(code, main_globals, None,
  File "/usr/lib/python3.10/runpy.py", line 86, in _run_code
    exec(code, run_globals)
  File "/home/freqnik/.local/lib/python3.10/site-packages/protoletariat/__main__.py", line 172, in <module>
    main()
  File "/usr/lib/python3/dist-packages/click/core.py", line 1157, in __call__
    return self.main(*args, **kwargs)
  File "/usr/lib/python3/dist-packages/click/core.py", line 1078, in main
    rv = self.invoke(ctx)
  File "/usr/lib/python3/dist-packages/click/core.py", line 1688, in invoke
    return _process_result(sub_ctx.command.invoke(sub_ctx))
  File "/usr/lib/python3/dist-packages/click/core.py", line 1434, in invoke
    return ctx.invoke(self.callback, **ctx.params)
  File "/usr/lib/python3/dist-packages/click/core.py", line 783, in invoke
    return __callback(*args, **kwargs)
  File "/usr/lib/python3/dist-packages/click/decorators.py", line 33, in new_func
    return f(get_current_context(), *args, **kwargs)
  File "/home/freqnik/.local/lib/python3.10/site-packages/protoletariat/__main__.py", line 141, in protoc
    Protoc(
  File "/home/freqnik/.local/lib/python3.10/site-packages/protoletariat/fdsetgen.py", line 71, in fix_imports
    fdset = FileDescriptorSet.FromString(self.generate_file_descriptor_set_bytes())
  File "/home/freqnik/.local/lib/python3.10/site-packages/protoletariat/fdsetgen.py", line 166, in generate_file_descriptor_set_bytes
    subprocess.run(args, check=True)  # noqa: S603
  File "/usr/lib/python3.10/subprocess.py", line 526, in run
    raise CalledProcessError(retcode, process.args,
subprocess.CalledProcessError: Command '['protoc', '--include_imports', '--descriptor_set_out=/tmp/tmppsyhuvhy', '--proto_path=/home/freqnik/git/MathNodes/cosmospy-protobuf/src/sentinel_protobuf', '/home/freqnik/git/MathNodes/cosmospy-protobuf/src/sentinel_protobuf/google/api/servicecontrol/v1/operation.proto']' returned non-zero exit status 1.
2026-01-28 21:44:47,872 - INFO:Fixed imports for operation.proto
2026-01-28 21:44:47,872 - INFO:Fixing file at: /home/freqnik/git/MathNodes/cosmospy-protobuf/src/sentinel_protobuf/google/api/cloudquotas/v1/cloudquotas.proto
2026-01-28 21:44:48,139 - INFO:Fixed imports for cloudquotas.proto
2026-01-28 21:44:48,140 - INFO:Fixing file at: /home/freqnik/git/MathNodes/cosmospy-protobuf/src/sentinel_protobuf/google/api/cloudquotas/v1/resources.proto
2026-01-28 21:44:48,381 - INFO:Fixed imports for resources.proto
2026-01-28 21:44:48,381 - INFO:Fixing file at: /home/freqnik/git/MathNodes/cosmospy-protobuf/src/sentinel_protobuf/google/api/cloudquotas/v1beta/cloudquotas.proto
2026-01-28 21:44:48,661 - INFO:Fixed imports for cloudquotas.proto
2026-01-28 21:44:48,661 - INFO:Fixing file at: /home/freqnik/git/MathNodes/cosmospy-protobuf/src/sentinel_protobuf/google/api/cloudquotas/v1beta/resources.proto
2026-01-28 21:44:48,902 - INFO:Fixed imports for resources.proto
2026-01-28 21:44:48,902 - INFO:Fixing file at: /home/freqnik/git/MathNodes/cosmospy-protobuf/src/sentinel_protobuf/google/api/cloudquotas/v1beta/quota_adjuster_settings.proto
2026-01-28 21:44:49,154 - INFO:Fixed imports for quota_adjuster_settings.proto
2026-01-28 21:44:49,154 - INFO:Fixing file at: /home/freqnik/git/MathNodes/cosmospy-protobuf/src/sentinel_protobuf/google/api/apikeys/v2/resources.proto
2026-01-28 21:44:49,390 - INFO:Fixed imports for resources.proto
2026-01-28 21:44:49,390 - INFO:Fixing file at: /home/freqnik/git/MathNodes/cosmospy-protobuf/src/sentinel_protobuf/google/api/apikeys/v2/apikeys.proto
google/api/apikeys/v2/apikeys.proto:25:1: warning: Import google/protobuf/empty.proto is unused.
2026-01-28 21:44:49,666 - INFO:Fixed imports for apikeys.proto
